<html>
<body>
<pre>
<h1>µVision Build Log</h1>
<h2>Tool Versions:</h2>
IDE-Version: µVision V5.37.0.0
Copyright (C) 2022 ARM Ltd and ARM Germany GmbH. All rights reserved.
License Information: Mariusz Lacina, Ambiq Micro, LIC=FTTBP-61PTX-W4WSU-541NP-HDEA0-BYKNV
 
Tool Versions:
Toolchain:       MDK-ARM Community  Version: 5.37.0.0
Toolchain Path:  C:\Keil_v5\ARM\ARMCLANG\Bin
C Compiler:      ArmClang.exe V6.18
Assembler:       Armasm.exe V6.18
Linker/Locator:  ArmLink.exe V6.18
Library Manager: ArmAr.exe V6.18
Hex Converter:   FromElf.exe V6.18
CPU DLL:         SARMCM3.DLL V5.37.0.0
Dialog DLL:      DCM.DLL V1.17.5.0
Target DLL:      Segger\JL2CM3.dll V2.99.42.0
Dialog DLL:      TCM.DLL V1.56.1.0
 
<h2>Project:</h2>
C:\Ambiq\SDK\simple_drivers\Apollo4\sd_card_ap4_plus\sd_card_ap4_plus.uvprojx
Project File Date:  03/19/2023

<h2>Output:</h2>
*** Using Compiler 'V6.18', folder: 'C:\Keil_v5\ARM\ARMCLANG\Bin'
Rebuild target 'sdio_ap4_plus'
assembling startup_keil.s...
compiling am_util_string.c...
compiling am_util_stdio.c...
compiling am_resources.c...
compiling am_util_delay.c...
compiling sd_card_ap4_plus.c...
compiling bsp.c...
compiling sd_card_gpio.c...
compiling sd_card.c...
compiling sdhc.c...
compiling am_hal_pin.c...
compiling am_hal_gpio.c...
compiling am_hal_card_host.c...
compiling am_hal_clkgen.c...
compiling am_hal_mcuctrl.c...
compiling am_hal_mpu.c...
compiling am_hal_card.c...
compiling am_hal_cachectrl.c...
compiling am_hal_global.c...
compiling am_hal_itm.c...
compiling am_hal_rtc.c...
compiling am_hal_dcu.c...
compiling am_hal_pwrctrl.c...
compiling am_hal_uart.c...
compiling am_hal_utils.c...
compiling am_hal_tpiu.c...
compiling am_hal_interrupt.c...
compiling am_hal_mram.c...
compiling am_hal_queue.c...
compiling am_hal_adc.c...
compiling am_hal_sdhc.c...
compiling am_hal_bootrom_helper.c...
linking...
Program Size: Code=25746 RO-data=2486 RW-data=820 ZI-data=8332  
FromELF: creating hex file...
".\Objects\sd_card_ap4_plus.axf" - 0 Error(s), 0 Warning(s).

<h2>Software Packages used:</h2>

Package Vendor: AmbiqMicro
                https://download.ambiq.com/packs/AmbiqMicro.Apollo_DFP.1.3.0.pack
                AmbiqMicro.Apollo_DFP.1.3.0
                Ambiq Apollo Series Device Support

<h2>Collection of Component include folders:</h2>
  C:/Users/mariusz.lacina/AppData/Local/Arm/Packs/AmbiqMicro/Apollo_DFP/1.3.0/Device/Include

<h2>Collection of Component Files used:</h2>
Build Time Elapsed:  00:00:04
</pre>
</body>
</html>
