Component: Arm Compiler for Embedded 6.18 Tool: armlink [5e4cc100]

==============================================================================

Section Cross References

    am_resources.o(.rodata.sGlobalAccess) refers to am_resources.o(.rodata.ui32SharedAccess) for ui32SharedAccess
    am_resources.o(.rodata.sGlobalAccess) refers to am_resources.o(.rodata.ui32MCUAllowed) for ui32MCUAllowed
    am_resources.o(.rodata.sGlobalAccess) refers to am_resources.o(.rodata.ui32DSP0Allowed) for ui32DSP0Allowed
    am_resources.o(.rodata.sGlobalAccess) refers to am_resources.o(.rodata.ui32DSP1Allowed) for ui32DSP1Allowed
    am_resources.o(.rodata.sGlobalAccess) refers to am_resources.o(SHARED_RW) for ui32MCUClaimed
    am_resources.o(.rodata.sGlobalAccess) refers to am_resources.o(SHARED_RW) for ui32DSP0Claimed
    am_resources.o(.rodata.sGlobalAccess) refers to am_resources.o(SHARED_RW) for ui32DSP1Claimed
    am_resources.o(RESOURCE_TABLE) refers to am_resources.o(.rodata.sGlobalAccess) for sGlobalAccess
    bsp.o(.text.am_bsp_low_power_init) refers to am_hal_pwrctrl.o(.text.am_hal_pwrctrl_low_power_init) for am_hal_pwrctrl_low_power_init
    bsp.o(.text.am_bsp_low_power_init) refers to am_hal_pwrctrl.o(.text.am_hal_pwrctrl_control) for am_hal_pwrctrl_control
    bsp.o(.text.am_bsp_low_power_init) refers to am_hal_rtc.o(.text.am_hal_rtc_osc_disable) for am_hal_rtc_osc_disable
    bsp.o(.ARM.exidx.text.am_bsp_low_power_init) refers to bsp.o(.text.am_bsp_low_power_init) for [Anonymous Symbol]
    bsp.o(.text.am_bsp_debug_printf_enable) refers to bsp.o(.data.g_ePrintInterface) for g_ePrintInterface
    bsp.o(.text.am_bsp_debug_printf_enable) refers to bsp.o(.text.am_bsp_itm_printf_enable) for am_bsp_itm_printf_enable
    bsp.o(.text.am_bsp_debug_printf_enable) refers to bsp.o(.text.am_bsp_uart_printf_enable) for am_bsp_uart_printf_enable
    bsp.o(.text.am_bsp_debug_printf_enable) refers to bsp.o(.text.am_bsp_buffered_uart_printf_enable) for am_bsp_buffered_uart_printf_enable
    bsp.o(.ARM.exidx.text.am_bsp_debug_printf_enable) refers to bsp.o(.text.am_bsp_debug_printf_enable) for [Anonymous Symbol]
    bsp.o(.text.am_bsp_itm_printf_enable) refers to am_hal_dcu.o(.text.am_hal_dcu_get) for am_hal_dcu_get
    bsp.o(.text.am_bsp_itm_printf_enable) refers to am_hal_dcu.o(.text.am_hal_dcu_update) for am_hal_dcu_update
    bsp.o(.text.am_bsp_itm_printf_enable) refers to bsp.o(.data.g_ePrintInterface) for g_ePrintInterface
    bsp.o(.text.am_bsp_itm_printf_enable) refers to am_hal_itm.o(.text.am_hal_itm_enable) for am_hal_itm_enable
    bsp.o(.text.am_bsp_itm_printf_enable) refers to am_hal_tpiu.o(.text.am_hal_tpiu_enable) for am_hal_tpiu_enable
    bsp.o(.text.am_bsp_itm_printf_enable) refers to bsp.o(.bss.g_AM_BSP_GPIO_ITM_SWO) for g_AM_BSP_GPIO_ITM_SWO
    bsp.o(.text.am_bsp_itm_printf_enable) refers to am_hal_gpio.o(.text.am_hal_gpio_pinconfig) for am_hal_gpio_pinconfig
    bsp.o(.text.am_bsp_itm_printf_enable) refers to am_hal_itm.o(.text.am_hal_itm_print) for am_hal_itm_print
    bsp.o(.text.am_bsp_itm_printf_enable) refers to am_util_stdio.o(.text.am_util_stdio_printf_init) for am_util_stdio_printf_init
    bsp.o(.ARM.exidx.text.am_bsp_itm_printf_enable) refers to bsp.o(.text.am_bsp_itm_printf_enable) for [Anonymous Symbol]
    bsp.o(.text.am_bsp_uart_printf_enable) refers to bsp.o(.bss.g_sCOMUART) for g_sCOMUART
    bsp.o(.text.am_bsp_uart_printf_enable) refers to am_hal_uart.o(.text.am_hal_uart_initialize) for am_hal_uart_initialize
    bsp.o(.text.am_bsp_uart_printf_enable) refers to am_hal_uart.o(.text.am_hal_uart_power_control) for am_hal_uart_power_control
    bsp.o(.text.am_bsp_uart_printf_enable) refers to bsp.o(.rodata.g_sBspUartConfig) for g_sBspUartConfig
    bsp.o(.text.am_bsp_uart_printf_enable) refers to am_hal_uart.o(.text.am_hal_uart_configure) for am_hal_uart_configure
    bsp.o(.text.am_bsp_uart_printf_enable) refers to bsp.o(.data.g_AM_BSP_GPIO_COM_UART_TX) for g_AM_BSP_GPIO_COM_UART_TX
    bsp.o(.text.am_bsp_uart_printf_enable) refers to am_hal_gpio.o(.text.am_hal_gpio_pinconfig) for am_hal_gpio_pinconfig
    bsp.o(.text.am_bsp_uart_printf_enable) refers to bsp.o(.data.g_AM_BSP_GPIO_COM_UART_RX) for g_AM_BSP_GPIO_COM_UART_RX
    bsp.o(.text.am_bsp_uart_printf_enable) refers to bsp.o(.data.g_ePrintInterface) for g_ePrintInterface
    bsp.o(.text.am_bsp_uart_printf_enable) refers to bsp.o(.text.am_bsp_uart_string_print) for am_bsp_uart_string_print
    bsp.o(.text.am_bsp_uart_printf_enable) refers to am_util_stdio.o(.text.am_util_stdio_printf_init) for am_util_stdio_printf_init
    bsp.o(.ARM.exidx.text.am_bsp_uart_printf_enable) refers to bsp.o(.text.am_bsp_uart_printf_enable) for [Anonymous Symbol]
    bsp.o(.text.am_bsp_buffered_uart_printf_enable) refers to bsp.o(.bss.g_sCOMUART) for g_sCOMUART
    bsp.o(.text.am_bsp_buffered_uart_printf_enable) refers to am_hal_uart.o(.text.am_hal_uart_initialize) for am_hal_uart_initialize
[...]
    [Anonymous Symbol]                       0x0001d61c   Section        0  sdhc.o(.text.sdhc_host_deinit)
    [Anonymous Symbol]                       0x0001d668   Section        0  sdhc.o(.text.sdhc_host_init)
    [Anonymous Symbol]                       0x0001d6bc   Section        0  sdhc.o(.text.sdhc_interrupt_service)
    sdhc_pio_xfer_data                       0x0001d6e5   Thumb Code   164  sdhc.o(.text.sdhc_pio_xfer_data)
    [Anonymous Symbol]                       0x0001d6e4   Section        0  sdhc.o(.text.sdhc_pio_xfer_data)
    sdhc_prepare_adma_table                  0x0001d789   Thumb Code   128  sdhc.o(.text.sdhc_prepare_adma_table)
    [Anonymous Symbol]                       0x0001d788   Section        0  sdhc.o(.text.sdhc_prepare_adma_table)
    sdhc_prepare_cmd                         0x0001d809   Thumb Code   164  sdhc.o(.text.sdhc_prepare_cmd)
    [Anonymous Symbol]                       0x0001d808   Section        0  sdhc.o(.text.sdhc_prepare_cmd)
    sdhc_prepare_sdhci_adma_desc             0x0001d8ad   Thumb Code    92  sdhc.o(.text.sdhc_prepare_sdhci_adma_desc)
    [Anonymous Symbol]                       0x0001d8ac   Section        0  sdhc.o(.text.sdhc_prepare_sdhci_adma_desc)
    sdhc_prepare_xfer                        0x0001d909   Thumb Code   382  sdhc.o(.text.sdhc_prepare_xfer)
    [Anonymous Symbol]                       0x0001d908   Section        0  sdhc.o(.text.sdhc_prepare_xfer)
    sdhc_sdma_xfer_data                      0x0001da89   Thumb Code    54  sdhc.o(.text.sdhc_sdma_xfer_data)
    [Anonymous Symbol]                       0x0001da88   Section        0  sdhc.o(.text.sdhc_sdma_xfer_data)
    sdhc_send_cmd                            0x0001dac1   Thumb Code   122  sdhc.o(.text.sdhc_send_cmd)
    [Anonymous Symbol]                       0x0001dac0   Section        0  sdhc.o(.text.sdhc_send_cmd)
    [Anonymous Symbol]                       0x0001db3c   Section        0  sdhc.o(.text.sdhc_set_bus_clock)
    [Anonymous Symbol]                       0x0001dc20   Section        0  sdhc.o(.text.sdhc_set_bus_voltage)
    [Anonymous Symbol]                       0x0001dca0   Section        0  sdhc.o(.text.sdhc_set_bus_width)
    sdhc_software_reset                      0x0001dce1   Thumb Code   108  sdhc.o(.text.sdhc_software_reset)
    [Anonymous Symbol]                       0x0001dce0   Section        0  sdhc.o(.text.sdhc_software_reset)
    sdhc_wait_cmd_done                       0x0001dd4d   Thumb Code   122  sdhc.o(.text.sdhc_wait_cmd_done)
    [Anonymous Symbol]                       0x0001dd4c   Section        0  sdhc.o(.text.sdhc_wait_cmd_done)
    sdhc_xfer_data                           0x0001ddc9   Thumb Code   556  sdhc.o(.text.sdhc_xfer_data)
    [Anonymous Symbol]                       0x0001ddc8   Section        0  sdhc.o(.text.sdhc_xfer_data)
    [Anonymous Symbol]                       0x0001dff4   Section        0  sd_card_gpio.o(.text.sdio_gpio_power_down)
    [Anonymous Symbol]                       0x0001e058   Section        0  sd_card_gpio.o(.text.sdio_gpio_power_up)
    simple_strlen                            0x0001e0f5   Thumb Code    54  am_util_stdio.o(.text.simple_strlen)
    [Anonymous Symbol]                       0x0001e0f4   Section        0  am_util_stdio.o(.text.simple_strlen)
    tx_queue_update                          0x0001e12d   Thumb Code   110  am_hal_uart.o(.text.tx_queue_update)
    [Anonymous Symbol]                       0x0001e12c   Section        0  am_hal_uart.o(.text.tx_queue_update)
    uint64_to_hexstr                         0x0001e19d   Thumb Code   192  am_util_stdio.o(.text.uint64_to_hexstr)
    [Anonymous Symbol]                       0x0001e19c   Section        0  am_util_stdio.o(.text.uint64_to_hexstr)
    uint64_to_str                            0x0001e25d   Thumb Code   136  am_util_stdio.o(.text.uint64_to_str)
    [Anonymous Symbol]                       0x0001e25c   Section        0  am_util_stdio.o(.text.uint64_to_str)
    [Anonymous Symbol]                       0x0001e2e4   Section        0  am_hal_uart.o(.text.write_transaction_save)
    $v0                                      0x0001e370   Number         0  d2f.o(x$fpl$d2f)
    x$fpl$d2f                                0x0001e370   Section       98  d2f.o(x$fpl$d2f)
    $v0                                      0x0001e3d2   Number         0  dnaninf.o(x$fpl$dnaninf)
    x$fpl$dnaninf                            0x0001e3d2   Section      156  dnaninf.o(x$fpl$dnaninf)
    $v0                                      0x0001e46e   Number         0  fpinit.o(x$fpl$fpinit)
    x$fpl$fpinit                             0x0001e46e   Section       26  fpinit.o(x$fpl$fpinit)
    $v0                                      0x0001e488   Number         0  fretinf.o(x$fpl$fretinf)
    x$fpl$fretinf                            0x0001e488   Section       10  fretinf.o(x$fpl$fretinf)
    .L__const.memory_config.McuMemCfg        0x0001e492   Data           6  sd_card_ap4_plus.o(.rodata..L__const.memory_config.McuMemCfg)
    x$fpl$usenofp                            0x0001e492   Section        0  usenofp.o(x$fpl$usenofp)
    .L__const.memory_config.SRAMMemCfg       0x0001e498   Data           6  sd_card_ap4_plus.o(.rodata..L__const.memory_config.SRAMMemCfg)
    g_sBspUartConfig                         0x0001e71c   Data          12  bsp.o(.rodata.g_sBspUartConfig)
    [Anonymous Symbol]                       0x0001e71c   Section        0  bsp.o(.rodata.g_sBspUartConfig)
    g_ui32DSpintbl                           0x0001e728   Data          16  am_hal_gpio.o(.rodata.g_ui32DSpintbl)
    [Anonymous Symbol]                       0x0001e728   Section        0  am_hal_gpio.o(.rodata.g_ui32DSpintbl)
    __tagsym$$used.7                         0x0001e738   Number         0  am_resources.o(.rodata.sGlobalAccess)
    .L.str.10                                0x0001e754   Data          57  sdhc.o(.rodata.str1.1)
    [Anonymous Symbol]                       0x0001e754   Section        0  sdhc.o(.rodata.str1.1)
    .L.str.1                                 0x0001e782   Data          48  sdhc.o(.rodata.str1.1)
    .L.str.7                                 0x0001e78d   Data          37  sdhc.o(.rodata.str1.1)
    .L.str.8                                 0x0001e7b2   Data          38  sdhc.o(.rodata.str1.1)
    .L__FUNCTION__.sdhc_card_busy            0x0001e7b2   Data          15  sdhc.o(.rodata.str1.1)
    .L.str.2                                 0x0001e7c1   Data          39  sdhc.o(.rodata.str1.1)
    .L.str.20                                0x0001e7d8   Data          29  sdhc.o(.rodata.str1.1)
    .L.str.19                                0x0001e7f5   Data          39  sdhc.o(.rodata.str1.1)
    .L.str.11                                0x0001e81c   Data          85  sdhc.o(.rodata.str1.1)
    .L.str.15                                0x0001e871   Data          37  sdhc.o(.rodata.str1.1)
    .L.str.16                                0x0001e896   Data          37  sdhc.o(.rodata.str1.1)
    .L.str.17                                0x0001e8bb   Data          37  sdhc.o(.rodata.str1.1)
    .L.str.14                                0x0001e8e0   Data          39  sdhc.o(.rodata.str1.1)
    .L.str.13                                0x0001e907   Data          39  sdhc.o(.rodata.str1.1)
    .L.str.12                                0x0001e92e   Data          39  sdhc.o(.rodata.str1.1)
    .L.str                                   0x0001e955   Data          46  sdhc.o(.rodata.str1.1)
    .L.str.18                                0x0001e983   Data          35  sdhc.o(.rodata.str1.1)
    .L.str.4                                 0x0001e9a6   Data          79  sdhc.o(.rodata.str1.1)
    .L.str.6                                 0x0001e9f5   Data          50  sdhc.o(.rodata.str1.1)
    .L.str.5                                 0x0001ea27   Data          49  sdhc.o(.rodata.str1.1)
    .L.str.21                                0x0001ea58   Data          51  sdhc.o(.rodata.str1.1)
    .L.str.9                                 0x0001ea8b   Data          50  sdhc.o(.rodata.str1.1)
    .L.str.3                                 0x0001eabd   Data          58  sdhc.o(.rodata.str1.1)
    .L__FUNCTION__.sdhc_check_cmd_inhibit    0x0001eaf7   Data          23  sdhc.o(.rodata.str1.1)
    .L.str.4                                 0x0001eb0e   Data          20  sd_card.o(.rodata.str1.1)
    [Anonymous Symbol]                       0x0001eb0e   Section        0  sd_card.o(.rodata.str1.1)
    .L.str.2                                 0x0001eb22   Data          27  sd_card.o(.rodata.str1.1)
    .L.str                                   0x0001eb3d   Data          27  sd_card.o(.rodata.str1.1)
    .L.str.3                                 0x0001eb58   Data          28  sd_card.o(.rodata.str1.1)
    .L.str.1                                 0x0001eb74   Data          28  sd_card.o(.rodata.str1.1)
    .L.str.5                                 0x0001eb90   Data          20  sd_card.o(.rodata.str1.1)
    .L.str.10                                0x0001eba4   Data          25  sd_card.o(.rodata.str1.1)
    .L.str.9                                 0x0001ebbd   Data          25  sd_card.o(.rodata.str1.1)
    .L.str.11                                0x0001ebd6   Data          25  sd_card.o(.rodata.str1.1)
    .L.str.15                                0x0001ebef   Data          27  sd_card.o(.rodata.str1.1)
    .L.str.13                                0x0001ec0a   Data          25  sd_card.o(.rodata.str1.1)
    .L.str.12                                0x0001ec23   Data          23  sd_card.o(.rodata.str1.1)
    .L.str.14                                0x0001ec3a   Data          25  sd_card.o(.rodata.str1.1)
    .L.str.16                                0x0001ec53   Data          31  sd_card.o(.rodata.str1.1)
    .L.str.7                                 0x0001ec72   Data          15  sd_card.o(.rodata.str1.1)
    .L.str.8                                 0x0001ec81   Data          17  sd_card.o(.rodata.str1.1)
    .L.str.6                                 0x0001ec92   Data          57  sd_card.o(.rodata.str1.1)
    .L.str.2                                 0x0001eccb   Data          28  sd_card_ap4_plus.o(.rodata.str1.1)
    [Anonymous Symbol]                       0x0001eccb   Section        0  sd_card_ap4_plus.o(.rodata.str1.1)
    .L.str.1                                 0x0001ece7   Data          29  sd_card_ap4_plus.o(.rodata.str1.1)
    .L.str                                   0x0001ed04   Data          32  sd_card_ap4_plus.o(.rodata.str1.1)
    .L.str.3                                 0x0001ed24   Data          22  sd_card_ap4_plus.o(.rodata.str1.1)
    .L.str.6                                 0x0001ed3a   Data          30  sd_card_ap4_plus.o(.rodata.str1.1)
    .L.str.7                                 0x0001ed58   Data          25  sd_card_ap4_plus.o(.rodata.str1.1)
    .L.str.8                                 0x0001ed71   Data          27  sd_card_ap4_plus.o(.rodata.str1.1)
    .L.str.5                                 0x0001ed8c   Data          29  sd_card_ap4_plus.o(.rodata.str1.1)
    .L.str.4                                 0x0001eda9   Data          29  sd_card_ap4_plus.o(.rodata.str1.1)
    __tagsym$$used.1                         0x0001edc8   Number         0  am_resources.o(.rodata.ui32DSP0Allowed)
    __tagsym$$used.2                         0x0001eddc   Number         0  am_resources.o(.rodata.ui32DSP1Allowed)
    __tagsym$$used.0                         0x0001edf0   Number         0  am_resources.o(.rodata.ui32MCUAllowed)
    __tagsym$$used.3                         0x0001ee04   Number         0  am_resources.o(.rodata.ui32SharedAccess)
    g_ePrintInterface                        0x10000020   Data           1  bsp.o(.data.g_ePrintInterface)
    [Anonymous Symbol]                       0x10000020   Section        0  bsp.o(.data.g_ePrintInterface)
    .bss                                     0x100002f8   Section       96  libspace.o(.bss)
    adma_desc_table                          0x1000035c   Data         128  sdhc.o(.bss.adma_desc_table)
    [Anonymous Symbol]                       0x1000035c   Section        0  sdhc.o(.bss.adma_desc_table)
    g_SDHCState                              0x100003e8   Data          84  am_hal_sdhc.o(.bss.g_SDHCState)
    [Anonymous Symbol]                       0x100003e8   Section        0  am_hal_sdhc.o(.bss.g_SDHCState)
    g_bBoostForCryptoApplied                 0x1000071c   Data           1  am_hal_pwrctrl.o(.bss.g_bBoostForCryptoApplied)
    [Anonymous Symbol]                       0x1000071c   Section        0  am_hal_pwrctrl.o(.bss.g_bBoostForCryptoApplied)
    g_bOrigTrimsStored                       0x1000071d   Data           1  am_hal_pwrctrl.o(.bss.g_bOrigTrimsStored)
    [Anonymous Symbol]                       0x1000071d   Section        0  am_hal_pwrctrl.o(.bss.g_bOrigTrimsStored)
    g_bTxtXlate                              0x1000071e   Data           1  am_util_stdio.o(.bss.g_bTxtXlate)
    [Anonymous Symbol]                       0x1000071e   Section        0  am_util_stdio.o(.bss.g_bTxtXlate)
    g_i32LatestLDOActTrim                    0x10000720   Data           4  am_hal_pwrctrl.o(.bss.g_i32LatestLDOActTrim)
    [Anonymous Symbol]                       0x10000720   Section        0  am_hal_pwrctrl.o(.bss.g_i32LatestLDOActTrim)
    g_i32LatestVddfActTrim                   0x10000724   Data           4  am_hal_pwrctrl.o(.bss.g_i32LatestVddfActTrim)
    [Anonymous Symbol]                       0x10000724   Section        0  am_hal_pwrctrl.o(.bss.g_i32LatestVddfActTrim)
    g_orig_ACTTRIMVDDF                       0x10000728   Data           4  am_hal_pwrctrl.o(.bss.g_orig_ACTTRIMVDDF)
    [Anonymous Symbol]                       0x10000728   Section        0  am_hal_pwrctrl.o(.bss.g_orig_ACTTRIMVDDF)
    g_orig_LPTRIMVDDF                        0x1000072c   Data           4  am_hal_pwrctrl.o(.bss.g_orig_LPTRIMVDDF)
    [Anonymous Symbol]                       0x1000072c   Section        0  am_hal_pwrctrl.o(.bss.g_orig_LPTRIMVDDF)
    g_orig_MEMLDOACTIVETRIM                  0x10000730   Data           4  am_hal_pwrctrl.o(.bss.g_orig_MEMLDOACTIVETRIM)
    [Anonymous Symbol]                       0x10000730   Section        0  am_hal_pwrctrl.o(.bss.g_orig_MEMLDOACTIVETRIM)
    g_orig_MEMLPLDOTRIM                      0x10000734   Data           4  am_hal_pwrctrl.o(.bss.g_orig_MEMLPLDOTRIM)
    [Anonymous Symbol]                       0x10000734   Section        0  am_hal_pwrctrl.o(.bss.g_orig_MEMLPLDOTRIM)
    g_orig_TVRGVREFTRIM                      0x10000738   Data           4  am_hal_pwrctrl.o(.bss.g_orig_TVRGVREFTRIM)
    [Anonymous Symbol]                       0x10000738   Section        0  am_hal_pwrctrl.o(.bss.g_orig_TVRGVREFTRIM)
    g_pfTempMeasured                         0x1000073c   Data           4  am_hal_pwrctrl.o(.bss.g_pfTempMeasured)
    [Anonymous Symbol]                       0x1000073c   Section        0  am_hal_pwrctrl.o(.bss.g_pfTempMeasured)
    g_prfbuf                                 0x10000744   Data        1024  am_util_stdio.o(.bss.g_prfbuf)
    [Anonymous Symbol]                       0x10000744   Section        0  am_util_stdio.o(.bss.g_prfbuf)
    g_sCOMUART                               0x10000b44   Data           4  bsp.o(.bss.g_sCOMUART)
    [Anonymous Symbol]                       0x10000b44   Section        0  bsp.o(.bss.g_sCOMUART)
    g_ui32VDDFAdjustCodes                    0x10000b48   Data           4  am_hal_pwrctrl.o(.bss.g_ui32VDDFAdjustCodes)
    [Anonymous Symbol]                       0x10000b48   Section        0  am_hal_pwrctrl.o(.bss.g_ui32VDDFAdjustCodes)
    pui8UartRxBuffer                         0x10000b4c   Data        1024  bsp.o(.bss.pui8UartRxBuffer)
    [Anonymous Symbol]                       0x10000b4c   Section        0  bsp.o(.bss.pui8UartRxBuffer)
    pui8UartTxBuffer                         0x10000f4c   Data        1024  bsp.o(.bss.pui8UartTxBuffer)
    [Anonymous Symbol]                       0x10000f4c   Section        0  bsp.o(.bss.pui8UartTxBuffer)
    HeapMem                                  0x10001380   Data           0  startup_keil.o(HEAP)
    StackMem                                 0x10001380   Data           0  startup_keil.o(STACK)
    HEAP                                     0x10001380   Section        0  startup_keil.o(HEAP)
    STACK                                    0x10001380   Section     4096  startup_keil.o(STACK)
    __tagsym$$used.8                         0x10060000   Number         0  am_resources.o(RESOURCE_TABLE)
    __tagsym$$used.4                         0x10060004   Number         0  am_resources.o(SHARED_RW)
    __tagsym$$used.5                         0x10060018   Number         0  am_resources.o(SHARED_RW)
    __tagsym$$used.6                         0x1006002c   Number         0  am_resources.o(SHARED_RW)

    Global Symbols

    Symbol Name                              Value     Ov Type        Size  Object(Section)

    BuildAttributes$$THM_ISAv4$E$P$D$K$B$S$7EM$VFPi3$EXTD16$VFPS$VFMA$PE$A:L22UL41UL21$X:L11$S22US41US21$IEEE1$IW$~IW$USESV6$~STKCKD$USESV7$~SHL$OSPACE$ROPI$EBA8$UX$STANDARDLIB$REQ8$PRES8$EABIv2 0x00000000   Number         0  anon$$obj.o ABSOLUTE
    __ARM_exceptions_init                     - Undefined Weak Reference
    __alloca_initialize                       - Undefined Weak Reference
    __arm_preinit_                            - Undefined Weak Reference
    __arm_relocate_pie_                       - Undefined Weak Reference
    __cpp_initialize__aeabi_                  - Undefined Weak Reference
    __cxa_finalize                            - Undefined Weak Reference
    __rt_locale                               - Undefined Weak Reference
    __sigvec_lookup                           - Undefined Weak Reference
    _atexit_init                              - Undefined Weak Reference
    _call_atexit_fns                          - Undefined Weak Reference
    _clock_init                               - Undefined Weak Reference
    _fp_trap_init                             - Undefined Weak Reference
    _fp_trap_shutdown                         - Undefined Weak Reference
    _get_lc_collate                           - Undefined Weak Reference
    _get_lc_ctype                             - Undefined Weak Reference
    _get_lc_monetary                          - Undefined Weak Reference
    _get_lc_numeric                           - Undefined Weak Reference
    _get_lc_time                              - Undefined Weak Reference
    _getenv_init                              - Undefined Weak Reference
    _handle_redirection                       - Undefined Weak Reference
    _init_alloc                               - Undefined Weak Reference
    _init_user_alloc                          - Undefined Weak Reference
    _initio                                   - Undefined Weak Reference
    _rand_init                                - Undefined Weak Reference
    _signal_finish                            - Undefined Weak Reference
    _signal_init                              - Undefined Weak Reference
    _terminate_alloc                          - Undefined Weak Reference
    _terminate_user_alloc                     - Undefined Weak Reference
    _terminateio                              - Undefined Weak Reference
    __Vectors                                0x00018000   Data           0  startup_keil.o(RESET)
    __Patchable                              0x00018190   Data           0  startup_keil.o(RESET)
    Reset_Handler                            0x00018201   Thumb Code    28  startup_keil.o(RESET)
    HardFault_Handler                        0x0001821d   Thumb Code     2  startup_keil.o(RESET)
    NMI_Handler                              0x0001821f   Thumb Code     2  startup_keil.o(RESET)
    MemManage_Handler                        0x00018221   Thumb Code     2  startup_keil.o(RESET)
    BusFault_Handler                         0x00018223   Thumb Code     2  startup_keil.o(RESET)
    UsageFault_Handler                       0x00018225   Thumb Code     2  startup_keil.o(RESET)
    SecureFault_Handler                      0x00018227   Thumb Code     2  startup_keil.o(RESET)
    SVC_Handler                              0x00018229   Thumb Code     2  startup_keil.o(RESET)
    DebugMon_Handler                         0x0001822b   Thumb Code     2  startup_keil.o(RESET)
    PendSV_Handler                           0x0001822d   Thumb Code     2  startup_keil.o(RESET)
    SysTick_Handler                          0x0001822f   Thumb Code     2  startup_keil.o(RESET)
    am_adc_isr                               0x00018231   Thumb Code     0  startup_keil.o(RESET)
    am_audadc0_isr                           0x00018231   Thumb Code     0  startup_keil.o(RESET)
    am_brownout_isr                          0x00018231   Thumb Code     0  startup_keil.o(RESET)
    am_cachecpu_isr                          0x00018231   Thumb Code     0  startup_keil.o(RESET)
    am_clkgen_isr                            0x00018231   Thumb Code     0  startup_keil.o(RESET)
    am_ctimer_isr                            0x00018231   Thumb Code     0  startup_keil.o(RESET)
    am_disp_isr                              0x00018231   Thumb Code     0  startup_keil.o(RESET)
    am_dsi_isr                               0x00018231   Thumb Code     0  startup_keil.o(RESET)
    am_dspi2s0_isr                           0x00018231   Thumb Code     0  startup_keil.o(RESET)
    am_dspi2s1_isr                           0x00018231   Thumb Code     0  startup_keil.o(RESET)
    am_dspi2s2_isr                           0x00018231   Thumb Code     0  startup_keil.o(RESET)
    am_dspi2s3_isr                           0x00018231   Thumb Code     0  startup_keil.o(RESET)
    am_gpio0_001f_isr                        0x00018231   Thumb Code     0  startup_keil.o(RESET)
    am_gpio0_203f_isr                        0x00018231   Thumb Code     0  startup_keil.o(RESET)
    am_gpio0_405f_isr                        0x00018231   Thumb Code     0  startup_keil.o(RESET)
    am_gpio0_607f_isr                        0x00018231   Thumb Code     0  startup_keil.o(RESET)
    am_gpio1_001f_isr                        0x00018231   Thumb Code     0  startup_keil.o(RESET)
    am_gpio1_203f_isr                        0x00018231   Thumb Code     0  startup_keil.o(RESET)
    am_gpio1_405f_isr                        0x00018231   Thumb Code     0  startup_keil.o(RESET)
    am_gpio1_607f_isr                        0x00018231   Thumb Code     0  startup_keil.o(RESET)
    am_gpu_isr                               0x00018231   Thumb Code     0  startup_keil.o(RESET)
    am_iomaster0_isr                         0x00018231   Thumb Code     0  startup_keil.o(RESET)
    am_iomaster1_isr                         0x00018231   Thumb Code     0  startup_keil.o(RESET)
    am_iomaster2_isr                         0x00018231   Thumb Code     0  startup_keil.o(RESET)
    am_iomaster3_isr                         0x00018231   Thumb Code     0  startup_keil.o(RESET)
    am_iomaster4_isr                         0x00018231   Thumb Code     0  startup_keil.o(RESET)
    am_iomaster5_isr                         0x00018231   Thumb Code     0  startup_keil.o(RESET)
    am_iomaster6_isr                         0x00018231   Thumb Code     0  startup_keil.o(RESET)
    am_iomaster7_isr                         0x00018231   Thumb Code     0  startup_keil.o(RESET)
    am_ioslave_acc_isr                       0x00018231   Thumb Code     0  startup_keil.o(RESET)
    am_ioslave_ios_isr                       0x00018231   Thumb Code     0  startup_keil.o(RESET)
    am_mspi0_isr                             0x00018231   Thumb Code     0  startup_keil.o(RESET)
    am_mspi1_isr                             0x00018231   Thumb Code     0  startup_keil.o(RESET)
    am_mspi2_isr                             0x00018231   Thumb Code     0  startup_keil.o(RESET)
    am_pdm0_isr                              0x00018231   Thumb Code     0  startup_keil.o(RESET)
    am_pdm1_isr                              0x00018231   Thumb Code     0  startup_keil.o(RESET)
    am_pdm2_isr                              0x00018231   Thumb Code     0  startup_keil.o(RESET)
    am_pdm3_isr                              0x00018231   Thumb Code     0  startup_keil.o(RESET)
    am_rtc_isr                               0x00018231   Thumb Code     0  startup_keil.o(RESET)
    am_stimer_cmpr0_isr                      0x00018231   Thumb Code     0  startup_keil.o(RESET)
    am_stimer_cmpr1_isr                      0x00018231   Thumb Code     0  startup_keil.o(RESET)
    am_stimer_cmpr2_isr                      0x00018231   Thumb Code     0  startup_keil.o(RESET)
    am_stimer_cmpr3_isr                      0x00018231   Thumb Code     0  startup_keil.o(RESET)
    am_stimer_cmpr4_isr                      0x00018231   Thumb Code     0  startup_keil.o(RESET)
    am_stimer_cmpr5_isr                      0x00018231   Thumb Code     0  startup_keil.o(RESET)
    am_stimer_cmpr6_isr                      0x00018231   Thumb Code     0  startup_keil.o(RESET)
    am_stimer_cmpr7_isr                      0x00018231   Thumb Code     0  startup_keil.o(RESET)
    am_stimerof_isr                          0x00018231   Thumb Code     0  startup_keil.o(RESET)
    am_timer00_isr                           0x00018231   Thumb Code     0  startup_keil.o(RESET)
    am_timer01_isr                           0x00018231   Thumb Code     0  startup_keil.o(RESET)
    am_timer02_isr                           0x00018231   Thumb Code     0  startup_keil.o(RESET)
    am_timer03_isr                           0x00018231   Thumb Code     0  startup_keil.o(RESET)
    am_timer04_isr                           0x00018231   Thumb Code     0  startup_keil.o(RESET)
    am_timer05_isr                           0x00018231   Thumb Code     0  startup_keil.o(RESET)
    am_timer06_isr                           0x00018231   Thumb Code     0  startup_keil.o(RESET)
    am_timer07_isr                           0x00018231   Thumb Code     0  startup_keil.o(RESET)
    am_timer08_isr                           0x00018231   Thumb Code     0  startup_keil.o(RESET)
    am_timer09_isr                           0x00018231   Thumb Code     0  startup_keil.o(RESET)
    am_timer10_isr                           0x00018231   Thumb Code     0  startup_keil.o(RESET)
    am_timer11_isr                           0x00018231   Thumb Code     0  startup_keil.o(RESET)
    am_timer12_isr                           0x00018231   Thumb Code     0  startup_keil.o(RESET)
    am_timer13_isr                           0x00018231   Thumb Code     0  startup_keil.o(RESET)
    am_timer14_isr                           0x00018231   Thumb Code     0  startup_keil.o(RESET)
    am_timer15_isr                           0x00018231   Thumb Code     0  startup_keil.o(RESET)
    am_uart1_isr                             0x00018231   Thumb Code     0  startup_keil.o(RESET)
    am_uart2_isr                             0x00018231   Thumb Code     0  startup_keil.o(RESET)
    am_uart3_isr                             0x00018231   Thumb Code     0  startup_keil.o(RESET)
    am_uart_isr                              0x00018231   Thumb Code     0  startup_keil.o(RESET)
    am_usb_isr                               0x00018231   Thumb Code     0  startup_keil.o(RESET)
    am_vcomp_isr                             0x00018231   Thumb Code     0  startup_keil.o(RESET)
    am_watchdog_isr                          0x00018231   Thumb Code     0  startup_keil.o(RESET)
    __main                                   0x00018239   Thumb Code     8  __main.o(!!!main)
    __scatterload                            0x00018241   Thumb Code     0  __scatter.o(!!!scatter)
    __scatterload_rt2                        0x00018241   Thumb Code    44  __scatter.o(!!!scatter)
    __scatterload_rt2_thumb_only             0x00018241   Thumb Code     0  __scatter.o(!!!scatter)
    __scatterload_null                       0x0001824f   Thumb Code     0  __scatter.o(!!!scatter)
    __decompress                             0x00018275   Thumb Code    58  __dczerorl.o(!!dczerorl)
    __decompress0                            0x00018275   Thumb Code     0  __dczerorl.o(!!dczerorl)
    __scatterload_copy                       0x000182b1   Thumb Code    26  __scatter_copy.o(!!handler_copy)
    __scatterload_zeroinit                   0x000182cd   Thumb Code    28  __scatter_zi.o(!!handler_zi)
    __rt_lib_init                            0x000182e9   Thumb Code     0  libinit.o(.ARM.Collect$$libinit$$00000000)
    __rt_lib_init_fp_1                       0x000182eb   Thumb Code     0  libinit2.o(.ARM.Collect$$libinit$$00000001)
    __rt_lib_init_alloca_1                   0x000182ef   Thumb Code     0  libinit2.o(.ARM.Collect$$libinit$$00000030)
    __rt_lib_init_argv_1                     0x000182ef   Thumb Code     0  libinit2.o(.ARM.Collect$$libinit$$0000002E)
    __rt_lib_init_atexit_1                   0x000182ef   Thumb Code     0  libinit2.o(.ARM.Collect$$libinit$$0000001D)
    __rt_lib_init_clock_1                    0x000182ef   Thumb Code     0  libinit2.o(.ARM.Collect$$libinit$$00000023)
    __rt_lib_init_cpp_1                      0x000182ef   Thumb Code     0  libinit2.o(.ARM.Collect$$libinit$$00000034)
    __rt_lib_init_exceptions_1               0x000182ef   Thumb Code     0  libinit2.o(.ARM.Collect$$libinit$$00000032)
    __rt_lib_init_fp_trap_1                  0x000182ef   Thumb Code     0  libinit2.o(.ARM.Collect$$libinit$$00000021)
    __rt_lib_init_getenv_1                   0x000182ef   Thumb Code     0  libinit2.o(.ARM.Collect$$libinit$$00000025)
    __rt_lib_init_heap_1                     0x000182ef   Thumb Code     0  libinit2.o(.ARM.Collect$$libinit$$0000000C)
    __rt_lib_init_lc_collate_1               0x000182ef   Thumb Code     0  libinit2.o(.ARM.Collect$$libinit$$00000013)
    __rt_lib_init_lc_ctype_1                 0x000182ef   Thumb Code     0  libinit2.o(.ARM.Collect$$libinit$$00000015)
    __rt_lib_init_lc_monetary_1              0x000182ef   Thumb Code     0  libinit2.o(.ARM.Collect$$libinit$$00000017)
    __rt_lib_init_lc_numeric_1               0x000182ef   Thumb Code     0  libinit2.o(.ARM.Collect$$libinit$$00000019)
    __rt_lib_init_lc_time_1                  0x000182ef   Thumb Code     0  libinit2.o(.ARM.Collect$$libinit$$0000001B)
    __rt_lib_init_preinit_1                  0x000182ef   Thumb Code     0  libinit2.o(.ARM.Collect$$libinit$$00000006)
    __rt_lib_init_rand_1                     0x000182ef   Thumb Code     0  libinit2.o(.ARM.Collect$$libinit$$00000010)
    __rt_lib_init_relocate_pie_1             0x000182ef   Thumb Code     0  libinit2.o(.ARM.Collect$$libinit$$00000004)
    __rt_lib_init_return                     0x000182ef   Thumb Code     0  libinit2.o(.ARM.Collect$$libinit$$00000035)
    __rt_lib_init_signal_1                   0x000182ef   Thumb Code     0  libinit2.o(.ARM.Collect$$libinit$$0000001F)
    __rt_lib_init_stdio_1                    0x000182ef   Thumb Code     0  libinit2.o(.ARM.Collect$$libinit$$00000027)
    __rt_lib_init_user_alloc_1               0x000182ef   Thumb Code     0  libinit2.o(.ARM.Collect$$libinit$$0000000E)
    __rt_lib_shutdown                        0x000182f1   Thumb Code     0  libshutdown.o(.ARM.Collect$$libshutdown$$00000000)
    __rt_lib_shutdown_cpp_1                  0x000182f3   Thumb Code     0  libshutdown2.o(.ARM.Collect$$libshutdown$$00000002)
    __rt_lib_shutdown_fp_trap_1              0x000182f3   Thumb Code     0  libshutdown2.o(.ARM.Collect$$libshutdown$$00000007)
    __rt_lib_shutdown_heap_1                 0x000182f3   Thumb Code     0  libshutdown2.o(.ARM.Collect$$libshutdown$$0000000F)
    __rt_lib_shutdown_return                 0x000182f3   Thumb Code     0  libshutdown2.o(.ARM.Collect$$libshutdown$$00000010)
    __rt_lib_shutdown_signal_1               0x000182f3   Thumb Code     0  libshutdown2.o(.ARM.Collect$$libshutdown$$0000000A)
    __rt_lib_shutdown_stdio_1                0x000182f3   Thumb Code     0  libshutdown2.o(.ARM.Collect$$libshutdown$$00000004)
    __rt_lib_shutdown_user_alloc_1           0x000182f3   Thumb Code     0  libshutdown2.o(.ARM.Collect$$libshutdown$$0000000C)
    __rt_entry                               0x000182f5   Thumb Code     0  __rtentry.o(.ARM.Collect$$rtentry$$00000000)
    __rt_entry_presh_1                       0x000182f5   Thumb Code     0  __rtentry2.o(.ARM.Collect$$rtentry$$00000002)
    __rt_entry_sh                            0x000182f5   Thumb Code     0  __rtentry4.o(.ARM.Collect$$rtentry$$00000004)
    __rt_entry_li                            0x000182fb   Thumb Code     0  __rtentry2.o(.ARM.Collect$$rtentry$$0000000A)
    __rt_entry_postsh_1                      0x000182fb   Thumb Code     0  __rtentry2.o(.ARM.Collect$$rtentry$$00000009)
    __rt_entry_main                          0x000182ff   Thumb Code     0  __rtentry2.o(.ARM.Collect$$rtentry$$0000000D)
    __rt_entry_postli_1                      0x000182ff   Thumb Code     0  __rtentry2.o(.ARM.Collect$$rtentry$$0000000C)
    __rt_exit                                0x00018307   Thumb Code     0  rtexit.o(.ARM.Collect$$rtexit$$00000000)
    __rt_exit_ls                             0x00018309   Thumb Code     0  rtexit2.o(.ARM.Collect$$rtexit$$00000003)
    __rt_exit_prels_1                        0x00018309   Thumb Code     0  rtexit2.o(.ARM.Collect$$rtexit$$00000002)
    __rt_exit_exit                           0x0001830d   Thumb Code     0  rtexit2.o(.ARM.Collect$$rtexit$$00000004)
    __user_initial_stackheap                 0x00018315   Thumb Code    10  startup_keil.o(.text)
    __aeabi_memclr                           0x0001832d   Thumb Code     0  rt_memclr.o(.text)
    __rt_memclr                              0x0001832d   Thumb Code     0  rt_memclr.o(.text)
    _memset                                  0x00018331   Thumb Code    64  rt_memclr.o(.text)
    __aeabi_memclr4                          0x00018371   Thumb Code     0  rt_memclr_w.o(.text)
    __aeabi_memclr8                          0x00018371   Thumb Code     0  rt_memclr_w.o(.text)
    __rt_memclr_w                            0x00018371   Thumb Code     0  rt_memclr_w.o(.text)
    _memset_w                                0x00018375   Thumb Code    74  rt_memclr_w.o(.text)
    __use_two_region_memory                  0x000183bf   Thumb Code     2  heapauxi.o(.text)
    __rt_heap_escrow$2region                 0x000183c1   Thumb Code     2  heapauxi.o(.text)
    __rt_heap_expand$2region                 0x000183c3   Thumb Code     2  heapauxi.o(.text)
    __user_setup_stackheap                   0x000183c5   Thumb Code    74  sys_stackheap_outer.o(.text)
    exit                                     0x0001840f   Thumb Code    18  exit.o(.text)
    __user_libspace                          0x00018421   Thumb Code     8  libspace.o(.text)
    __user_perproc_libspace                  0x00018421   Thumb Code     0  libspace.o(.text)
    __user_perthread_libspace                0x00018421   Thumb Code     0  libspace.o(.text)
    _sys_exit                                0x00018429   Thumb Code     8  sys_exit.o(.text)
    __I$use$semihosting                      0x00018435   Thumb Code     0  use_no_semi.o(.text)
    __use_no_semihosting_swi                 0x00018435   Thumb Code     2  use_no_semi.o(.text)
    __semihosting_library_function           0x00018437   Thumb Code     0  indicate_semi.o(.text)
    am_bsp_buffered_uart_printf_enable       0x000185d1   Thumb Code   214  bsp.o(.text.am_bsp_buffered_uart_printf_enable)
    am_bsp_debug_printf_enable               0x000186a9   Thumb Code    80  bsp.o(.text.am_bsp_debug_printf_enable)
    am_bsp_itm_printf_enable                 0x000186f9   Thumb Code   154  bsp.o(.text.am_bsp_itm_printf_enable)
    am_bsp_low_power_init                    0x00018795   Thumb Code    20  bsp.o(.text.am_bsp_low_power_init)
    am_bsp_uart_printf_enable                0x000187a9   Thumb Code   154  bsp.o(.text.am_bsp_uart_printf_enable)
    am_bsp_uart_string_print                 0x00018845   Thumb Code    96  bsp.o(.text.am_bsp_uart_string_print)
    am_hal_cachectrl_config                  0x000188f9   Thumb Code    80  am_hal_cachectrl.o(.text.am_hal_cachectrl_config)
    am_hal_cachectrl_enable                  0x00018949   Thumb Code    30  am_hal_cachectrl.o(.text.am_hal_cachectrl_enable)
    am_hal_daxi_config                       0x00018969   Thumb Code   124  am_hal_cachectrl.o(.text.am_hal_daxi_config)
    am_hal_daxi_control                      0x000189e5   Thumb Code    86  am_hal_cachectrl.o(.text.am_hal_daxi_control)
    am_hal_dcu_get                           0x00018a3d   Thumb Code    80  am_hal_dcu.o(.text.am_hal_dcu_get)
    am_hal_dcu_update                        0x00018b95   Thumb Code    88  am_hal_dcu.o(.text.am_hal_dcu_update)
    am_hal_delay_us                          0x00018bed   Thumb Code    88  am_hal_utils.o(.text.am_hal_delay_us)
    am_hal_delay_us_status_change            0x00018c45   Thumb Code    70  am_hal_utils.o(.text.am_hal_delay_us_status_change)
    am_hal_delay_us_status_check             0x00018c8d   Thumb Code   116  am_hal_utils.o(.text.am_hal_delay_us_status_check)
    am_hal_gpio_pinconfig                    0x00018d01   Thumb Code   114  am_hal_gpio.o(.text.am_hal_gpio_pinconfig)
    am_hal_interrupt_master_disable          0x00018d75   Thumb Code     8  am_hal_interrupt.o(.text.am_hal_interrupt_master_disable)
    am_hal_interrupt_master_enable           0x00018d7d   Thumb Code     8  am_hal_interrupt.o(.text.am_hal_interrupt_master_enable)
    am_hal_interrupt_master_set              0x00018d85   Thumb Code     6  am_hal_interrupt.o(.text.am_hal_interrupt_master_set)
    am_hal_itm_enable                        0x00018d8d   Thumb Code   102  am_hal_itm.o(.text.am_hal_itm_enable)
    am_hal_itm_print                         0x00018df5   Thumb Code    64  am_hal_itm.o(.text.am_hal_itm_print)
    am_hal_itm_stimulus_reg_byte_write       0x00018e35   Thumb Code    44  am_hal_itm.o(.text.am_hal_itm_stimulus_reg_byte_write)
    am_hal_mram_info_read                    0x00018e61   Thumb Code   194  am_hal_mram.o(.text.am_hal_mram_info_read)
    am_hal_pwrctrl_control                   0x00018f25   Thumb Code   534  am_hal_pwrctrl.o(.text.am_hal_pwrctrl_control)
    am_hal_pwrctrl_dsp_memory_config         0x0001913d   Thumb Code    60  am_hal_pwrctrl.o(.text.am_hal_pwrctrl_dsp_memory_config)
    am_hal_pwrctrl_low_power_init            0x00019179   Thumb Code   638  am_hal_pwrctrl.o(.text.am_hal_pwrctrl_low_power_init)
    am_hal_pwrctrl_mcu_memory_config         0x000193f9   Thumb Code   538  am_hal_pwrctrl.o(.text.am_hal_pwrctrl_mcu_memory_config)
    am_hal_pwrctrl_periph_disable            0x00019615   Thumb Code   202  am_hal_pwrctrl.o(.text.am_hal_pwrctrl_periph_disable)
    am_hal_pwrctrl_periph_enable             0x000196e1   Thumb Code   266  am_hal_pwrctrl.o(.text.am_hal_pwrctrl_periph_enable)
    am_hal_pwrctrl_periph_enabled            0x000197ed   Thumb Code    82  am_hal_pwrctrl.o(.text.am_hal_pwrctrl_periph_enabled)
    am_hal_pwrctrl_sram_config               0x00019841   Thumb Code   304  am_hal_pwrctrl.o(.text.am_hal_pwrctrl_sram_config)
    am_hal_queue_init                        0x00019971   Thumb Code    46  am_hal_queue.o(.text.am_hal_queue_init)
    am_hal_queue_item_add                    0x000199a1   Thumb Code   164  am_hal_queue.o(.text.am_hal_queue_item_add)
    am_hal_queue_item_get                    0x00019a45   Thumb Code   160  am_hal_queue.o(.text.am_hal_queue_item_get)
    am_hal_rtc_osc_disable                   0x00019ae5   Thumb Code    20  am_hal_rtc.o(.text.am_hal_rtc_osc_disable)
    am_hal_sdhc_deinitialize                 0x00019af9   Thumb Code    80  am_hal_sdhc.o(.text.am_hal_sdhc_deinitialize)
    am_hal_sdhc_disable                      0x00019b49   Thumb Code   168  am_hal_sdhc.o(.text.am_hal_sdhc_disable)
    am_hal_sdhc_initialize                   0x00019bf1   Thumb Code   136  am_hal_sdhc.o(.text.am_hal_sdhc_initialize)
    am_hal_sdhc_intr_status_disable          0x00019c79   Thumb Code   108  am_hal_sdhc.o(.text.am_hal_sdhc_intr_status_disable)
    am_hal_sdhc_power_control                0x00019ce5   Thumb Code   360  am_hal_sdhc.o(.text.am_hal_sdhc_power_control)
    am_hal_sdhc_set_bus_width                0x00019e4d   Thumb Code   178  am_hal_sdhc.o(.text.am_hal_sdhc_set_bus_width)
    am_hal_tpiu_enable                       0x00019f01   Thumb Code   152  am_hal_tpiu.o(.text.am_hal_tpiu_enable)
    am_hal_uart_buffer_configure             0x00019f99   Thumb Code   218  am_hal_uart.o(.text.am_hal_uart_buffer_configure)
    am_hal_uart_configure                    0x0001a075   Thumb Code   578  am_hal_uart.o(.text.am_hal_uart_configure)
    am_hal_uart_fifo_read                    0x0001a2b9   Thumb Code   134  am_hal_uart.o(.text.am_hal_uart_fifo_read)
    am_hal_uart_fifo_write                   0x0001a341   Thumb Code   108  am_hal_uart.o(.text.am_hal_uart_fifo_write)
    am_hal_uart_initialize                   0x0001a3ad   Thumb Code   250  am_hal_uart.o(.text.am_hal_uart_initialize)
    am_hal_uart_interrupt_clear              0x0001a4a9   Thumb Code    90  am_hal_uart.o(.text.am_hal_uart_interrupt_clear)
    am_hal_uart_power_control                0x0001a505   Thumb Code   476  am_hal_uart.o(.text.am_hal_uart_power_control)
    am_hal_uart_transfer                     0x0001a6e1   Thumb Code    90  am_hal_uart.o(.text.am_hal_uart_transfer)
    am_sdio_isr                              0x0001a73d   Thumb Code    42  sd_card.o(.text.am_sdio_isr)
    am_util_delay_ms                         0x0001a769   Thumb Code    22  am_util_delay.o(.text.am_util_delay_ms)
    am_util_delay_us                         0x0001a781   Thumb Code    16  am_util_delay.o(.text.am_util_delay_us)
    am_util_stdio_printf                     0x0001a791   Thumb Code    92  am_util_stdio.o(.text.am_util_stdio_printf)
    am_util_stdio_printf_init                0x0001a7ed   Thumb Code    20  am_util_stdio.o(.text.am_util_stdio_printf_init)
    am_util_stdio_vsprintf                   0x0001a801   Thumb Code  1620  am_util_stdio.o(.text.am_util_stdio_vsprintf)
    buck_ldo_override_init                   0x0001af4d   Thumb Code    88  am_hal_pwrctrl.o(.text.buck_ldo_override_init)
    crypto_boost_trims                       0x0001b0d9   Thumb Code   404  am_hal_pwrctrl.o(.text.crypto_boost_trims)
    main                                     0x0001bb3d   Thumb Code   596  sd_card_ap4_plus.o(.text.main)
    memory_config                            0x0001bd91   Thumb Code    84  sd_card_ap4_plus.o(.text.memory_config)
    read_transaction_save                    0x0001c2fd   Thumb Code   134  am_hal_uart.o(.text.read_transaction_save)
    sd_card_acmd41_sd_app_op_cond            0x0001c3d1   Thumb Code   350  sd_card.o(.text.sd_card_acmd41_sd_app_op_cond)
    sd_card_acmd51_send_scr                  0x0001c531   Thumb Code   202  sd_card.o(.text.sd_card_acmd51_send_scr)
    sd_card_acmd6_set_bus_width              0x0001c5fd   Thumb Code   240  sd_card.o(.text.sd_card_acmd6_set_bus_width)
    sd_card_cmd0_go_idle                     0x0001c6ed   Thumb Code    42  sd_card.o(.text.sd_card_cmd0_go_idle)
    sd_card_cmd16_set_blocklen               0x0001c719   Thumb Code    72  sd_card.o(.text.sd_card_cmd16_set_blocklen)
    sd_card_cmd17_read_single_block          0x0001c761   Thumb Code   118  sd_card.o(.text.sd_card_cmd17_read_single_block)
    sd_card_cmd24_write_single_block         0x0001c7d9   Thumb Code   112  sd_card.o(.text.sd_card_cmd24_write_single_block)
    sd_card_cmd2_all_send_cid                0x0001c849   Thumb Code   112  sd_card.o(.text.sd_card_cmd2_all_send_cid)
    sd_card_cmd3_send_rel_addr               0x0001c8b9   Thumb Code    72  sd_card.o(.text.sd_card_cmd3_send_rel_addr)
    sd_card_cmd6_switch_func                 0x0001c901   Thumb Code   124  sd_card.o(.text.sd_card_cmd6_switch_func)
    sd_card_cmd7_select_card                 0x0001c97d   Thumb Code    76  sd_card.o(.text.sd_card_cmd7_select_card)
    sd_card_cmd8_send_if_cond                0x0001c9c9   Thumb Code    78  sd_card.o(.text.sd_card_cmd8_send_if_cond)
    sd_card_cmd9_send_csd                    0x0001ca19   Thumb Code   110  sd_card.o(.text.sd_card_cmd9_send_csd)
    sd_card_csd_decode                       0x0001ca89   Thumb Code   354  sd_card.o(.text.sd_card_csd_decode)
    sd_card_event_cb                         0x0001cbed   Thumb Code   250  sd_card.o(.text.sd_card_event_cb)
    sd_card_execute_cmd                      0x0001cce9   Thumb Code    90  sd_card.o(.text.sd_card_execute_cmd)
    sd_card_host_init                        0x0001cd45   Thumb Code    80  sd_card.o(.text.sd_card_host_init)
    sd_card_init                             0x0001cd95   Thumb Code   522  sd_card.o(.text.sd_card_init)
    sd_card_read_block                       0x0001cfa1   Thumb Code    28  sd_card.o(.text.sd_card_read_block)
    sd_card_scr_get                          0x0001cfbd   Thumb Code   148  sd_card.o(.text.sd_card_scr_get)
    sd_card_write_block                      0x0001d051   Thumb Code    28  sd_card.o(.text.sd_card_write_block)
    sdhc_enable                              0x0001d1ad   Thumb Code   260  sdhc.o(.text.sdhc_enable)
    sdhc_execute_cmd                         0x0001d2b1   Thumb Code   582  sdhc.o(.text.sdhc_execute_cmd)
    sdhc_host_config                         0x0001d565   Thumb Code   182  sdhc.o(.text.sdhc_host_config)
    sdhc_host_deinit                         0x0001d61d   Thumb Code    76  sdhc.o(.text.sdhc_host_deinit)
    sdhc_host_init                           0x0001d669   Thumb Code    82  sdhc.o(.text.sdhc_host_init)
    sdhc_interrupt_service                   0x0001d6bd   Thumb Code    40  sdhc.o(.text.sdhc_interrupt_service)
    sdhc_set_bus_clock                       0x0001db3d   Thumb Code   228  sdhc.o(.text.sdhc_set_bus_clock)
    sdhc_set_bus_voltage                     0x0001dc21   Thumb Code   126  sdhc.o(.text.sdhc_set_bus_voltage)
    sdhc_set_bus_width                       0x0001dca1   Thumb Code    64  sdhc.o(.text.sdhc_set_bus_width)
    sdio_gpio_power_down                     0x0001dff5   Thumb Code    98  sd_card_gpio.o(.text.sdio_gpio_power_down)
    sdio_gpio_power_up                       0x0001e059   Thumb Code   156  sd_card_gpio.o(.text.sdio_gpio_power_up)
    write_transaction_save                   0x0001e2e5   Thumb Code   140  am_hal_uart.o(.text.write_transaction_save)
    __aeabi_d2f                              0x0001e371   Thumb Code     0  d2f.o(x$fpl$d2f)
    _d2f                                     0x0001e371   Thumb Code    98  d2f.o(x$fpl$d2f)
    __fpl_dnaninf                            0x0001e3d3   Thumb Code   156  dnaninf.o(x$fpl$dnaninf)
    _fp_init                                 0x0001e46f   Thumb Code    26  fpinit.o(x$fpl$fpinit)
    __fplib_config_fpu_vfp                   0x0001e487   Thumb Code     0  fpinit.o(x$fpl$fpinit)
    __fplib_config_pureend_doubles           0x0001e487   Thumb Code     0  fpinit.o(x$fpl$fpinit)
    __fpl_fretinf                            0x0001e489   Thumb Code    10  fretinf.o(x$fpl$fretinf)
    __I$use$fp                               0x0001e492   Number         0  usenofp.o(x$fpl$usenofp)
    am_hal_cachectrl_defaults                0x0001e49e   Data           3  am_hal_cachectrl.o(.rodata.am_hal_cachectrl_defaults)
    am_hal_daxi_defaults                     0x0001e4a1   Data           5  am_hal_cachectrl.o(.rodata.am_hal_daxi_defaults)
    am_hal_pwrctrl_peripheral_control        0x0001e4a8   Data         544  am_hal_pwrctrl.o(.rodata.am_hal_pwrctrl_peripheral_control)
    g_DefaultMcuMemCfg                       0x0001e6c8   Data           6  am_hal_pwrctrl.o(.rodata.g_DefaultMcuMemCfg)
    g_DefaultSRAMCfg                         0x0001e6ce   Data           6  am_hal_pwrctrl.o(.rodata.g_DefaultSRAMCfg)
    g_GPIO_56_SDIO_PWR                       0x0001e6d4   Data           4  sd_card_gpio.o(.rodata.g_GPIO_56_SDIO_PWR)
    g_GPIO_83_SDIO_CMD                       0x0001e6d8   Data           4  sd_card_gpio.o(.rodata.g_GPIO_83_SDIO_CMD)
    g_GPIO_84_SDIO_D0                        0x0001e6dc   Data           4  sd_card_gpio.o(.rodata.g_GPIO_84_SDIO_D0)
    g_GPIO_85_SDIO_D1                        0x0001e6e0   Data           4  sd_card_gpio.o(.rodata.g_GPIO_85_SDIO_D1)
    g_GPIO_86_SDIO_D2                        0x0001e6e4   Data           4  sd_card_gpio.o(.rodata.g_GPIO_86_SDIO_D2)
    g_GPIO_87_SDIO_D3                        0x0001e6e8   Data           4  sd_card_gpio.o(.rodata.g_GPIO_87_SDIO_D3)
    g_GPIO_88_SDIO_CLK                       0x0001e6ec   Data           4  sd_card_gpio.o(.rodata.g_GPIO_88_SDIO_CLK)
    g_GPIO_OFF                               0x0001e6f0   Data           4  sd_card_gpio.o(.rodata.g_GPIO_OFF)
    g_am_hal_bootrom_helper                  0x0001e6f4   Data          40  am_hal_bootrom_helper.o(.rodata.g_am_hal_bootrom_helper)
    sGlobalAccess                            0x0001e738   Data          28  am_resources.o(.rodata.sGlobalAccess)
    ui32DSP0Allowed                          0x0001edc8   Data          20  am_resources.o(.rodata.ui32DSP0Allowed)
    ui32DSP1Allowed                          0x0001eddc   Data          20  am_resources.o(.rodata.ui32DSP1Allowed)
    ui32MCUAllowed                           0x0001edf0   Data          20  am_resources.o(.rodata.ui32MCUAllowed)
    ui32SharedAccess                         0x0001ee04   Data          20  am_resources.o(.rodata.ui32SharedAccess)
    Region$$Table$$Base                      0x0001ee18   Number         0  anon$$obj.o(Region$$Table)
    Region$$Table$$Limit                     0x0001ee48   Number         0  anon$$obj.o(Region$$Table)
    gDaxiConfig                              0x10000000   Data           5  am_hal_cachectrl.o(.data.gDaxiConfig)
    gDcuDisable                              0x10000008   Data           8  am_hal_dcu.o(.data.gDcuDisable)
    gDcuEnable                               0x10000010   Data           8  am_hal_dcu.o(.data.gDcuEnable)
    g_AM_BSP_GPIO_COM_UART_RX                0x10000018   Data           4  bsp.o(.data.g_AM_BSP_GPIO_COM_UART_RX)
    g_AM_BSP_GPIO_COM_UART_TX                0x1000001c   Data           4  bsp.o(.data.g_AM_BSP_GPIO_COM_UART_TX)
    g_ui32TrimVer                            0x10000024   Data           4  am_hal_pwrctrl.o(.data.g_ui32TrimVer)
    g_ui32origSimobuckVDDStrim               0x10000028   Data           4  am_hal_pwrctrl.o(.data.g_ui32origSimobuckVDDStrim)
    gpDcuEnable                              0x1000002c   Data           4  am_hal_dcu.o(.data.gpDcuEnable)
    gpDcuLock                                0x10000030   Data           4  am_hal_dcu.o(.data.gpDcuLock)
    sd_card_host                             0x10000034   Data         704  sd_card.o(.data.sd_card_host)
    __libspace_start                         0x100002f8   Data          96  libspace.o(.bss)
    CMD8_error                               0x10000358   Data           1  sd_card.o(.bss.CMD8_error)
    __temporary_stack_top$libspace           0x10000358   Data           0  libspace.o(.bss)
    bAsyncReadIsDone                         0x100003dc   Data           1  sd_card.o(.bss.bAsyncReadIsDone)
    bAsyncWriteIsDone                        0x100003dd   Data           1  sd_card.o(.bss.bAsyncWriteIsDone)
    gStartOff                                0x100003e0   Data           4  am_hal_dcu.o(.bss.gStartOff)
    g_AM_BSP_GPIO_ITM_SWO                    0x100003e4   Data           4  bsp.o(.bss.g_AM_BSP_GPIO_ITM_SWO)
    g_am_hal_uart_states                     0x1000043c   Data         736  am_hal_uart.o(.bss.g_am_hal_uart_states)
    g_pfnCharPrint                           0x10000740   Data           4  am_util_stdio.o(.bss.g_pfnCharPrint)
    sd_card_csd                              0x1000134c   Data          32  sd_card.o(.bss.sd_card_csd)
    sd_card_scr                              0x1000136c   Data           9  sd_card.o(.bss.sd_card_scr)
    sd_card_status                           0x10001375   Data           4  sd_card.o(.bss.sd_card_status)
    sdhc_intstat                             0x1000137c   Data           4  sdhc.o(.bss.sdhc_intstat)
    psGlobalAccessPtr                        0x10060000   Data           4  am_resources.o(RESOURCE_TABLE)
    ui32MCUClaimed                           0x10060004   Data          20  am_resources.o(SHARED_RW)
    ui32DSP0Claimed                          0x10060018   Data          20  am_resources.o(SHARED_RW)
    ui32DSP1Claimed                          0x1006002c   Data          20  am_resources.o(SHARED_RW)



==============================================================================

Memory Map of the image

  Image Entry point : 0x00018239

  Load Region LR_1 (Base: 0x00018000, Size: 0x00007180, Max: 0xffffffff, ABSOLUTE, COMPRESSED[0x00006ec0])

    Execution Region MCU_MRAM (Exec base: 0x00018000, Load base: 0x00018000, Size: 0x00006e48, Max: 0x001e8000, ABSOLUTE)

    Exec Addr    Load Addr    Size         Type   Attr      Idx    E Section Name        Object

    0x00018000   0x00018000   0x00000238   Code   RO          235    RESET               startup_keil.o
    0x00018238   0x00018238   0x00000008   Code   RO         1104  * !!!main             c_w.l(__main.o)
    0x00018240   0x00018240   0x00000034   Code   RO         1280    !!!scatter          c_w.l(__scatter.o)
    0x00018274   0x00018274   0x0000003a   Code   RO         1278    !!dczerorl          c_w.l(__dczerorl.o)
    0x000182ae   0x000182ae   0x00000002   PAD
    0x000182b0   0x000182b0   0x0000001a   Code   RO         1106    !!handler_copy      c_w.l(__scatter_copy.o)
    0x000182ca   0x000182ca   0x00000002   PAD
    0x000182cc   0x000182cc   0x0000001c   Code   RO         1282    !!handler_zi        c_w.l(__scatter_zi.o)
    0x000182e8   0x000182e8   0x00000002   Code   RO         1140    .ARM.Collect$$libinit$$00000000  c_w.l(libinit.o)
    0x000182ea   0x000182ea   0x00000004   Code   RO         1146    .ARM.Collect$$libinit$$00000001  c_w.l(libinit2.o)
    0x000182ee   0x000182ee   0x00000000   Code   RO         1149    .ARM.Collect$$libinit$$00000004  c_w.l(libinit2.o)
    0x000182ee   0x000182ee   0x00000000   Code   RO         1151    .ARM.Collect$$libinit$$00000006  c_w.l(libinit2.o)
    0x000182ee   0x000182ee   0x00000000   Code   RO         1154    .ARM.Collect$$libinit$$0000000C  c_w.l(libinit2.o)
    0x000182ee   0x000182ee   0x00000000   Code   RO         1156    .ARM.Collect$$libinit$$0000000E  c_w.l(libinit2.o)
    0x000182ee   0x000182ee   0x00000000   Code   RO         1158    .ARM.Collect$$libinit$$00000010  c_w.l(libinit2.o)
    0x000182ee   0x000182ee   0x00000000   Code   RO         1161    .ARM.Collect$$libinit$$00000013  c_w.l(libinit2.o)
    0x000182ee   0x000182ee   0x00000000   Code   RO         1163    .ARM.Collect$$libinit$$00000015  c_w.l(libinit2.o)
    0x000182ee   0x000182ee   0x00000000   Code   RO         1165    .ARM.Collect$$libinit$$00000017  c_w.l(libinit2.o)
    0x000182ee   0x000182ee   0x00000000   Code   RO         1167    .ARM.Collect$$libinit$$00000019  c_w.l(libinit2.o)
    0x000182ee   0x000182ee   0x00000000   Code   RO         1169    .ARM.Collect$$libinit$$0000001B  c_w.l(libinit2.o)
    0x000182ee   0x000182ee   0x00000000   Code   RO         1171    .ARM.Collect$$libinit$$0000001D  c_w.l(libinit2.o)
    0x000182ee   0x000182ee   0x00000000   Code   RO         1173    .ARM.Collect$$libinit$$0000001F  c_w.l(libinit2.o)
    0x000182ee   0x000182ee   0x00000000   Code   RO         1175    .ARM.Collect$$libinit$$00000021  c_w.l(libinit2.o)
    0x000182ee   0x000182ee   0x00000000   Code   RO         1177    .ARM.Collect$$libinit$$00000023  c_w.l(libinit2.o)
    0x000182ee   0x000182ee   0x00000000   Code   RO         1179    .ARM.Collect$$libinit$$00000025  c_w.l(libinit2.o)
    0x000182ee   0x000182ee   0x00000000   Code   RO         1181    .ARM.Collect$$libinit$$00000027  c_w.l(libinit2.o)
    0x000182ee   0x000182ee   0x00000000   Code   RO         1185    .ARM.Collect$$libinit$$0000002E  c_w.l(libinit2.o)
    0x000182ee   0x000182ee   0x00000000   Code   RO         1187    .ARM.Collect$$libinit$$00000030  c_w.l(libinit2.o)
    0x000182ee   0x000182ee   0x00000000   Code   RO         1189    .ARM.Collect$$libinit$$00000032  c_w.l(libinit2.o)
    0x000182ee   0x000182ee   0x00000000   Code   RO         1191    .ARM.Collect$$libinit$$00000034  c_w.l(libinit2.o)
    0x000182ee   0x000182ee   0x00000002   Code   RO         1192    .ARM.Collect$$libinit$$00000035  c_w.l(libinit2.o)
    0x000182f0   0x000182f0   0x00000002   Code   RO         1214    .ARM.Collect$$libshutdown$$00000000  c_w.l(libshutdown.o)
    0x000182f2   0x000182f2   0x00000000   Code   RO         1229    .ARM.Collect$$libshutdown$$00000002  c_w.l(libshutdown2.o)
    0x000182f2   0x000182f2   0x00000000   Code   RO         1231    .ARM.Collect$$libshutdown$$00000004  c_w.l(libshutdown2.o)
    0x000182f2   0x000182f2   0x00000000   Code   RO         1234    .ARM.Collect$$libshutdown$$00000007  c_w.l(libshutdown2.o)
    0x000182f2   0x000182f2   0x00000000   Code   RO         1237    .ARM.Collect$$libshutdown$$0000000A  c_w.l(libshutdown2.o)
    0x000182f2   0x000182f2   0x00000000   Code   RO         1239    .ARM.Collect$$libshutdown$$0000000C  c_w.l(libshutdown2.o)
    0x000182f2   0x000182f2   0x00000000   Code   RO         1242    .ARM.Collect$$libshutdown$$0000000F  c_w.l(libshutdown2.o)
    0x000182f2   0x000182f2   0x00000002   Code   RO         1243    .ARM.Collect$$libshutdown$$00000010  c_w.l(libshutdown2.o)
    0x000182f4   0x000182f4   0x00000000   Code   RO         1110    .ARM.Collect$$rtentry$$00000000  c_w.l(__rtentry.o)
    0x000182f4   0x000182f4   0x00000000   Code   RO         1117    .ARM.Collect$$rtentry$$00000002  c_w.l(__rtentry2.o)
    0x000182f4   0x000182f4   0x00000006   Code   RO         1129    .ARM.Collect$$rtentry$$00000004  c_w.l(__rtentry4.o)
    0x000182fa   0x000182fa   0x00000000   Code   RO         1119    .ARM.Collect$$rtentry$$00000009  c_w.l(__rtentry2.o)
    0x000182fa   0x000182fa   0x00000004   Code   RO         1120    .ARM.Collect$$rtentry$$0000000A  c_w.l(__rtentry2.o)
    0x000182fe   0x000182fe   0x00000000   Code   RO         1122    .ARM.Collect$$rtentry$$0000000C  c_w.l(__rtentry2.o)
    0x000182fe   0x000182fe   0x00000008   Code   RO         1123    .ARM.Collect$$rtentry$$0000000D  c_w.l(__rtentry2.o)
    0x00018306   0x00018306   0x00000002   Code   RO         1144    .ARM.Collect$$rtexit$$00000000  c_w.l(rtexit.o)
    0x00018308   0x00018308   0x00000000   Code   RO         1194    .ARM.Collect$$rtexit$$00000002  c_w.l(rtexit2.o)
    0x00018308   0x00018308   0x00000004   Code   RO         1195    .ARM.Collect$$rtexit$$00000003  c_w.l(rtexit2.o)
    0x0001830c   0x0001830c   0x00000006   Code   RO         1196    .ARM.Collect$$rtexit$$00000004  c_w.l(rtexit2.o)
    0x00018312   0x00018312   0x00000002   PAD
    0x00018314   0x00018314   0x00000018   Code   RO          236    .text               startup_keil.o
    0x0001832c   0x0001832c   0x00000044   Code   RO         1098    .text               c_w.l(rt_memclr.o)
    0x00018370   0x00018370   0x0000004e   Code   RO         1100    .text               c_w.l(rt_memclr_w.o)
    0x000183be   0x000183be   0x00000006   Code   RO         1102    .text               c_w.l(heapauxi.o)
    0x000183c4   0x000183c4   0x0000004a   Code   RO         1131    .text               c_w.l(sys_stackheap_outer.o)
    0x0001840e   0x0001840e   0x00000012   Code   RO         1133    .text               c_w.l(exit.o)
    0x00018420   0x00018420   0x00000008   Code   RO         1141    .text               c_w.l(libspace.o)
    0x00018428   0x00018428   0x0000000c   Code   RO         1204    .text               c_w.l(sys_exit.o)
    0x00018434   0x00018434   0x00000002   Code   RO         1219    .text               c_w.l(use_no_semi.o)
    0x00018436   0x00018436   0x00000000   Code   RO         1221    .text               c_w.l(indicate_semi.o)
    0x00018436   0x00018436   0x00000002   PAD
    0x00018438   0x00018438   0x00000078   Code   RO          646    .text.TrimVersionGet  am_hal_pwrctrl.o
    0x000184b0   0x000184b0   0x00000038   Code   RO          953    .text.__NVIC_DisableIRQ  am_hal_sdhc.o
    0x000184e8   0x000184e8   0x00000030   Code   RO           38    .text.__NVIC_EnableIRQ  bsp.o
    0x00018518   0x00018518   0x00000030   Code   RO           71    .text.__NVIC_EnableIRQ  sdhc.o
    0x00018548   0x00018548   0x00000042   Code   RO           36    .text.__NVIC_SetPriority  bsp.o
    0x0001858a   0x0001858a   0x00000002   PAD
    0x0001858c   0x0001858c   0x00000042   Code   RO           69    .text.__NVIC_SetPriority  sdhc.o
    0x000185ce   0x000185ce   0x00000002   PAD
    0x000185d0   0x000185d0   0x000000d6   Code   RO           24    .text.am_bsp_buffered_uart_printf_enable  bsp.o
    0x000186a6   0x000186a6   0x00000002   PAD
    0x000186a8   0x000186a8   0x00000050   Code   RO           18    .text.am_bsp_debug_printf_enable  bsp.o
    0x000186f8   0x000186f8   0x0000009a   Code   RO           20    .text.am_bsp_itm_printf_enable  bsp.o
    0x00018792   0x00018792   0x00000002   PAD
    0x00018794   0x00018794   0x00000014   Code   RO           16    .text.am_bsp_low_power_init  bsp.o
    0x000187a8   0x000187a8   0x0000009a   Code   RO           22    .text.am_bsp_uart_printf_enable  bsp.o
    0x00018842   0x00018842   0x00000002   PAD
    0x00018844   0x00018844   0x00000060   Code   RO           34    .text.am_bsp_uart_string_print  bsp.o
    0x000188a4   0x000188a4   0x00000054   Code   RO          626    .text.am_get_pwrctrl  am_hal_pwrctrl.o
    0x000188f8   0x000188f8   0x00000050   Code   RO          564    .text.am_hal_cachectrl_config  am_hal_cachectrl.o
    0x00018948   0x00018948   0x0000001e   Code   RO          566    .text.am_hal_cachectrl_enable  am_hal_cachectrl.o
    0x00018966   0x00018966   0x00000002   PAD
    0x00018968   0x00018968   0x0000007c   Code   RO          574    .text.am_hal_daxi_config  am_hal_cachectrl.o
    0x000189e4   0x000189e4   0x00000056   Code   RO          576    .text.am_hal_daxi_control  am_hal_cachectrl.o
    0x00018a3a   0x00018a3a   0x00000002   PAD
    0x00018a3c   0x00018a3c   0x00000050   Code   RO          760    .text.am_hal_dcu_get  am_hal_dcu.o
    0x00018a8c   0x00018a8c   0x0000001e   Code   RO          762    .text.am_hal_dcu_raw_get  am_hal_dcu.o
    0x00018aaa   0x00018aaa   0x00000002   PAD
    0x00018aac   0x00018aac   0x000000e8   Code   RO          766    .text.am_hal_dcu_raw_update  am_hal_dcu.o
    0x00018b94   0x00018b94   0x00000058   Code   RO          764    .text.am_hal_dcu_update  am_hal_dcu.o
    0x00018bec   0x00018bec   0x00000058   Code   RO          878    .text.am_hal_delay_us  am_hal_utils.o
    0x00018c44   0x00018c44   0x00000046   Code   RO          880    .text.am_hal_delay_us_status_change  am_hal_utils.o
    0x00018c8a   0x00018c8a   0x00000002   PAD
    0x00018c8c   0x00018c8c   0x00000074   Code   RO          882    .text.am_hal_delay_us_status_check  am_hal_utils.o
    0x00018d00   0x00018d00   0x00000072   Code   RO          336    .text.am_hal_gpio_pinconfig  am_hal_gpio.o
    0x00018d72   0x00018d72   0x00000002   PAD
    0x00018d74   0x00018d74   0x00000008   Code   RO          908    .text.am_hal_interrupt_master_disable  am_hal_interrupt.o
    0x00018d7c   0x00018d7c   0x00000008   Code   RO          906    .text.am_hal_interrupt_master_enable  am_hal_interrupt.o
    0x00018d84   0x00018d84   0x00000006   Code   RO          910    .text.am_hal_interrupt_master_set  am_hal_interrupt.o
    0x00018d8a   0x00018d8a   0x00000002   PAD
    0x00018d8c   0x00018d8c   0x00000066   Code   RO          785    .text.am_hal_itm_enable  am_hal_itm.o
    0x00018df2   0x00018df2   0x00000002   PAD
    0x00018df4   0x00018df4   0x00000040   Code   RO          807    .text.am_hal_itm_print  am_hal_itm.o
    0x00018e34   0x00018e34   0x0000002c   Code   RO          801    .text.am_hal_itm_stimulus_reg_byte_write  am_hal_itm.o
    0x00018e60   0x00018e60   0x000000c2   Code   RO         1012    .text.am_hal_mram_info_read  am_hal_mram.o
    0x00018f22   0x00018f22   0x00000002   PAD
    0x00018f24   0x00018f24   0x00000216   Code   RO          644    .text.am_hal_pwrctrl_control  am_hal_pwrctrl.o
    0x0001913a   0x0001913a   0x00000002   PAD
    0x0001913c   0x0001913c   0x0000003c   Code   RO          610    .text.am_hal_pwrctrl_dsp_memory_config  am_hal_pwrctrl.o
    0x00019178   0x00019178   0x0000027e   Code   RO          638    .text.am_hal_pwrctrl_low_power_init  am_hal_pwrctrl.o
    0x000193f6   0x000193f6   0x00000002   PAD
    0x000193f8   0x000193f8   0x0000021a   Code   RO          600    .text.am_hal_pwrctrl_mcu_memory_config  am_hal_pwrctrl.o
    0x00019612   0x00019612   0x00000002   PAD
    0x00019614   0x00019614   0x000000ca   Code   RO          628    .text.am_hal_pwrctrl_periph_disable  am_hal_pwrctrl.o
    0x000196de   0x000196de   0x00000002   PAD
    0x000196e0   0x000196e0   0x0000010a   Code   RO          624    .text.am_hal_pwrctrl_periph_enable  am_hal_pwrctrl.o
    0x000197ea   0x000197ea   0x00000002   PAD
    0x000197ec   0x000197ec   0x00000052   Code   RO          634    .text.am_hal_pwrctrl_periph_enabled  am_hal_pwrctrl.o
    0x0001983e   0x0001983e   0x00000002   PAD
    0x00019840   0x00019840   0x00000130   Code   RO          604    .text.am_hal_pwrctrl_sram_config  am_hal_pwrctrl.o
    0x00019970   0x00019970   0x0000002e   Code   RO         1078    .text.am_hal_queue_init  am_hal_queue.o
    0x0001999e   0x0001999e   0x00000002   PAD
    0x000199a0   0x000199a0   0x000000a4   Code   RO         1080    .text.am_hal_queue_item_add  am_hal_queue.o
    0x00019a44   0x00019a44   0x000000a0   Code   RO         1082    .text.am_hal_queue_item_get  am_hal_queue.o
    0x00019ae4   0x00019ae4   0x00000014   Code   RO          709    .text.am_hal_rtc_osc_disable  am_hal_rtc.o
    0x00019af8   0x00019af8   0x00000050   Code   RO          921    .text.am_hal_sdhc_deinitialize  am_hal_sdhc.o
    0x00019b48   0x00019b48   0x000000a8   Code   RO          951    .text.am_hal_sdhc_disable  am_hal_sdhc.o
    0x00019bf0   0x00019bf0   0x00000088   Code   RO          919    .text.am_hal_sdhc_initialize  am_hal_sdhc.o
    0x00019c78   0x00019c78   0x0000006c   Code   RO          925    .text.am_hal_sdhc_intr_status_disable  am_hal_sdhc.o
    0x00019ce4   0x00019ce4   0x00000168   Code   RO          923    .text.am_hal_sdhc_power_control  am_hal_sdhc.o
    0x00019e4c   0x00019e4c   0x000000b2   Code   RO          933    .text.am_hal_sdhc_set_bus_width  am_hal_sdhc.o
    0x00019efe   0x00019efe   0x00000002   PAD
    0x00019f00   0x00019f00   0x00000098   Code   RO          895    .text.am_hal_tpiu_enable  am_hal_tpiu.o
    0x00019f98   0x00019f98   0x000000da   Code   RO          824    .text.am_hal_uart_buffer_configure  am_hal_uart.o
    0x0001a072   0x0001a072   0x00000002   PAD
    0x0001a074   0x0001a074   0x00000242   Code   RO          830    .text.am_hal_uart_configure  am_hal_uart.o
    0x0001a2b6   0x0001a2b6   0x00000002   PAD
    0x0001a2b8   0x0001a2b8   0x00000086   Code   RO          834    .text.am_hal_uart_fifo_read  am_hal_uart.o
    0x0001a33e   0x0001a33e   0x00000002   PAD
    0x0001a340   0x0001a340   0x0000006c   Code   RO          836    .text.am_hal_uart_fifo_write  am_hal_uart.o
    0x0001a3ac   0x0001a3ac   0x000000fa   Code   RO          816    .text.am_hal_uart_initialize  am_hal_uart.o
    0x0001a4a6   0x0001a4a6   0x00000002   PAD
    0x0001a4a8   0x0001a4a8   0x0000005a   Code   RO          822    .text.am_hal_uart_interrupt_clear  am_hal_uart.o
    0x0001a502   0x0001a502   0x00000002   PAD
    0x0001a504   0x0001a504   0x000001dc   Code   RO          820    .text.am_hal_uart_power_control  am_hal_uart.o
    0x0001a6e0   0x0001a6e0   0x0000005a   Code   RO          838    .text.am_hal_uart_transfer  am_hal_uart.o
    0x0001a73a   0x0001a73a   0x00000002   PAD
    0x0001a73c   0x0001a73c   0x0000002a   Code   RO          129    .text.am_sdio_isr   sd_card.o
    0x0001a766   0x0001a766   0x00000002   PAD
    0x0001a768   0x0001a768   0x00000016   Code   RO          323    .text.am_util_delay_ms  am_util_delay.o
    0x0001a77e   0x0001a77e   0x00000002   PAD
    0x0001a780   0x0001a780   0x00000010   Code   RO          325    .text.am_util_delay_us  am_util_delay.o
    0x0001a790   0x0001a790   0x0000005c   Code   RO          298    .text.am_util_stdio_printf  am_util_stdio.o
    0x0001a7ec   0x0001a7ec   0x00000014   Code   RO          270    .text.am_util_stdio_printf_init  am_util_stdio.o
    0x0001a800   0x0001a800   0x00000654   Code   RO          276    .text.am_util_stdio_vsprintf  am_util_stdio.o
    0x0001ae54   0x0001ae54   0x0000007c   Code   RO          842    .text.blocking_read  am_hal_uart.o
    0x0001aed0   0x0001aed0   0x0000007c   Code   RO          840    .text.blocking_write  am_hal_uart.o
    0x0001af4c   0x0001af4c   0x00000058   Code   RO          640    .text.buck_ldo_override_init  am_hal_pwrctrl.o
    0x0001afa4   0x0001afa4   0x00000108   Code   RO          832    .text.config_baudrate  am_hal_uart.o
    0x0001b0ac   0x0001b0ac   0x0000002a   Code   RO          770    .text.copy_words    am_hal_dcu.o
    0x0001b0d6   0x0001b0d6   0x00000002   PAD
    0x0001b0d8   0x0001b0d8   0x00000194   Code   RO          622    .text.crypto_boost_trims  am_hal_pwrctrl.o
    0x0001b26c   0x0001b26c   0x00000060   Code   RO          630    .text.crypto_quiesce  am_hal_pwrctrl.o
    0x0001b2cc   0x0001b2cc   0x0000002e   Code   RO          578    .text.daxi_flush_complete  am_hal_cachectrl.o
    0x0001b2fa   0x0001b2fa   0x00000002   PAD
    0x0001b2fc   0x0001b2fc   0x0000005a   Code   RO          580    .text.daxi_flush_invalidate  am_hal_cachectrl.o
    0x0001b356   0x0001b356   0x00000002   PAD
    0x0001b358   0x0001b358   0x000000a6   Code   RO          278    .text.decstr_to_int  am_util_stdio.o
    0x0001b3fe   0x0001b3fe   0x00000002   PAD
    0x0001b400   0x0001b400   0x00000118   Code   RO          308    .text.divu64_10     am_util_stdio.o
    0x0001b518   0x0001b518   0x00000170   Code   RO          612    .text.dsp0_memory_config  am_hal_pwrctrl.o
    0x0001b688   0x0001b688   0x00000170   Code   RO          614    .text.dsp1_memory_config  am_hal_pwrctrl.o
    0x0001b7f8   0x0001b7f8   0x00000230   Code   RO          294    .text.ftoa          am_util_stdio.o
    0x0001ba28   0x0001ba28   0x00000084   Code   RO          756    .text.get_raw_dcu_mask  am_hal_dcu.o
    0x0001baac   0x0001baac   0x0000008e   Code   RO          752    .text.get_ui32_dcu_mask  am_hal_dcu.o
    0x0001bb3a   0x0001bb3a   0x00000002   PAD
    0x0001bb3c   0x0001bb3c   0x00000254   Code   RO          202    .text.main          sd_card_ap4_plus.o
    0x0001bd90   0x0001bd90   0x00000054   Code   RO          200    .text.memory_config  sd_card_ap4_plus.o
    0x0001bde4   0x0001bde4   0x0000003e   Code   RO          284    .text.ndigits_in_hex  am_util_stdio.o
    0x0001be22   0x0001be22   0x00000002   PAD
    0x0001be24   0x0001be24   0x00000030   Code   RO          292    .text.ndigits_in_i64  am_util_stdio.o
    0x0001be54   0x0001be54   0x0000003c   Code   RO          288    .text.ndigits_in_u64  am_util_stdio.o
    0x0001be90   0x0001be90   0x00000078   Code   RO          846    .text.nonblocking_read  am_hal_uart.o
    0x0001bf08   0x0001bf08   0x00000112   Code   RO          862    .text.nonblocking_read_sm  am_hal_uart.o
    0x0001c01a   0x0001c01a   0x00000002   PAD
    0x0001c01c   0x0001c01c   0x00000074   Code   RO          844    .text.nonblocking_write  am_hal_uart.o
    0x0001c090   0x0001c090   0x00000120   Code   RO          864    .text.nonblocking_write_sm  am_hal_uart.o
    0x0001c1b0   0x0001c1b0   0x00000050   Code   RO          282    .text.padbuffer     am_util_stdio.o
    0x0001c200   0x0001c200   0x000000fc   Code   RO          632    .text.pwrctrl_periph_disable_msk_check  am_hal_pwrctrl.o
    0x0001c2fc   0x0001c2fc   0x00000086   Code   RO          828    .text.read_transaction_save  am_hal_uart.o
    0x0001c382   0x0001c382   0x00000002   PAD
    0x0001c384   0x0001c384   0x0000004c   Code   RO          866    .text.rx_queue_update  am_hal_uart.o
    0x0001c3d0   0x0001c3d0   0x0000015e   Code   RO          147    .text.sd_card_acmd41_sd_app_op_cond  sd_card.o
    0x0001c52e   0x0001c52e   0x00000002   PAD
    0x0001c530   0x0001c530   0x000000ca   Code   RO          165    .text.sd_card_acmd51_send_scr  sd_card.o
    0x0001c5fa   0x0001c5fa   0x00000002   PAD
    0x0001c5fc   0x0001c5fc   0x000000f0   Code   RO          169    .text.sd_card_acmd6_set_bus_width  sd_card.o
    0x0001c6ec   0x0001c6ec   0x0000002a   Code   RO          141    .text.sd_card_cmd0_go_idle  sd_card.o
    0x0001c716   0x0001c716   0x00000002   PAD
    0x0001c718   0x0001c718   0x00000048   Code   RO          173    .text.sd_card_cmd16_set_blocklen  sd_card.o
    0x0001c760   0x0001c760   0x00000076   Code   RO          175    .text.sd_card_cmd17_read_single_block  sd_card.o
    0x0001c7d6   0x0001c7d6   0x00000002   PAD
    0x0001c7d8   0x0001c7d8   0x00000070   Code   RO          177    .text.sd_card_cmd24_write_single_block  sd_card.o
    0x0001c848   0x0001c848   0x00000070   Code   RO          153    .text.sd_card_cmd2_all_send_cid  sd_card.o
    0x0001c8b8   0x0001c8b8   0x00000048   Code   RO          155    .text.sd_card_cmd3_send_rel_addr  sd_card.o
    0x0001c900   0x0001c900   0x0000007c   Code   RO          171    .text.sd_card_cmd6_switch_func  sd_card.o
    0x0001c97c   0x0001c97c   0x0000004c   Code   RO          159    .text.sd_card_cmd7_select_card  sd_card.o
    0x0001c9c8   0x0001c9c8   0x0000004e   Code   RO          149    .text.sd_card_cmd8_send_if_cond  sd_card.o
    0x0001ca16   0x0001ca16   0x00000002   PAD
    0x0001ca18   0x0001ca18   0x0000006e   Code   RO          157    .text.sd_card_cmd9_send_csd  sd_card.o
    0x0001ca86   0x0001ca86   0x00000002   PAD
    0x0001ca88   0x0001ca88   0x00000162   Code   RO          167    .text.sd_card_csd_decode  sd_card.o
    0x0001cbea   0x0001cbea   0x00000002   PAD
    0x0001cbec   0x0001cbec   0x000000fa   Code   RO          127    .text.sd_card_event_cb  sd_card.o
    0x0001cce6   0x0001cce6   0x00000002   PAD
    0x0001cce8   0x0001cce8   0x0000005a   Code   RO          135    .text.sd_card_execute_cmd  sd_card.o
    0x0001cd42   0x0001cd42   0x00000002   PAD
    0x0001cd44   0x0001cd44   0x00000050   Code   RO          139    .text.sd_card_host_init  sd_card.o
    0x0001cd94   0x0001cd94   0x0000020a   Code   RO          179    .text.sd_card_init  sd_card.o
    0x0001cf9e   0x0001cf9e   0x00000002   PAD
    0x0001cfa0   0x0001cfa0   0x0000001c   Code   RO          183    .text.sd_card_read_block  sd_card.o
    0x0001cfbc   0x0001cfbc   0x00000094   Code   RO          163    .text.sd_card_scr_get  sd_card.o
    0x0001d050   0x0001d050   0x0000001c   Code   RO          181    .text.sd_card_write_block  sd_card.o
    0x0001d06c   0x0001d06c   0x00000062   Code   RO          109    .text.sdhc_check_cmd_error_type  sdhc.o
    0x0001d0ce   0x0001d0ce   0x00000002   PAD
    0x0001d0d0   0x0001d0d0   0x00000076   Code   RO           99    .text.sdhc_check_cmd_inhibit  sdhc.o
    0x0001d146   0x0001d146   0x00000002   PAD
    0x0001d148   0x0001d148   0x00000064   Code   RO          115    .text.sdhc_check_data_error_type  sdhc.o
    0x0001d1ac   0x0001d1ac   0x00000104   Code   RO           65    .text.sdhc_enable   sdhc.o
    0x0001d2b0   0x0001d2b0   0x00000246   Code   RO           89    .text.sdhc_execute_cmd  sdhc.o
    0x0001d4f6   0x0001d4f6   0x00000002   PAD
    0x0001d4f8   0x0001d4f8   0x0000006c   Code   RO           95    .text.sdhc_get_cmd_response  sdhc.o
    0x0001d564   0x0001d564   0x000000b6   Code   RO           83    .text.sdhc_host_config  sdhc.o
    0x0001d61a   0x0001d61a   0x00000002   PAD
    0x0001d61c   0x0001d61c   0x0000004c   Code   RO           87    .text.sdhc_host_deinit  sdhc.o
    0x0001d668   0x0001d668   0x00000052   Code   RO           85    .text.sdhc_host_init  sdhc.o
    0x0001d6ba   0x0001d6ba   0x00000002   PAD
    0x0001d6bc   0x0001d6bc   0x00000028   Code   RO           61    .text.sdhc_interrupt_service  sdhc.o
    0x0001d6e4   0x0001d6e4   0x000000a4   Code   RO          113    .text.sdhc_pio_xfer_data  sdhc.o
    0x0001d788   0x0001d788   0x00000080   Code   RO          105    .text.sdhc_prepare_adma_table  sdhc.o
    0x0001d808   0x0001d808   0x000000a4   Code   RO          101    .text.sdhc_prepare_cmd  sdhc.o
    0x0001d8ac   0x0001d8ac   0x0000005c   Code   RO          107    .text.sdhc_prepare_sdhci_adma_desc  sdhc.o
    0x0001d908   0x0001d908   0x0000017e   Code   RO          103    .text.sdhc_prepare_xfer  sdhc.o
    0x0001da86   0x0001da86   0x00000002   PAD
    0x0001da88   0x0001da88   0x00000036   Code   RO          111    .text.sdhc_sdma_xfer_data  sdhc.o
    0x0001dabe   0x0001dabe   0x00000002   PAD
    0x0001dac0   0x0001dac0   0x0000007a   Code   RO           91    .text.sdhc_send_cmd  sdhc.o
    0x0001db3a   0x0001db3a   0x00000002   PAD
    0x0001db3c   0x0001db3c   0x000000e4   Code   RO           79    .text.sdhc_set_bus_clock  sdhc.o
    0x0001dc20   0x0001dc20   0x0000007e   Code   RO           77    .text.sdhc_set_bus_voltage  sdhc.o
    0x0001dc9e   0x0001dc9e   0x00000002   PAD
    0x0001dca0   0x0001dca0   0x00000040   Code   RO           75    .text.sdhc_set_bus_width  sdhc.o
    0x0001dce0   0x0001dce0   0x0000006c   Code   RO           67    .text.sdhc_software_reset  sdhc.o
    0x0001dd4c   0x0001dd4c   0x0000007a   Code   RO           93    .text.sdhc_wait_cmd_done  sdhc.o
    0x0001ddc6   0x0001ddc6   0x00000002   PAD
    0x0001ddc8   0x0001ddc8   0x0000022c   Code   RO           97    .text.sdhc_xfer_data  sdhc.o
    0x0001dff4   0x0001dff4   0x00000062   Code   RO          215    .text.sdio_gpio_power_down  sd_card_gpio.o
    0x0001e056   0x0001e056   0x00000002   PAD
    0x0001e058   0x0001e058   0x0000009c   Code   RO          217    .text.sdio_gpio_power_up  sd_card_gpio.o
    0x0001e0f4   0x0001e0f4   0x00000036   Code   RO          280    .text.simple_strlen  am_util_stdio.o
    0x0001e12a   0x0001e12a   0x00000002   PAD
    0x0001e12c   0x0001e12c   0x0000006e   Code   RO          868    .text.tx_queue_update  am_hal_uart.o
    0x0001e19a   0x0001e19a   0x00000002   PAD
    0x0001e19c   0x0001e19c   0x000000c0   Code   RO          286    .text.uint64_to_hexstr  am_util_stdio.o
    0x0001e25c   0x0001e25c   0x00000088   Code   RO          290    .text.uint64_to_str  am_util_stdio.o
    0x0001e2e4   0x0001e2e4   0x0000008c   Code   RO          826    .text.write_transaction_save  am_hal_uart.o
    0x0001e370   0x0001e370   0x00000062   Code   RO         1108    x$fpl$d2f           fz_wm.l(d2f.o)
    0x0001e3d2   0x0001e3d2   0x0000009c   Code   RO         1111    x$fpl$dnaninf       fz_wm.l(dnaninf.o)
    0x0001e46e   0x0001e46e   0x0000001a   Code   RO         1202    x$fpl$fpinit        fz_wm.l(fpinit.o)
    0x0001e488   0x0001e488   0x0000000a   Code   RO         1113    x$fpl$fretinf       fz_wm.l(fretinf.o)
    0x0001e492   0x0001e492   0x00000000   Code   RO         1115    x$fpl$usenofp       fz_wm.l(usenofp.o)
    0x0001e492   0x0001e492   0x00000006   Data   RO          204    .rodata..L__const.memory_config.McuMemCfg  sd_card_ap4_plus.o
    0x0001e498   0x0001e498   0x00000006   Data   RO          205    .rodata..L__const.memory_config.SRAMMemCfg  sd_card_ap4_plus.o
    0x0001e49e   0x0001e49e   0x00000003   Data   RO          586    .rodata.am_hal_cachectrl_defaults  am_hal_cachectrl.o
    0x0001e4a1   0x0001e4a1   0x00000005   Data   RO          587    .rodata.am_hal_daxi_defaults  am_hal_cachectrl.o
    0x0001e4a6   0x0001e4a6   0x00000002   PAD
    0x0001e4a8   0x0001e4a8   0x00000220   Data   RO          665    .rodata.am_hal_pwrctrl_peripheral_control  am_hal_pwrctrl.o
    0x0001e6c8   0x0001e6c8   0x00000006   Data   RO          666    .rodata.g_DefaultMcuMemCfg  am_hal_pwrctrl.o
    0x0001e6ce   0x0001e6ce   0x00000006   Data   RO          667    .rodata.g_DefaultSRAMCfg  am_hal_pwrctrl.o
    0x0001e6d4   0x0001e6d4   0x00000004   Data   RO          219    .rodata.g_GPIO_56_SDIO_PWR  sd_card_gpio.o
    0x0001e6d8   0x0001e6d8   0x00000004   Data   RO          225    .rodata.g_GPIO_83_SDIO_CMD  sd_card_gpio.o
    0x0001e6dc   0x0001e6dc   0x00000004   Data   RO          220    .rodata.g_GPIO_84_SDIO_D0  sd_card_gpio.o
    0x0001e6e0   0x0001e6e0   0x00000004   Data   RO          221    .rodata.g_GPIO_85_SDIO_D1  sd_card_gpio.o
    0x0001e6e4   0x0001e6e4   0x00000004   Data   RO          222    .rodata.g_GPIO_86_SDIO_D2  sd_card_gpio.o
    0x0001e6e8   0x0001e6e8   0x00000004   Data   RO          223    .rodata.g_GPIO_87_SDIO_D3  sd_card_gpio.o
    0x0001e6ec   0x0001e6ec   0x00000004   Data   RO          224    .rodata.g_GPIO_88_SDIO_CLK  sd_card_gpio.o
    0x0001e6f0   0x0001e6f0   0x00000004   Data   RO          226    .rodata.g_GPIO_OFF  sd_card_gpio.o
    0x0001e6f4   0x0001e6f4   0x00000028   Data   RO         1091    .rodata.g_am_hal_bootrom_helper  am_hal_bootrom_helper.o
    0x0001e71c   0x0001e71c   0x0000000c   Data   RO           51    .rodata.g_sBspUartConfig  bsp.o
    0x0001e728   0x0001e728   0x00000010   Data   RO          370    .rodata.g_ui32DSpintbl  am_hal_gpio.o
    0x0001e738   0x0001e738   0x0000001c   Data   RO            9    .rodata.sGlobalAccess  am_resources.o
    0x0001e754   0x0001e754   0x000003ba   Data   RO          118    .rodata.str1.1      sdhc.o
    0x0001eb0e   0x0001eb0e   0x000001bd   Data   RO          191    .rodata.str1.1      sd_card.o
    0x0001eccb   0x0001eccb   0x000000fb   Data   RO          206    .rodata.str1.1      sd_card_ap4_plus.o
    0x0001edc6   0x0001edc6   0x00000002   PAD
    0x0001edc8   0x0001edc8   0x00000014   Data   RO            3    .rodata.ui32DSP0Allowed  am_resources.o
    0x0001eddc   0x0001eddc   0x00000014   Data   RO            4    .rodata.ui32DSP1Allowed  am_resources.o
    0x0001edf0   0x0001edf0   0x00000014   Data   RO            2    .rodata.ui32MCUAllowed  am_resources.o
    0x0001ee04   0x0001ee04   0x00000014   Data   RO            5    .rodata.ui32SharedAccess  am_resources.o
    0x0001ee18   0x0001ee18   0x00000030   Data   RO         1277    Region$$Table       anon$$obj.o


    Execution Region MCU_TCM (Exec base: 0x10000000, Load base: 0x0001ee48, Size: 0x00002380, Max: 0x00060000, ABSOLUTE, COMPRESSED[0x00000038])

    Exec Addr    Load Addr    Size         Type   Attr      Idx    E Section Name        Object

    0x10000000   COMPRESSED   0x00000005   Data   RW          588    .data.gDaxiConfig   am_hal_cachectrl.o
    0x10000005   COMPRESSED   0x00000003   PAD
    0x10000008   COMPRESSED   0x00000008   Data   RW          775    .data.gDcuDisable   am_hal_dcu.o
    0x10000010   COMPRESSED   0x00000008   Data   RW          774    .data.gDcuEnable    am_hal_dcu.o
    0x10000018   COMPRESSED   0x00000004   Data   RW           46    .data.g_AM_BSP_GPIO_COM_UART_RX  bsp.o
    0x1000001c   COMPRESSED   0x00000004   Data   RW           45    .data.g_AM_BSP_GPIO_COM_UART_TX  bsp.o
    0x10000020   COMPRESSED   0x00000001   Data   RW           49    .data.g_ePrintInterface  bsp.o
    0x10000021   COMPRESSED   0x00000003   PAD
    0x10000024   COMPRESSED   0x00000004   Data   RW          663    .data.g_ui32TrimVer  am_hal_pwrctrl.o
    0x10000028   COMPRESSED   0x00000004   Data   RW          664    .data.g_ui32origSimobuckVDDStrim  am_hal_pwrctrl.o
    0x1000002c   COMPRESSED   0x00000004   Data   RW          776    .data.gpDcuEnable   am_hal_dcu.o
    0x10000030   COMPRESSED   0x00000004   Data   RW          777    .data.gpDcuLock     am_hal_dcu.o
    0x10000034   COMPRESSED   0x000002c0   Data   RW          185    .data.sd_card_host  sd_card.o
    0x100002f4   COMPRESSED   0x00000004   PAD
    0x100002f8        -       0x00000060   Zero   RW         1142    .bss                c_w.l(libspace.o)
    0x10000358        -       0x00000001   Zero   RW          192    .bss.CMD8_error     sd_card.o
    0x10000359   COMPRESSED   0x00000003   PAD
    0x1000035c        -       0x00000080   Zero   RW          119    .bss.adma_desc_table  sdhc.o
    0x100003dc        -       0x00000001   Zero   RW          190    .bss.bAsyncReadIsDone  sd_card.o
    0x100003dd        -       0x00000001   Zero   RW          189    .bss.bAsyncWriteIsDone  sd_card.o
    0x100003de   COMPRESSED   0x00000002   PAD
    0x100003e0        -       0x00000004   Zero   RW          772    .bss.gStartOff      am_hal_dcu.o
    0x100003e4        -       0x00000004   Zero   RW           44    .bss.g_AM_BSP_GPIO_ITM_SWO  bsp.o
    0x100003e8        -       0x00000054   Zero   RW          995    .bss.g_SDHCState    am_hal_sdhc.o
    0x1000043c        -       0x000002e0   Zero   RW          870    .bss.g_am_hal_uart_states  am_hal_uart.o
    0x1000071c        -       0x00000001   Zero   RW          669    .bss.g_bBoostForCryptoApplied  am_hal_pwrctrl.o
    0x1000071d        -       0x00000001   Zero   RW          673    .bss.g_bOrigTrimsStored  am_hal_pwrctrl.o
    0x1000071e        -       0x00000001   Zero   RW          311    .bss.g_bTxtXlate    am_util_stdio.o
    0x1000071f   COMPRESSED   0x00000001   PAD
    0x10000720        -       0x00000004   Zero   RW          671    .bss.g_i32LatestLDOActTrim  am_hal_pwrctrl.o
    0x10000724        -       0x00000004   Zero   RW          670    .bss.g_i32LatestVddfActTrim  am_hal_pwrctrl.o
    0x10000728        -       0x00000004   Zero   RW          674    .bss.g_orig_ACTTRIMVDDF  am_hal_pwrctrl.o
    0x1000072c        -       0x00000004   Zero   RW          676    .bss.g_orig_LPTRIMVDDF  am_hal_pwrctrl.o
    0x10000730        -       0x00000004   Zero   RW          675    .bss.g_orig_MEMLDOACTIVETRIM  am_hal_pwrctrl.o
    0x10000734        -       0x00000004   Zero   RW          677    .bss.g_orig_MEMLPLDOTRIM  am_hal_pwrctrl.o
    0x10000738        -       0x00000004   Zero   RW          678    .bss.g_orig_TVRGVREFTRIM  am_hal_pwrctrl.o
    0x1000073c        -       0x00000004   Zero   RW          679    .bss.g_pfTempMeasured  am_hal_pwrctrl.o
    0x10000740        -       0x00000004   Zero   RW          310    .bss.g_pfnCharPrint  am_util_stdio.o
    0x10000744        -       0x00000400   Zero   RW          312    .bss.g_prfbuf       am_util_stdio.o
    0x10000b44        -       0x00000004   Zero   RW           50    .bss.g_sCOMUART     bsp.o
    0x10000b48        -       0x00000004   Zero   RW          672    .bss.g_ui32VDDFAdjustCodes  am_hal_pwrctrl.o
    0x10000b4c        -       0x00000400   Zero   RW           53    .bss.pui8UartRxBuffer  bsp.o
    0x10000f4c        -       0x00000400   Zero   RW           52    .bss.pui8UartTxBuffer  bsp.o
    0x1000134c        -       0x00000020   Zero   RW          187    .bss.sd_card_csd    sd_card.o
    0x1000136c        -       0x00000009   Zero   RW          188    .bss.sd_card_scr    sd_card.o
    0x10001375        -       0x00000004   Zero   RW          186    .bss.sd_card_status  sd_card.o
    0x10001379   COMPRESSED   0x00000003   PAD
    0x1000137c        -       0x00000004   Zero   RW          117    .bss.sdhc_intstat   sdhc.o
    0x10001380        -       0x00000000   Zero   RW          234    HEAP                startup_keil.o
    0x10001380        -       0x00001000   Zero   RW          233    STACK               startup_keil.o


    Execution Region SHARED_SRAM (Exec base: 0x10060000, Load base: 0x0001ee80, Size: 0x00000040, Max: 0x00100000, ABSOLUTE)

    Exec Addr    Load Addr    Size         Type   Attr      Idx    E Section Name        Object

    0x10060000   0x0001ee80   0x00000004   Data   RW           10    RESOURCE_TABLE      am_resources.o
    0x10060004   0x0001ee84   0x00000014   Data   RW            6    SHARED_RW           am_resources.o
    0x10060018   0x0001ee98   0x00000014   Data   RW            7    SHARED_RW           am_resources.o
    0x1006002c   0x0001eeac   0x00000014   Data   RW            8    SHARED_RW           am_resources.o


==============================================================================

Image component sizes


      Code (inc. data)   RO Data    RW Data    ZI Data      Debug   Object Name

         0          0         40          0          0       1167   am_hal_bootrom_helper.o
       456          4          8          5          0      10076   am_hal_cachectrl.o
       746          0          0         24          4      67515   am_hal_dcu.o
       114          0         16          0          0     139884   am_hal_gpio.o
        22          0          0          0          0        782   am_hal_interrupt.o
       210          0          0          0          0      20584   am_hal_itm.o
       194          0          0          0          0       2035   am_hal_mram.o
      4404         18        556          8         38      90076   am_hal_pwrctrl.o
       370          0          0          0          0       1966   am_hal_queue.o
        20          0          0          0          0      11299   am_hal_rtc.o
      1086          0          0          0         84     159363   am_hal_sdhc.o
       152          0          0          0          0      18374   am_hal_tpiu.o
      3714         10          0          0        736      18033   am_hal_uart.o
       274          0          0          0          0      17521   am_hal_utils.o
         0          0        108         64          0       1082   am_resources.o
        38          0          0          0          0        850   am_util_delay.o
      3370        102          0          0       1029       8589   am_util_stdio.o
       832          0         12          9       2056      57135   bsp.o
      3250          0        445        704         48      26493   sd_card.o
       680          0        263          0          0       3173   sd_card_ap4_plus.o
       254          0         32          0          0     113679   sd_card_gpio.o
      4070          0        954          0        132     155019   sdhc.o
       592        532          0          0       4096       1280   startup_keil.o

    ----------------------------------------------------------------------
     24968        666       2486        820       8236     925975   Object Totals
         0          0         48          0          0          0   (incl. Generated)
       120          0          4          6         13          0   (incl. Padding)

    ----------------------------------------------------------------------

      Code (inc. data)   RO Data    RW Data    ZI Data      Debug   Library Member Name

        58          0          0          0          0          0   __dczerorl.o
         8          0          0          0          0         68   __main.o
         0          0          0          0          0          0   __rtentry.o
        12          0          0          0          0          0   __rtentry2.o
         6          0          0          0          0          0   __rtentry4.o
        52          8          0          0          0          0   __scatter.o
        26          0          0          0          0         68   __scatter_copy.o
        28          0          0          0          0          0   __scatter_zi.o
        18          0          0          0          0         80   exit.o
         6          0          0          0          0        152   heapauxi.o
         0          0          0          0          0          0   indicate_semi.o
         2          0          0          0          0          0   libinit.o
         6          0          0          0          0          0   libinit2.o
         2          0          0          0          0          0   libshutdown.o
         2          0          0          0          0          0   libshutdown2.o
         8          4          0          0         96         68   libspace.o
        68          0          0          0          0         68   rt_memclr.o
        78          0          0          0          0         80   rt_memclr_w.o
         2          0          0          0          0          0   rtexit.o
        10          0          0          0          0          0   rtexit2.o
        12          4          0          0          0         68   sys_exit.o
        74          0          0          0          0         80   sys_stackheap_outer.o
         2          0          0          0          0         68   use_no_semi.o
        98          4          0          0          0        140   d2f.o
       156          4          0          0          0        140   dnaninf.o
        26          0          0          0          0        116   fpinit.o
        10          0          0          0          0        116   fretinf.o
         0          0          0          0          0          0   usenofp.o

    ----------------------------------------------------------------------
       778         24          0          0         96       1312   Library Totals
         8          0          0          0          0          0   (incl. Padding)

    ----------------------------------------------------------------------

      Code (inc. data)   RO Data    RW Data    ZI Data      Debug   Library Name

       480         16          0          0         96        800   c_w.l
       290          8          0          0          0        512   fz_wm.l

    ----------------------------------------------------------------------
       778         24          0          0         96       1312   Library Totals

    ----------------------------------------------------------------------

==============================================================================


      Code (inc. data)   RO Data    RW Data    ZI Data      Debug   

     25746        690       2486        820       8332     926195   Grand Totals
     25746        690       2486        120       8332     926195   ELF Image Totals (compressed)
     25746        690       2486        120          0          0   ROM Totals

==============================================================================

    Total RO  Size (Code + RO Data)                28232 (  27.57kB)
    Total RW  Size (RW Data + ZI Data)              9152 (   8.94kB)
    Total ROM Size (Code + RO Data + RW Data)      28352 (  27.69kB)

==============================================================================

