Component: Arm Compiler for Embedded 6.19 Tool: armlink [5e73cb00]

==============================================================================

Section Cross References

    am_resources.o(.rodata.sGlobalAccess) refers to am_resources.o(.rodata.ui32SharedAccess) for ui32SharedAccess
    am_resources.o(.rodata.sGlobalAccess) refers to am_resources.o(.rodata.ui32MCUAllowed) for ui32MCUAllowed
    am_resources.o(.rodata.sGlobalAccess) refers to am_resources.o(.rodata.ui32DSP0Allowed) for ui32DSP0Allowed
    am_resources.o(.rodata.sGlobalAccess) refers to am_resources.o(.rodata.ui32DSP1Allowed) for ui32DSP1Allowed
    am_resources.o(.rodata.sGlobalAccess) refers to am_resources.o(SHARED_RW) for ui32MCUClaimed
    am_resources.o(RESOURCE_TABLE) refers to am_resources.o(.rodata.sGlobalAccess) for sGlobalAccess
    sdio_ap4_plus.o(.text.memory_config) refers to am_hal_pwrctrl.o(.text.am_hal_pwrctrl_mcu_memory_config) for am_hal_pwrctrl_mcu_memory_config
    sdio_ap4_plus.o(.text.memory_config) refers to am_hal_pwrctrl.o(.text.am_hal_pwrctrl_sram_config) for am_hal_pwrctrl_sram_config
    sdio_ap4_plus.o(.text.memory_config) refers to am_hal_pwrctrl.o(.text.am_hal_pwrctrl_dsp_memory_config) for am_hal_pwrctrl_dsp_memory_config
    sdio_ap4_plus.o(.ARM.exidx.text.memory_config) refers to sdio_ap4_plus.o(.text.memory_config) for [Anonymous Symbol]
    sdio_ap4_plus.o(.text.main) refers to am_hal_cachectrl.o(.rodata.am_hal_cachectrl_defaults) for am_hal_cachectrl_defaults
    sdio_ap4_plus.o(.text.main) refers to am_hal_cachectrl.o(.text.am_hal_cachectrl_config) for am_hal_cachectrl_config
    sdio_ap4_plus.o(.text.main) refers to am_hal_cachectrl.o(.text.am_hal_cachectrl_enable) for am_hal_cachectrl_enable
    sdio_ap4_plus.o(.text.main) refers to bsp.o(.text.am_bsp_low_power_init) for am_bsp_low_power_init
    sdio_ap4_plus.o(.text.main) refers to sdio_ap4_plus.o(.text.memory_config) for memory_config
    sdio_ap4_plus.o(.text.main) refers to sdio_gpio.o(.text.sdio_gpio_power_up) for sdio_gpio_power_up
    sdio_ap4_plus.o(.text.main) refers to am_hal_interrupt.o(.text.am_hal_interrupt_master_enable) for am_hal_interrupt_master_enable
    sdio_ap4_plus.o(.text.main) refers to bsp.o(.text.am_bsp_debug_printf_enable) for am_bsp_debug_printf_enable
    sdio_ap4_plus.o(.text.main) refers to sdio.o(.data.sd_card_host) for sd_card_host
    sdio_ap4_plus.o(.text.main) refers to sdio.o(.text.sdio_card_host_init) for sdio_card_host_init
    sdio_ap4_plus.o(.text.main) refers to am_util_delay.o(.text.am_util_delay_ms) for am_util_delay_ms
    sdio_ap4_plus.o(.text.main) refers to sdio_ap4_plus.o(.rodata.str1.1) for .L.str
    sdio_ap4_plus.o(.text.main) refers to am_util_stdio.o(.text.am_util_stdio_printf) for am_util_stdio_printf
    sdio_ap4_plus.o(.text.main) refers to sdio.o(.text.sdio_card_init) for sdio_card_init
    sdio_ap4_plus.o(.text.main) refers to rt_memclr.o(.text) for __aeabi_memclr
    sdio_ap4_plus.o(.text.main) refers to sdio.o(.text.sdio_write_block) for sdio_write_block
    sdio_ap4_plus.o(.text.main) refers to sdio.o(.text.sdio_read_block) for sdio_read_block
    sdio_ap4_plus.o(.text.main) refers to sdio_gpio.o(.text.sdio_gpio_power_down) for sdio_gpio_power_down
    sdio_ap4_plus.o(.ARM.exidx.text.main) refers to sdio_ap4_plus.o(.text.main) for [Anonymous Symbol]
    bsp.o(.text.am_bsp_low_power_init) refers to am_hal_pwrctrl.o(.text.am_hal_pwrctrl_low_power_init) for am_hal_pwrctrl_low_power_init
    bsp.o(.text.am_bsp_low_power_init) refers to am_hal_pwrctrl.o(.text.am_hal_pwrctrl_control) for am_hal_pwrctrl_control
    bsp.o(.text.am_bsp_low_power_init) refers to am_hal_rtc.o(.text.am_hal_rtc_osc_disable) for am_hal_rtc_osc_disable
    bsp.o(.ARM.exidx.text.am_bsp_low_power_init) refers to bsp.o(.text.am_bsp_low_power_init) for [Anonymous Symbol]
    bsp.o(.text.am_bsp_debug_printf_enable) refers to bsp.o(.data.g_ePrintInterface) for g_ePrintInterface
    bsp.o(.text.am_bsp_debug_printf_enable) refers to bsp.o(.text.am_bsp_itm_printf_enable) for am_bsp_itm_printf_enable
    bsp.o(.text.am_bsp_debug_printf_enable) refers to bsp.o(.text.am_bsp_uart_printf_enable) for am_bsp_uart_printf_enable
    bsp.o(.text.am_bsp_debug_printf_enable) refers to bsp.o(.text.am_bsp_buffered_uart_printf_enable) for am_bsp_buffered_uart_printf_enable
    bsp.o(.ARM.exidx.text.am_bsp_debug_printf_enable) refers to bsp.o(.text.am_bsp_debug_printf_enable) for [Anonymous Symbol]
    bsp.o(.text.am_bsp_itm_printf_enable) refers to am_hal_dcu.o(.text.am_hal_dcu_get) for am_hal_dcu_get
    bsp.o(.text.am_bsp_itm_printf_enable) refers to am_hal_dcu.o(.text.am_hal_dcu_update) for am_hal_dcu_update
    bsp.o(.text.am_bsp_itm_printf_enable) refers to bsp.o(.data.g_ePrintInterface) for g_ePrintInterface
    bsp.o(.text.am_bsp_itm_printf_enable) refers to am_hal_itm.o(.text.am_hal_itm_enable) for am_hal_itm_enable
    bsp.o(.text.am_bsp_itm_printf_enable) refers to am_hal_tpiu.o(.text.am_hal_tpiu_enable) for am_hal_tpiu_enable
[...]
    sdhc_prepare_xfer                        0x0001ce39   Thumb Code   382  sdhc.o(.text.sdhc_prepare_xfer)
    [Anonymous Symbol]                       0x0001ce38   Section        0  sdhc.o(.text.sdhc_prepare_xfer)
    sdhc_sdma_xfer_data                      0x0001cfb9   Thumb Code    54  sdhc.o(.text.sdhc_sdma_xfer_data)
    [Anonymous Symbol]                       0x0001cfb8   Section        0  sdhc.o(.text.sdhc_sdma_xfer_data)
    sdhc_send_cmd                            0x0001cff1   Thumb Code   122  sdhc.o(.text.sdhc_send_cmd)
    [Anonymous Symbol]                       0x0001cff0   Section        0  sdhc.o(.text.sdhc_send_cmd)
    [Anonymous Symbol]                       0x0001d06c   Section        0  sdhc.o(.text.sdhc_set_bus_clock)
    [Anonymous Symbol]                       0x0001d150   Section        0  sdhc.o(.text.sdhc_set_bus_voltage)
    [Anonymous Symbol]                       0x0001d1d0   Section        0  sdhc.o(.text.sdhc_set_bus_width)
    sdhc_software_reset                      0x0001d211   Thumb Code   108  sdhc.o(.text.sdhc_software_reset)
    [Anonymous Symbol]                       0x0001d210   Section        0  sdhc.o(.text.sdhc_software_reset)
    sdhc_wait_cmd_done                       0x0001d27d   Thumb Code   122  sdhc.o(.text.sdhc_wait_cmd_done)
    [Anonymous Symbol]                       0x0001d27c   Section        0  sdhc.o(.text.sdhc_wait_cmd_done)
    sdhc_xfer_data                           0x0001d2f9   Thumb Code   544  sdhc.o(.text.sdhc_xfer_data)
    [Anonymous Symbol]                       0x0001d2f8   Section        0  sdhc.o(.text.sdhc_xfer_data)
    [Anonymous Symbol]                       0x0001d518   Section        0  sdio.o(.text.sdio_acmd41_sd_app_op_cond)
    [Anonymous Symbol]                       0x0001d678   Section        0  sdio.o(.text.sdio_acmd51_send_scr)
    [Anonymous Symbol]                       0x0001d744   Section        0  sdio.o(.text.sdio_acmd6_set_bus_width)
    [Anonymous Symbol]                       0x0001d834   Section        0  sdio.o(.text.sdio_card_host_init)
    [Anonymous Symbol]                       0x0001d884   Section        0  sdio.o(.text.sdio_card_init)
    [Anonymous Symbol]                       0x0001da90   Section        0  sdio.o(.text.sdio_cmd0_go_idle)
    [Anonymous Symbol]                       0x0001dabc   Section        0  sdio.o(.text.sdio_cmd16_set_blocklen)
    [Anonymous Symbol]                       0x0001db04   Section        0  sdio.o(.text.sdio_cmd17_read_single_block)
    [Anonymous Symbol]                       0x0001db7c   Section        0  sdio.o(.text.sdio_cmd24_write_single_block)
    [Anonymous Symbol]                       0x0001dbec   Section        0  sdio.o(.text.sdio_cmd2_all_send_cid)
    [Anonymous Symbol]                       0x0001dc5c   Section        0  sdio.o(.text.sdio_cmd3_send_rel_addr)
    [Anonymous Symbol]                       0x0001dca4   Section        0  sdio.o(.text.sdio_cmd6_switch_func)
    [Anonymous Symbol]                       0x0001dd20   Section        0  sdio.o(.text.sdio_cmd7_select_card)
    [Anonymous Symbol]                       0x0001dd6c   Section        0  sdio.o(.text.sdio_cmd8_send_if_cond)
    [Anonymous Symbol]                       0x0001ddbc   Section        0  sdio.o(.text.sdio_cmd9_send_csd)
    [Anonymous Symbol]                       0x0001de2c   Section        0  sdio.o(.text.sdio_csd_decode)
    [Anonymous Symbol]                       0x0001df90   Section        0  sdio.o(.text.sdio_event_cb)
    [Anonymous Symbol]                       0x0001e08c   Section        0  sdio.o(.text.sdio_execute_cmd)
    [Anonymous Symbol]                       0x0001e0e8   Section        0  sdio_gpio.o(.text.sdio_gpio_power_down)
    [Anonymous Symbol]                       0x0001e14c   Section        0  sdio_gpio.o(.text.sdio_gpio_power_up)
    [Anonymous Symbol]                       0x0001e1e8   Section        0  sdio.o(.text.sdio_read_block)
    [Anonymous Symbol]                       0x0001e204   Section        0  sdio.o(.text.sdio_scr_get)
    [Anonymous Symbol]                       0x0001e298   Section        0  sdio.o(.text.sdio_write_block)
    simple_strlen                            0x0001e2b5   Thumb Code    54  am_util_stdio.o(.text.simple_strlen)
    [Anonymous Symbol]                       0x0001e2b4   Section        0  am_util_stdio.o(.text.simple_strlen)
    tx_queue_update                          0x0001e2ed   Thumb Code   110  am_hal_uart.o(.text.tx_queue_update)
    [Anonymous Symbol]                       0x0001e2ec   Section        0  am_hal_uart.o(.text.tx_queue_update)
    uint64_to_hexstr                         0x0001e35d   Thumb Code   192  am_util_stdio.o(.text.uint64_to_hexstr)
    [Anonymous Symbol]                       0x0001e35c   Section        0  am_util_stdio.o(.text.uint64_to_hexstr)
    uint64_to_str                            0x0001e41d   Thumb Code   136  am_util_stdio.o(.text.uint64_to_str)
    [Anonymous Symbol]                       0x0001e41c   Section        0  am_util_stdio.o(.text.uint64_to_str)
    [Anonymous Symbol]                       0x0001e4a4   Section        0  am_hal_uart.o(.text.write_transaction_save)
    $v0                                      0x0001e530   Number         0  d2f.o(x$fpl$d2f)
    x$fpl$d2f                                0x0001e530   Section       98  d2f.o(x$fpl$d2f)
    $v0                                      0x0001e592   Number         0  dnaninf.o(x$fpl$dnaninf)
    x$fpl$dnaninf                            0x0001e592   Section      156  dnaninf.o(x$fpl$dnaninf)
    $v0                                      0x0001e62e   Number         0  fpinit.o(x$fpl$fpinit)
    x$fpl$fpinit                             0x0001e62e   Section       26  fpinit.o(x$fpl$fpinit)
    $v0                                      0x0001e648   Number         0  fretinf.o(x$fpl$fretinf)
    x$fpl$fretinf                            0x0001e648   Section       10  fretinf.o(x$fpl$fretinf)
    x$fpl$usenofp                            0x0001e652   Section        0  usenofp.o(x$fpl$usenofp)
    g_sBspUartConfig                         0x0001e8d0   Data          12  bsp.o(.rodata.g_sBspUartConfig)
    [Anonymous Symbol]                       0x0001e8d0   Section        0  bsp.o(.rodata.g_sBspUartConfig)
    g_ui32DSpintbl                           0x0001e8dc   Data          16  am_hal_gpio.o(.rodata.g_ui32DSpintbl)
    [Anonymous Symbol]                       0x0001e8dc   Section        0  am_hal_gpio.o(.rodata.g_ui32DSpintbl)
    __tagsym$$used.4                         0x0001e8ec   Number         0  am_resources.o(.rodata.sGlobalAccess)
    .L.str.1                                 0x0001e908   Data          29  sdio_ap4_plus.o(.rodata.str1.1)
    [Anonymous Symbol]                       0x0001e908   Section        0  sdio_ap4_plus.o(.rodata.str1.1)
    .L.str.2                                 0x0001e925   Data          27  sdio_ap4_plus.o(.rodata.str1.1)
    .L.str                                   0x0001e940   Data          32  sdio_ap4_plus.o(.rodata.str1.1)
    .L.str.8                                 0x0001e960   Data          27  sdio_ap4_plus.o(.rodata.str1.1)
    .L.str.5                                 0x0001e97b   Data          29  sdio_ap4_plus.o(.rodata.str1.1)
    .L.str.4                                 0x0001e998   Data          29  sdio_ap4_plus.o(.rodata.str1.1)
    .L.str.3                                 0x0001e9b5   Data          21  sdio_ap4_plus.o(.rodata.str1.1)
    .L.str.6                                 0x0001e9ca   Data          27  sdio_ap4_plus.o(.rodata.str1.1)
    .L.str.7                                 0x0001e9e5   Data          22  sdio_ap4_plus.o(.rodata.str1.1)
    .L.str.4                                 0x0001e9fb   Data          20  sdio.o(.rodata.str1.1)
    [Anonymous Symbol]                       0x0001e9fb   Section        0  sdio.o(.rodata.str1.1)
    .L.str.2                                 0x0001ea0f   Data          27  sdio.o(.rodata.str1.1)
    .L.str                                   0x0001ea2a   Data          27  sdio.o(.rodata.str1.1)
    .L.str.3                                 0x0001ea45   Data          28  sdio.o(.rodata.str1.1)
    .L.str.1                                 0x0001ea61   Data          28  sdio.o(.rodata.str1.1)
    .L.str.5                                 0x0001ea7d   Data          20  sdio.o(.rodata.str1.1)
    .L.str.10                                0x0001ea91   Data          25  sdio.o(.rodata.str1.1)
    .L.str.9                                 0x0001eaaa   Data          25  sdio.o(.rodata.str1.1)
    .L.str.11                                0x0001eac3   Data          25  sdio.o(.rodata.str1.1)
    .L.str.15                                0x0001eadc   Data          27  sdio.o(.rodata.str1.1)
    .L.str.13                                0x0001eaf7   Data          25  sdio.o(.rodata.str1.1)
    .L.str.12                                0x0001eb10   Data          23  sdio.o(.rodata.str1.1)
    .L.str.14                                0x0001eb27   Data          25  sdio.o(.rodata.str1.1)
    .L.str.16                                0x0001eb40   Data          31  sdio.o(.rodata.str1.1)
    .L.str.7                                 0x0001eb5f   Data          15  sdio.o(.rodata.str1.1)
    .L.str.8                                 0x0001eb6e   Data          17  sdio.o(.rodata.str1.1)
    .L.str.6                                 0x0001eb7f   Data          57  sdio.o(.rodata.str1.1)
    .L.str.12                                0x0001ebb8   Data          57  sdhc.o(.rodata.str1.1)
    [Anonymous Symbol]                       0x0001ebb8   Section        0  sdhc.o(.rodata.str1.1)
    .L.str.10                                0x0001ebf1   Data          37  sdhc.o(.rodata.str1.1)
    .L.str.1                                 0x0001ec16   Data          38  sdhc.o(.rodata.str1.1)
    .L.str.22                                0x0001ec3c   Data          29  sdhc.o(.rodata.str1.1)
    .L.str.21                                0x0001ec59   Data          39  sdhc.o(.rodata.str1.1)
    .L.str.4                                 0x0001ec66   Data          48  sdhc.o(.rodata.str1.1)
    .L.str.13                                0x0001ec80   Data          85  sdhc.o(.rodata.str1.1)
    .L__FUNCTION__.sdhc_card_busy            0x0001ec96   Data          15  sdhc.o(.rodata.str1.1)
    .L.str.5                                 0x0001eca5   Data          39  sdhc.o(.rodata.str1.1)
    .L.str.17                                0x0001ecd5   Data          37  sdhc.o(.rodata.str1.1)
    .L.str.18                                0x0001ecfa   Data          37  sdhc.o(.rodata.str1.1)
    .L.str.19                                0x0001ed1f   Data          37  sdhc.o(.rodata.str1.1)
    .L.str.16                                0x0001ed44   Data          39  sdhc.o(.rodata.str1.1)
    .L.str.15                                0x0001ed6b   Data          39  sdhc.o(.rodata.str1.1)
    .L.str.14                                0x0001ed92   Data          39  sdhc.o(.rodata.str1.1)
    .L.str                                   0x0001edb9   Data          52  sdhc.o(.rodata.str1.1)
    .L.str.3                                 0x0001eded   Data          46  sdhc.o(.rodata.str1.1)
    .L.str.20                                0x0001ee1b   Data          35  sdhc.o(.rodata.str1.1)
    .L.str.7                                 0x0001ee3e   Data          79  sdhc.o(.rodata.str1.1)
    .L.str.9                                 0x0001ee8d   Data          50  sdhc.o(.rodata.str1.1)
    .L.str.8                                 0x0001eebf   Data          49  sdhc.o(.rodata.str1.1)
    .L.str.23                                0x0001eef0   Data          43  sdhc.o(.rodata.str1.1)
    .L.str.2                                 0x0001ef1b   Data          38  sdhc.o(.rodata.str1.1)
    .L.str.11                                0x0001ef41   Data          50  sdhc.o(.rodata.str1.1)
    .L.str.6                                 0x0001ef73   Data          58  sdhc.o(.rodata.str1.1)
    .L__FUNCTION__.sdhc_check_cmd_inhibit    0x0001efad   Data          23  sdhc.o(.rodata.str1.1)
    __tagsym$$used.1                         0x0001efc4   Number         0  am_resources.o(.rodata.ui32DSP0Allowed)
    __tagsym$$used.2                         0x0001efd8   Number         0  am_resources.o(.rodata.ui32DSP1Allowed)
    __tagsym$$used.0                         0x0001efec   Number         0  am_resources.o(.rodata.ui32MCUAllowed)
    __tagsym$$used.3                         0x0001f000   Number         0  am_resources.o(.rodata.ui32SharedAccess)
    g_ePrintInterface                        0x10000020   Data           1  bsp.o(.data.g_ePrintInterface)
    [Anonymous Symbol]                       0x10000020   Section        0  bsp.o(.data.g_ePrintInterface)
    .bss                                     0x100002f8   Section       96  libspace.o(.bss)
    adma_desc_table                          0x1000035c   Data         128  sdhc.o(.bss.adma_desc_table)
    [Anonymous Symbol]                       0x1000035c   Section        0  sdhc.o(.bss.adma_desc_table)
    g_SDHCState                              0x100003e8   Data          84  am_hal_sdhc.o(.bss.g_SDHCState)
    [Anonymous Symbol]                       0x100003e8   Section        0  am_hal_sdhc.o(.bss.g_SDHCState)
    g_bBoostForCryptoApplied                 0x1000071c   Data           1  am_hal_pwrctrl.o(.bss.g_bBoostForCryptoApplied)
    [Anonymous Symbol]                       0x1000071c   Section        0  am_hal_pwrctrl.o(.bss.g_bBoostForCryptoApplied)
    g_bOrigTrimsStored                       0x1000071d   Data           1  am_hal_pwrctrl.o(.bss.g_bOrigTrimsStored)
    [Anonymous Symbol]                       0x1000071d   Section        0  am_hal_pwrctrl.o(.bss.g_bOrigTrimsStored)
    g_bTxtXlate                              0x1000071e   Data           1  am_util_stdio.o(.bss.g_bTxtXlate)
    [Anonymous Symbol]                       0x1000071e   Section        0  am_util_stdio.o(.bss.g_bTxtXlate)
    g_i32LatestLDOActTrim                    0x10000720   Data           4  am_hal_pwrctrl.o(.bss.g_i32LatestLDOActTrim)
    [Anonymous Symbol]                       0x10000720   Section        0  am_hal_pwrctrl.o(.bss.g_i32LatestLDOActTrim)
    g_i32LatestVddfActTrim                   0x10000724   Data           4  am_hal_pwrctrl.o(.bss.g_i32LatestVddfActTrim)
    [Anonymous Symbol]                       0x10000724   Section        0  am_hal_pwrctrl.o(.bss.g_i32LatestVddfActTrim)
    g_orig_ACTTRIMVDDF                       0x10000728   Data           4  am_hal_pwrctrl.o(.bss.g_orig_ACTTRIMVDDF)
    [Anonymous Symbol]                       0x10000728   Section        0  am_hal_pwrctrl.o(.bss.g_orig_ACTTRIMVDDF)
    g_orig_LPTRIMVDDF                        0x1000072c   Data           4  am_hal_pwrctrl.o(.bss.g_orig_LPTRIMVDDF)
    [Anonymous Symbol]                       0x1000072c   Section        0  am_hal_pwrctrl.o(.bss.g_orig_LPTRIMVDDF)
    g_orig_MEMLDOACTIVETRIM                  0x10000730   Data           4  am_hal_pwrctrl.o(.bss.g_orig_MEMLDOACTIVETRIM)
    [Anonymous Symbol]                       0x10000730   Section        0  am_hal_pwrctrl.o(.bss.g_orig_MEMLDOACTIVETRIM)
    g_orig_MEMLPLDOTRIM                      0x10000734   Data           4  am_hal_pwrctrl.o(.bss.g_orig_MEMLPLDOTRIM)
    [Anonymous Symbol]                       0x10000734   Section        0  am_hal_pwrctrl.o(.bss.g_orig_MEMLPLDOTRIM)
    g_orig_TVRGVREFTRIM                      0x10000738   Data           4  am_hal_pwrctrl.o(.bss.g_orig_TVRGVREFTRIM)
    [Anonymous Symbol]                       0x10000738   Section        0  am_hal_pwrctrl.o(.bss.g_orig_TVRGVREFTRIM)
    g_pfTempMeasured                         0x1000073c   Data           4  am_hal_pwrctrl.o(.bss.g_pfTempMeasured)
    [Anonymous Symbol]                       0x1000073c   Section        0  am_hal_pwrctrl.o(.bss.g_pfTempMeasured)
    g_prfbuf                                 0x10000744   Data        1024  am_util_stdio.o(.bss.g_prfbuf)
    [Anonymous Symbol]                       0x10000744   Section        0  am_util_stdio.o(.bss.g_prfbuf)
    g_sCOMUART                               0x10000b44   Data           4  bsp.o(.bss.g_sCOMUART)
    [Anonymous Symbol]                       0x10000b44   Section        0  bsp.o(.bss.g_sCOMUART)
    g_ui32VDDFAdjustCodes                    0x10000b48   Data           4  am_hal_pwrctrl.o(.bss.g_ui32VDDFAdjustCodes)
    [Anonymous Symbol]                       0x10000b48   Section        0  am_hal_pwrctrl.o(.bss.g_ui32VDDFAdjustCodes)
    pui8UartRxBuffer                         0x10000b4c   Data        1024  bsp.o(.bss.pui8UartRxBuffer)
    [Anonymous Symbol]                       0x10000b4c   Section        0  bsp.o(.bss.pui8UartRxBuffer)
    pui8UartTxBuffer                         0x10000f4c   Data        1024  bsp.o(.bss.pui8UartTxBuffer)
    [Anonymous Symbol]                       0x10000f4c   Section        0  bsp.o(.bss.pui8UartTxBuffer)
    HeapMem                                  0x10001380   Data           0  startup_keil.o(HEAP)
    StackMem                                 0x10001380   Data           0  startup_keil.o(STACK)
    HEAP                                     0x10001380   Section        0  startup_keil.o(HEAP)
    STACK                                    0x10001380   Section     4096  startup_keil.o(STACK)

    Global Symbols

    Symbol Name                              Value     Ov Type        Size  Object(Section)

    BuildAttributes$$THM_ISAv4$E$P$D$K$B$S$7EM$VFPi3$EXTD16$VFPS$VFMA$PE$A:L22UL41UL21$X:L11$S22US41US21$IEEE1$IW$~IW$USESV6$~STKCKD$USESV7$~SHL$OSPACE$ROPI$EBA8$UX$STANDARDLIB$REQ8$PRES8$EABIv2 0x00000000   Number         0  anon$$obj.o ABSOLUTE
    __ARM_exceptions_init                     - Undefined Weak Reference
    __alloca_initialize                       - Undefined Weak Reference
    __arm_preinit_                            - Undefined Weak Reference
    __arm_relocate_pie_                       - Undefined Weak Reference
    __cpp_initialize__aeabi_                  - Undefined Weak Reference
    __cxa_finalize                            - Undefined Weak Reference
    __rt_locale                               - Undefined Weak Reference
    __sigvec_lookup                           - Undefined Weak Reference
    _atexit_init                              - Undefined Weak Reference
    _call_atexit_fns                          - Undefined Weak Reference
    _clock_init                               - Undefined Weak Reference
    _fp_trap_init                             - Undefined Weak Reference
    _fp_trap_shutdown                         - Undefined Weak Reference
    _get_lc_collate                           - Undefined Weak Reference
    _get_lc_ctype                             - Undefined Weak Reference
    _get_lc_monetary                          - Undefined Weak Reference
    _get_lc_numeric                           - Undefined Weak Reference
    _get_lc_time                              - Undefined Weak Reference
    _getenv_init                              - Undefined Weak Reference
    _handle_redirection                       - Undefined Weak Reference
    _init_alloc                               - Undefined Weak Reference
    _init_user_alloc                          - Undefined Weak Reference
    _initio                                   - Undefined Weak Reference
    _rand_init                                - Undefined Weak Reference
    _signal_finish                            - Undefined Weak Reference
    _signal_init                              - Undefined Weak Reference
    _terminate_alloc                          - Undefined Weak Reference
    _terminate_user_alloc                     - Undefined Weak Reference
    _terminateio                              - Undefined Weak Reference
    __Vectors                                0x00018000   Data           0  startup_keil.o(RESET)
    __Patchable                              0x00018190   Data           0  startup_keil.o(RESET)
    Reset_Handler                            0x00018201   Thumb Code    28  startup_keil.o(RESET)
    HardFault_Handler                        0x0001821d   Thumb Code     2  startup_keil.o(RESET)
    NMI_Handler                              0x0001821f   Thumb Code     2  startup_keil.o(RESET)
    MemManage_Handler                        0x00018221   Thumb Code     2  startup_keil.o(RESET)
    BusFault_Handler                         0x00018223   Thumb Code     2  startup_keil.o(RESET)
    UsageFault_Handler                       0x00018225   Thumb Code     2  startup_keil.o(RESET)
    SecureFault_Handler                      0x00018227   Thumb Code     2  startup_keil.o(RESET)
    SVC_Handler                              0x00018229   Thumb Code     2  startup_keil.o(RESET)
    DebugMon_Handler                         0x0001822b   Thumb Code     2  startup_keil.o(RESET)
    PendSV_Handler                           0x0001822d   Thumb Code     2  startup_keil.o(RESET)
    SysTick_Handler                          0x0001822f   Thumb Code     2  startup_keil.o(RESET)
    am_adc_isr                               0x00018231   Thumb Code     0  startup_keil.o(RESET)
    am_audadc0_isr                           0x00018231   Thumb Code     0  startup_keil.o(RESET)
    am_brownout_isr                          0x00018231   Thumb Code     0  startup_keil.o(RESET)
    am_cachecpu_isr                          0x00018231   Thumb Code     0  startup_keil.o(RESET)
    am_clkgen_isr                            0x00018231   Thumb Code     0  startup_keil.o(RESET)
    am_ctimer_isr                            0x00018231   Thumb Code     0  startup_keil.o(RESET)
    am_disp_isr                              0x00018231   Thumb Code     0  startup_keil.o(RESET)
    am_dsi_isr                               0x00018231   Thumb Code     0  startup_keil.o(RESET)
    am_dspi2s0_isr                           0x00018231   Thumb Code     0  startup_keil.o(RESET)
    am_dspi2s1_isr                           0x00018231   Thumb Code     0  startup_keil.o(RESET)
    am_dspi2s2_isr                           0x00018231   Thumb Code     0  startup_keil.o(RESET)
    am_dspi2s3_isr                           0x00018231   Thumb Code     0  startup_keil.o(RESET)
    am_gpio0_001f_isr                        0x00018231   Thumb Code     0  startup_keil.o(RESET)
    am_gpio0_203f_isr                        0x00018231   Thumb Code     0  startup_keil.o(RESET)
    am_gpio0_405f_isr                        0x00018231   Thumb Code     0  startup_keil.o(RESET)
    am_gpio0_607f_isr                        0x00018231   Thumb Code     0  startup_keil.o(RESET)
    am_gpio1_001f_isr                        0x00018231   Thumb Code     0  startup_keil.o(RESET)
    am_gpio1_203f_isr                        0x00018231   Thumb Code     0  startup_keil.o(RESET)
    am_gpio1_405f_isr                        0x00018231   Thumb Code     0  startup_keil.o(RESET)
    am_gpio1_607f_isr                        0x00018231   Thumb Code     0  startup_keil.o(RESET)
    am_gpu_isr                               0x00018231   Thumb Code     0  startup_keil.o(RESET)
    am_iomaster0_isr                         0x00018231   Thumb Code     0  startup_keil.o(RESET)
    am_iomaster1_isr                         0x00018231   Thumb Code     0  startup_keil.o(RESET)
    am_iomaster2_isr                         0x00018231   Thumb Code     0  startup_keil.o(RESET)
    am_iomaster3_isr                         0x00018231   Thumb Code     0  startup_keil.o(RESET)
    am_iomaster4_isr                         0x00018231   Thumb Code     0  startup_keil.o(RESET)
    am_iomaster5_isr                         0x00018231   Thumb Code     0  startup_keil.o(RESET)
    am_iomaster6_isr                         0x00018231   Thumb Code     0  startup_keil.o(RESET)
    am_iomaster7_isr                         0x00018231   Thumb Code     0  startup_keil.o(RESET)
    am_ioslave_acc_isr                       0x00018231   Thumb Code     0  startup_keil.o(RESET)
    am_ioslave_ios_isr                       0x00018231   Thumb Code     0  startup_keil.o(RESET)
    am_mspi0_isr                             0x00018231   Thumb Code     0  startup_keil.o(RESET)
    am_mspi1_isr                             0x00018231   Thumb Code     0  startup_keil.o(RESET)
    am_mspi2_isr                             0x00018231   Thumb Code     0  startup_keil.o(RESET)
    am_pdm0_isr                              0x00018231   Thumb Code     0  startup_keil.o(RESET)
    am_pdm1_isr                              0x00018231   Thumb Code     0  startup_keil.o(RESET)
    am_pdm2_isr                              0x00018231   Thumb Code     0  startup_keil.o(RESET)
    am_pdm3_isr                              0x00018231   Thumb Code     0  startup_keil.o(RESET)
    am_rtc_isr                               0x00018231   Thumb Code     0  startup_keil.o(RESET)
    am_stimer_cmpr0_isr                      0x00018231   Thumb Code     0  startup_keil.o(RESET)
    am_stimer_cmpr1_isr                      0x00018231   Thumb Code     0  startup_keil.o(RESET)
    am_stimer_cmpr2_isr                      0x00018231   Thumb Code     0  startup_keil.o(RESET)
    am_stimer_cmpr3_isr                      0x00018231   Thumb Code     0  startup_keil.o(RESET)
    am_stimer_cmpr4_isr                      0x00018231   Thumb Code     0  startup_keil.o(RESET)
    am_stimer_cmpr5_isr                      0x00018231   Thumb Code     0  startup_keil.o(RESET)
    am_stimer_cmpr6_isr                      0x00018231   Thumb Code     0  startup_keil.o(RESET)
    am_stimer_cmpr7_isr                      0x00018231   Thumb Code     0  startup_keil.o(RESET)
    am_stimerof_isr                          0x00018231   Thumb Code     0  startup_keil.o(RESET)
    am_timer00_isr                           0x00018231   Thumb Code     0  startup_keil.o(RESET)
    am_timer01_isr                           0x00018231   Thumb Code     0  startup_keil.o(RESET)
    am_timer02_isr                           0x00018231   Thumb Code     0  startup_keil.o(RESET)
    am_timer03_isr                           0x00018231   Thumb Code     0  startup_keil.o(RESET)
    am_timer04_isr                           0x00018231   Thumb Code     0  startup_keil.o(RESET)
    am_timer05_isr                           0x00018231   Thumb Code     0  startup_keil.o(RESET)
    am_timer06_isr                           0x00018231   Thumb Code     0  startup_keil.o(RESET)
    am_timer07_isr                           0x00018231   Thumb Code     0  startup_keil.o(RESET)
    am_timer08_isr                           0x00018231   Thumb Code     0  startup_keil.o(RESET)
    am_timer09_isr                           0x00018231   Thumb Code     0  startup_keil.o(RESET)
    am_timer10_isr                           0x00018231   Thumb Code     0  startup_keil.o(RESET)
    am_timer11_isr                           0x00018231   Thumb Code     0  startup_keil.o(RESET)
    am_timer12_isr                           0x00018231   Thumb Code     0  startup_keil.o(RESET)
    am_timer13_isr                           0x00018231   Thumb Code     0  startup_keil.o(RESET)
    am_timer14_isr                           0x00018231   Thumb Code     0  startup_keil.o(RESET)
    am_timer15_isr                           0x00018231   Thumb Code     0  startup_keil.o(RESET)
    am_uart1_isr                             0x00018231   Thumb Code     0  startup_keil.o(RESET)
    am_uart2_isr                             0x00018231   Thumb Code     0  startup_keil.o(RESET)
    am_uart3_isr                             0x00018231   Thumb Code     0  startup_keil.o(RESET)
    am_uart_isr                              0x00018231   Thumb Code     0  startup_keil.o(RESET)
    am_usb_isr                               0x00018231   Thumb Code     0  startup_keil.o(RESET)
    am_vcomp_isr                             0x00018231   Thumb Code     0  startup_keil.o(RESET)
    am_watchdog_isr                          0x00018231   Thumb Code     0  startup_keil.o(RESET)
    __main                                   0x00018239   Thumb Code     8  __main.o(!!!main)
    __scatterload                            0x00018241   Thumb Code     0  __scatter.o(!!!scatter)
    __scatterload_rt2                        0x00018241   Thumb Code    44  __scatter.o(!!!scatter)
    __scatterload_rt2_thumb_only             0x00018241   Thumb Code     0  __scatter.o(!!!scatter)
    __scatterload_null                       0x0001824f   Thumb Code     0  __scatter.o(!!!scatter)
    __decompress                             0x00018275   Thumb Code    58  __dczerorl.o(!!dczerorl)
    __decompress0                            0x00018275   Thumb Code     0  __dczerorl.o(!!dczerorl)
    __scatterload_copy                       0x000182b1   Thumb Code    26  __scatter_copy.o(!!handler_copy)
    __scatterload_zeroinit                   0x000182cd   Thumb Code    28  __scatter_zi.o(!!handler_zi)
    __rt_lib_init                            0x000182e9   Thumb Code     0  libinit.o(.ARM.Collect$$libinit$$00000000)
    __rt_lib_init_fp_1                       0x000182eb   Thumb Code     0  libinit2.o(.ARM.Collect$$libinit$$00000001)
    __rt_lib_init_alloca_1                   0x000182ef   Thumb Code     0  libinit2.o(.ARM.Collect$$libinit$$00000030)
    __rt_lib_init_argv_1                     0x000182ef   Thumb Code     0  libinit2.o(.ARM.Collect$$libinit$$0000002E)
    __rt_lib_init_atexit_1                   0x000182ef   Thumb Code     0  libinit2.o(.ARM.Collect$$libinit$$0000001D)
    __rt_lib_init_clock_1                    0x000182ef   Thumb Code     0  libinit2.o(.ARM.Collect$$libinit$$00000023)
    __rt_lib_init_cpp_1                      0x000182ef   Thumb Code     0  libinit2.o(.ARM.Collect$$libinit$$00000034)
    __rt_lib_init_exceptions_1               0x000182ef   Thumb Code     0  libinit2.o(.ARM.Collect$$libinit$$00000032)
    __rt_lib_init_fp_trap_1                  0x000182ef   Thumb Code     0  libinit2.o(.ARM.Collect$$libinit$$00000021)
    __rt_lib_init_getenv_1                   0x000182ef   Thumb Code     0  libinit2.o(.ARM.Collect$$libinit$$00000025)
    __rt_lib_init_heap_1                     0x000182ef   Thumb Code     0  libinit2.o(.ARM.Collect$$libinit$$0000000C)
    __rt_lib_init_lc_collate_1               0x000182ef   Thumb Code     0  libinit2.o(.ARM.Collect$$libinit$$00000013)
    __rt_lib_init_lc_ctype_1                 0x000182ef   Thumb Code     0  libinit2.o(.ARM.Collect$$libinit$$00000015)
    __rt_lib_init_lc_monetary_1              0x000182ef   Thumb Code     0  libinit2.o(.ARM.Collect$$libinit$$00000017)
    __rt_lib_init_lc_numeric_1               0x000182ef   Thumb Code     0  libinit2.o(.ARM.Collect$$libinit$$00000019)
    __rt_lib_init_lc_time_1                  0x000182ef   Thumb Code     0  libinit2.o(.ARM.Collect$$libinit$$0000001B)
    __rt_lib_init_preinit_1                  0x000182ef   Thumb Code     0  libinit2.o(.ARM.Collect$$libinit$$00000006)
    __rt_lib_init_rand_1                     0x000182ef   Thumb Code     0  libinit2.o(.ARM.Collect$$libinit$$00000010)
    __rt_lib_init_relocate_pie_1             0x000182ef   Thumb Code     0  libinit2.o(.ARM.Collect$$libinit$$00000004)
    __rt_lib_init_return                     0x000182ef   Thumb Code     0  libinit2.o(.ARM.Collect$$libinit$$00000035)
    __rt_lib_init_signal_1                   0x000182ef   Thumb Code     0  libinit2.o(.ARM.Collect$$libinit$$0000001F)
    __rt_lib_init_stdio_1                    0x000182ef   Thumb Code     0  libinit2.o(.ARM.Collect$$libinit$$00000027)
    __rt_lib_init_user_alloc_1               0x000182ef   Thumb Code     0  libinit2.o(.ARM.Collect$$libinit$$0000000E)
    __rt_lib_shutdown                        0x000182f1   Thumb Code     0  libshutdown.o(.ARM.Collect$$libshutdown$$00000000)
    __rt_lib_shutdown_cpp_1                  0x000182f3   Thumb Code     0  libshutdown2.o(.ARM.Collect$$libshutdown$$00000002)
    __rt_lib_shutdown_fp_trap_1              0x000182f3   Thumb Code     0  libshutdown2.o(.ARM.Collect$$libshutdown$$00000007)
    __rt_lib_shutdown_heap_1                 0x000182f3   Thumb Code     0  libshutdown2.o(.ARM.Collect$$libshutdown$$0000000F)
    __rt_lib_shutdown_return                 0x000182f3   Thumb Code     0  libshutdown2.o(.ARM.Collect$$libshutdown$$00000010)
    __rt_lib_shutdown_signal_1               0x000182f3   Thumb Code     0  libshutdown2.o(.ARM.Collect$$libshutdown$$0000000A)
    __rt_lib_shutdown_stdio_1                0x000182f3   Thumb Code     0  libshutdown2.o(.ARM.Collect$$libshutdown$$00000004)
    __rt_lib_shutdown_user_alloc_1           0x000182f3   Thumb Code     0  libshutdown2.o(.ARM.Collect$$libshutdown$$0000000C)
    __rt_entry                               0x000182f5   Thumb Code     0  __rtentry.o(.ARM.Collect$$rtentry$$00000000)
    __rt_entry_presh_1                       0x000182f5   Thumb Code     0  __rtentry2.o(.ARM.Collect$$rtentry$$00000002)
    __rt_entry_sh                            0x000182f5   Thumb Code     0  __rtentry4.o(.ARM.Collect$$rtentry$$00000004)
    __rt_entry_li                            0x000182fb   Thumb Code     0  __rtentry2.o(.ARM.Collect$$rtentry$$0000000A)
    __rt_entry_postsh_1                      0x000182fb   Thumb Code     0  __rtentry2.o(.ARM.Collect$$rtentry$$00000009)
    __rt_entry_main                          0x000182ff   Thumb Code     0  __rtentry2.o(.ARM.Collect$$rtentry$$0000000D)
    __rt_entry_postli_1                      0x000182ff   Thumb Code     0  __rtentry2.o(.ARM.Collect$$rtentry$$0000000C)
    __rt_exit                                0x00018307   Thumb Code     0  rtexit.o(.ARM.Collect$$rtexit$$00000000)
    __rt_exit_ls                             0x00018309   Thumb Code     0  rtexit2.o(.ARM.Collect$$rtexit$$00000003)
    __rt_exit_prels_1                        0x00018309   Thumb Code     0  rtexit2.o(.ARM.Collect$$rtexit$$00000002)
    __rt_exit_exit                           0x0001830d   Thumb Code     0  rtexit2.o(.ARM.Collect$$rtexit$$00000004)
    __user_initial_stackheap                 0x00018315   Thumb Code    10  startup_keil.o(.text)
    __aeabi_memclr                           0x0001832d   Thumb Code     0  rt_memclr.o(.text)
    __rt_memclr                              0x0001832d   Thumb Code     0  rt_memclr.o(.text)
    _memset                                  0x00018331   Thumb Code    64  rt_memclr.o(.text)
    __aeabi_memclr4                          0x00018371   Thumb Code     0  rt_memclr_w.o(.text)
    __aeabi_memclr8                          0x00018371   Thumb Code     0  rt_memclr_w.o(.text)
    __rt_memclr_w                            0x00018371   Thumb Code     0  rt_memclr_w.o(.text)
    _memset_w                                0x00018375   Thumb Code    74  rt_memclr_w.o(.text)
    __use_two_region_memory                  0x000183bf   Thumb Code     2  heapauxi.o(.text)
    __rt_heap_escrow$2region                 0x000183c1   Thumb Code     2  heapauxi.o(.text)
    __rt_heap_expand$2region                 0x000183c3   Thumb Code     2  heapauxi.o(.text)
    __user_setup_stackheap                   0x000183c5   Thumb Code    74  sys_stackheap_outer.o(.text)
    exit                                     0x0001840f   Thumb Code    18  exit.o(.text)
    __user_libspace                          0x00018421   Thumb Code     8  libspace.o(.text)
    __user_perproc_libspace                  0x00018421   Thumb Code     0  libspace.o(.text)
    __user_perthread_libspace                0x00018421   Thumb Code     0  libspace.o(.text)
    _sys_exit                                0x00018429   Thumb Code     8  sys_exit.o(.text)
    __I$use$semihosting                      0x00018435   Thumb Code     0  use_no_semi.o(.text)
    __use_no_semihosting_swi                 0x00018435   Thumb Code     2  use_no_semi.o(.text)
    __semihosting_library_function           0x00018437   Thumb Code     0  indicate_semi.o(.text)
    am_bsp_buffered_uart_printf_enable       0x000185d1   Thumb Code   214  bsp.o(.text.am_bsp_buffered_uart_printf_enable)
    am_bsp_debug_printf_enable               0x000186a9   Thumb Code    80  bsp.o(.text.am_bsp_debug_printf_enable)
    am_bsp_itm_printf_enable                 0x000186f9   Thumb Code   154  bsp.o(.text.am_bsp_itm_printf_enable)
    am_bsp_low_power_init                    0x00018795   Thumb Code    20  bsp.o(.text.am_bsp_low_power_init)
    am_bsp_uart_printf_enable                0x000187a9   Thumb Code   154  bsp.o(.text.am_bsp_uart_printf_enable)
    am_bsp_uart_string_print                 0x00018845   Thumb Code    96  bsp.o(.text.am_bsp_uart_string_print)
    am_hal_cachectrl_config                  0x000188f9   Thumb Code    80  am_hal_cachectrl.o(.text.am_hal_cachectrl_config)
    am_hal_cachectrl_enable                  0x00018949   Thumb Code    30  am_hal_cachectrl.o(.text.am_hal_cachectrl_enable)
    am_hal_daxi_config                       0x00018969   Thumb Code   124  am_hal_cachectrl.o(.text.am_hal_daxi_config)
    am_hal_daxi_control                      0x000189e5   Thumb Code    86  am_hal_cachectrl.o(.text.am_hal_daxi_control)
    am_hal_dcu_get                           0x00018a3d   Thumb Code    80  am_hal_dcu.o(.text.am_hal_dcu_get)
    am_hal_dcu_update                        0x00018b95   Thumb Code    88  am_hal_dcu.o(.text.am_hal_dcu_update)
    am_hal_delay_us                          0x00018bed   Thumb Code    88  am_hal_utils.o(.text.am_hal_delay_us)
    am_hal_delay_us_status_change            0x00018c45   Thumb Code    70  am_hal_utils.o(.text.am_hal_delay_us_status_change)
    am_hal_delay_us_status_check             0x00018c8d   Thumb Code   116  am_hal_utils.o(.text.am_hal_delay_us_status_check)
    am_hal_gpio_pinconfig                    0x00018d01   Thumb Code   114  am_hal_gpio.o(.text.am_hal_gpio_pinconfig)
    am_hal_interrupt_master_disable          0x00018d75   Thumb Code     8  am_hal_interrupt.o(.text.am_hal_interrupt_master_disable)
    am_hal_interrupt_master_enable           0x00018d7d   Thumb Code     8  am_hal_interrupt.o(.text.am_hal_interrupt_master_enable)
    am_hal_interrupt_master_set              0x00018d85   Thumb Code     6  am_hal_interrupt.o(.text.am_hal_interrupt_master_set)
    am_hal_itm_enable                        0x00018d8d   Thumb Code   102  am_hal_itm.o(.text.am_hal_itm_enable)
    am_hal_itm_print                         0x00018df5   Thumb Code    64  am_hal_itm.o(.text.am_hal_itm_print)
    am_hal_itm_stimulus_reg_byte_write       0x00018e35   Thumb Code    44  am_hal_itm.o(.text.am_hal_itm_stimulus_reg_byte_write)
    am_hal_mram_info_read                    0x00018e61   Thumb Code   194  am_hal_mram.o(.text.am_hal_mram_info_read)
    am_hal_pwrctrl_control                   0x00018f25   Thumb Code   534  am_hal_pwrctrl.o(.text.am_hal_pwrctrl_control)
    am_hal_pwrctrl_dsp_memory_config         0x0001913d   Thumb Code    60  am_hal_pwrctrl.o(.text.am_hal_pwrctrl_dsp_memory_config)
    am_hal_pwrctrl_low_power_init            0x00019179   Thumb Code   638  am_hal_pwrctrl.o(.text.am_hal_pwrctrl_low_power_init)
    am_hal_pwrctrl_mcu_memory_config         0x000193f9   Thumb Code   538  am_hal_pwrctrl.o(.text.am_hal_pwrctrl_mcu_memory_config)
    am_hal_pwrctrl_periph_disable            0x00019615   Thumb Code   202  am_hal_pwrctrl.o(.text.am_hal_pwrctrl_periph_disable)
    am_hal_pwrctrl_periph_enable             0x000196e1   Thumb Code   266  am_hal_pwrctrl.o(.text.am_hal_pwrctrl_periph_enable)
    am_hal_pwrctrl_periph_enabled            0x000197ed   Thumb Code    82  am_hal_pwrctrl.o(.text.am_hal_pwrctrl_periph_enabled)
    am_hal_pwrctrl_sram_config               0x00019841   Thumb Code   304  am_hal_pwrctrl.o(.text.am_hal_pwrctrl_sram_config)
    am_hal_queue_init                        0x00019971   Thumb Code    46  am_hal_queue.o(.text.am_hal_queue_init)
    am_hal_queue_item_add                    0x000199a1   Thumb Code   164  am_hal_queue.o(.text.am_hal_queue_item_add)
    am_hal_queue_item_get                    0x00019a45   Thumb Code   160  am_hal_queue.o(.text.am_hal_queue_item_get)
    am_hal_rtc_osc_disable                   0x00019ae5   Thumb Code    20  am_hal_rtc.o(.text.am_hal_rtc_osc_disable)
    am_hal_sdhc_deinitialize                 0x00019b5d   Thumb Code    80  am_hal_sdhc.o(.text.am_hal_sdhc_deinitialize)
    am_hal_sdhc_disable                      0x00019bad   Thumb Code   168  am_hal_sdhc.o(.text.am_hal_sdhc_disable)
    am_hal_sdhc_initialize                   0x00019c55   Thumb Code   136  am_hal_sdhc.o(.text.am_hal_sdhc_initialize)
    am_hal_sdhc_intr_status_disable          0x00019cdd   Thumb Code   108  am_hal_sdhc.o(.text.am_hal_sdhc_intr_status_disable)
    am_hal_sdhc_power_control                0x00019ded   Thumb Code   360  am_hal_sdhc.o(.text.am_hal_sdhc_power_control)
    am_hal_sdhc_set_bus_width                0x00019f8d   Thumb Code   178  am_hal_sdhc.o(.text.am_hal_sdhc_set_bus_width)
    am_hal_tpiu_enable                       0x0001a041   Thumb Code   152  am_hal_tpiu.o(.text.am_hal_tpiu_enable)
    am_hal_uart_buffer_configure             0x0001a0d9   Thumb Code   218  am_hal_uart.o(.text.am_hal_uart_buffer_configure)
    am_hal_uart_configure                    0x0001a1b5   Thumb Code   578  am_hal_uart.o(.text.am_hal_uart_configure)
    am_hal_uart_fifo_read                    0x0001a3f9   Thumb Code   134  am_hal_uart.o(.text.am_hal_uart_fifo_read)
    am_hal_uart_fifo_write                   0x0001a481   Thumb Code   108  am_hal_uart.o(.text.am_hal_uart_fifo_write)
    am_hal_uart_initialize                   0x0001a4ed   Thumb Code   250  am_hal_uart.o(.text.am_hal_uart_initialize)
    am_hal_uart_interrupt_clear              0x0001a5e9   Thumb Code    90  am_hal_uart.o(.text.am_hal_uart_interrupt_clear)
    am_hal_uart_power_control                0x0001a645   Thumb Code   476  am_hal_uart.o(.text.am_hal_uart_power_control)
    am_hal_uart_transfer                     0x0001a821   Thumb Code    90  am_hal_uart.o(.text.am_hal_uart_transfer)
    am_sdio_isr                              0x0001a87d   Thumb Code    42  sdio.o(.text.am_sdio_isr)
    am_util_delay_ms                         0x0001a8a9   Thumb Code    22  am_util_delay.o(.text.am_util_delay_ms)
    am_util_delay_us                         0x0001a8c1   Thumb Code    16  am_util_delay.o(.text.am_util_delay_us)
    am_util_stdio_printf                     0x0001a8d1   Thumb Code    92  am_util_stdio.o(.text.am_util_stdio_printf)
    am_util_stdio_printf_init                0x0001a92d   Thumb Code    20  am_util_stdio.o(.text.am_util_stdio_printf_init)
    am_util_stdio_vsprintf                   0x0001a941   Thumb Code  1620  am_util_stdio.o(.text.am_util_stdio_vsprintf)
    buck_ldo_override_init                   0x0001b08d   Thumb Code    88  am_hal_pwrctrl.o(.text.buck_ldo_override_init)
    crypto_boost_trims                       0x0001b219   Thumb Code   404  am_hal_pwrctrl.o(.text.crypto_boost_trims)
    main                                     0x0001bc7d   Thumb Code   596  sdio_ap4_plus.o(.text.main)
    memory_config                            0x0001bed1   Thumb Code    76  sdio_ap4_plus.o(.text.memory_config)
    read_transaction_save                    0x0001c435   Thumb Code   134  am_hal_uart.o(.text.read_transaction_save)
    sdhc_enable                              0x0001c649   Thumb Code   260  sdhc.o(.text.sdhc_enable)
    sdhc_execute_cmd                         0x0001c74d   Thumb Code   372  sdhc.o(.text.sdhc_execute_cmd)
    sdhc_host_config                         0x0001c92d   Thumb Code   182  sdhc.o(.text.sdhc_host_config)
    sdhc_host_deinit                         0x0001c9e5   Thumb Code    76  sdhc.o(.text.sdhc_host_deinit)
    sdhc_host_init                           0x0001ca31   Thumb Code    82  sdhc.o(.text.sdhc_host_init)
    sdhc_interrupt_service                   0x0001ca85   Thumb Code   398  sdhc.o(.text.sdhc_interrupt_service)
    sdhc_set_bus_clock                       0x0001d06d   Thumb Code   228  sdhc.o(.text.sdhc_set_bus_clock)
    sdhc_set_bus_voltage                     0x0001d151   Thumb Code   126  sdhc.o(.text.sdhc_set_bus_voltage)
    sdhc_set_bus_width                       0x0001d1d1   Thumb Code    64  sdhc.o(.text.sdhc_set_bus_width)
    sdio_acmd41_sd_app_op_cond               0x0001d519   Thumb Code   350  sdio.o(.text.sdio_acmd41_sd_app_op_cond)
    sdio_acmd51_send_scr                     0x0001d679   Thumb Code   202  sdio.o(.text.sdio_acmd51_send_scr)
    sdio_acmd6_set_bus_width                 0x0001d745   Thumb Code   240  sdio.o(.text.sdio_acmd6_set_bus_width)
    sdio_card_host_init                      0x0001d835   Thumb Code    80  sdio.o(.text.sdio_card_host_init)
    sdio_card_init                           0x0001d885   Thumb Code   522  sdio.o(.text.sdio_card_init)
    sdio_cmd0_go_idle                        0x0001da91   Thumb Code    42  sdio.o(.text.sdio_cmd0_go_idle)
    sdio_cmd16_set_blocklen                  0x0001dabd   Thumb Code    72  sdio.o(.text.sdio_cmd16_set_blocklen)
    sdio_cmd17_read_single_block             0x0001db05   Thumb Code   118  sdio.o(.text.sdio_cmd17_read_single_block)
    sdio_cmd24_write_single_block            0x0001db7d   Thumb Code   112  sdio.o(.text.sdio_cmd24_write_single_block)
    sdio_cmd2_all_send_cid                   0x0001dbed   Thumb Code   112  sdio.o(.text.sdio_cmd2_all_send_cid)
    sdio_cmd3_send_rel_addr                  0x0001dc5d   Thumb Code    72  sdio.o(.text.sdio_cmd3_send_rel_addr)
    sdio_cmd6_switch_func                    0x0001dca5   Thumb Code   124  sdio.o(.text.sdio_cmd6_switch_func)
    sdio_cmd7_select_card                    0x0001dd21   Thumb Code    76  sdio.o(.text.sdio_cmd7_select_card)
    sdio_cmd8_send_if_cond                   0x0001dd6d   Thumb Code    78  sdio.o(.text.sdio_cmd8_send_if_cond)
    sdio_cmd9_send_csd                       0x0001ddbd   Thumb Code   110  sdio.o(.text.sdio_cmd9_send_csd)
    sdio_csd_decode                          0x0001de2d   Thumb Code   354  sdio.o(.text.sdio_csd_decode)
    sdio_event_cb                            0x0001df91   Thumb Code   250  sdio.o(.text.sdio_event_cb)
    sdio_execute_cmd                         0x0001e08d   Thumb Code    90  sdio.o(.text.sdio_execute_cmd)
    sdio_gpio_power_down                     0x0001e0e9   Thumb Code    98  sdio_gpio.o(.text.sdio_gpio_power_down)
    sdio_gpio_power_up                       0x0001e14d   Thumb Code   156  sdio_gpio.o(.text.sdio_gpio_power_up)
    sdio_read_block                          0x0001e1e9   Thumb Code    28  sdio.o(.text.sdio_read_block)
    sdio_scr_get                             0x0001e205   Thumb Code   148  sdio.o(.text.sdio_scr_get)
    sdio_write_block                         0x0001e299   Thumb Code    28  sdio.o(.text.sdio_write_block)
    write_transaction_save                   0x0001e4a5   Thumb Code   140  am_hal_uart.o(.text.write_transaction_save)
    __aeabi_d2f                              0x0001e531   Thumb Code     0  d2f.o(x$fpl$d2f)
    _d2f                                     0x0001e531   Thumb Code    98  d2f.o(x$fpl$d2f)
    __fpl_dnaninf                            0x0001e593   Thumb Code   156  dnaninf.o(x$fpl$dnaninf)
    _fp_init                                 0x0001e62f   Thumb Code    26  fpinit.o(x$fpl$fpinit)
    __fplib_config_fpu_vfp                   0x0001e647   Thumb Code     0  fpinit.o(x$fpl$fpinit)
    __fplib_config_pureend_doubles           0x0001e647   Thumb Code     0  fpinit.o(x$fpl$fpinit)
    __fpl_fretinf                            0x0001e649   Thumb Code    10  fretinf.o(x$fpl$fretinf)
    __I$use$fp                               0x0001e652   Number         0  usenofp.o(x$fpl$usenofp)
    am_hal_cachectrl_defaults                0x0001e652   Data           3  am_hal_cachectrl.o(.rodata.am_hal_cachectrl_defaults)
    am_hal_daxi_defaults                     0x0001e655   Data           5  am_hal_cachectrl.o(.rodata.am_hal_daxi_defaults)
    am_hal_pwrctrl_peripheral_control        0x0001e65c   Data         544  am_hal_pwrctrl.o(.rodata.am_hal_pwrctrl_peripheral_control)
    g_DefaultMcuMemCfg                       0x0001e87c   Data           6  am_hal_pwrctrl.o(.rodata.g_DefaultMcuMemCfg)
    g_DefaultSRAMCfg                         0x0001e882   Data           6  am_hal_pwrctrl.o(.rodata.g_DefaultSRAMCfg)
    g_GPIO_56_SDIO_PWR                       0x0001e888   Data           4  sdio_gpio.o(.rodata.g_GPIO_56_SDIO_PWR)
    g_GPIO_83_SDIO_CMD                       0x0001e88c   Data           4  sdio_gpio.o(.rodata.g_GPIO_83_SDIO_CMD)
    g_GPIO_84_SDIO_D0                        0x0001e890   Data           4  sdio_gpio.o(.rodata.g_GPIO_84_SDIO_D0)
    g_GPIO_85_SDIO_D1                        0x0001e894   Data           4  sdio_gpio.o(.rodata.g_GPIO_85_SDIO_D1)
    g_GPIO_86_SDIO_D2                        0x0001e898   Data           4  sdio_gpio.o(.rodata.g_GPIO_86_SDIO_D2)
    g_GPIO_87_SDIO_D3                        0x0001e89c   Data           4  sdio_gpio.o(.rodata.g_GPIO_87_SDIO_D3)
    g_GPIO_88_SDIO_CLK                       0x0001e8a0   Data           4  sdio_gpio.o(.rodata.g_GPIO_88_SDIO_CLK)
    g_GPIO_OFF                               0x0001e8a4   Data           4  sdio_gpio.o(.rodata.g_GPIO_OFF)
    g_am_hal_bootrom_helper                  0x0001e8a8   Data          40  am_hal_bootrom_helper.o(.rodata.g_am_hal_bootrom_helper)
    sGlobalAccess                            0x0001e8ec   Data          28  am_resources.o(.rodata.sGlobalAccess)
    ui32DSP0Allowed                          0x0001efc4   Data          20  am_resources.o(.rodata.ui32DSP0Allowed)
    ui32DSP1Allowed                          0x0001efd8   Data          20  am_resources.o(.rodata.ui32DSP1Allowed)
    ui32MCUAllowed                           0x0001efec   Data          20  am_resources.o(.rodata.ui32MCUAllowed)
    ui32SharedAccess                         0x0001f000   Data          20  am_resources.o(.rodata.ui32SharedAccess)
    Region$$Table$$Base                      0x0001f014   Number         0  anon$$obj.o(Region$$Table)
    Region$$Table$$Limit                     0x0001f044   Number         0  anon$$obj.o(Region$$Table)
    gDaxiConfig                              0x10000000   Data           5  am_hal_cachectrl.o(.data.gDaxiConfig)
    gDcuDisable                              0x10000008   Data           8  am_hal_dcu.o(.data.gDcuDisable)
    gDcuEnable                               0x10000010   Data           8  am_hal_dcu.o(.data.gDcuEnable)
    g_AM_BSP_GPIO_COM_UART_RX                0x10000018   Data           4  bsp.o(.data.g_AM_BSP_GPIO_COM_UART_RX)
    g_AM_BSP_GPIO_COM_UART_TX                0x1000001c   Data           4  bsp.o(.data.g_AM_BSP_GPIO_COM_UART_TX)
    g_ui32TrimVer                            0x10000024   Data           4  am_hal_pwrctrl.o(.data.g_ui32TrimVer)
    g_ui32origSimobuckVDDStrim               0x10000028   Data           4  am_hal_pwrctrl.o(.data.g_ui32origSimobuckVDDStrim)
    gpDcuEnable                              0x1000002c   Data           4  am_hal_dcu.o(.data.gpDcuEnable)
    gpDcuLock                                0x10000030   Data           4  am_hal_dcu.o(.data.gpDcuLock)
    sd_card_host                             0x10000034   Data         704  sdio.o(.data.sd_card_host)
    __libspace_start                         0x100002f8   Data          96  libspace.o(.bss)
    CMD8_error                               0x10000358   Data           1  sdio.o(.bss.CMD8_error)
    __temporary_stack_top$libspace           0x10000358   Data           0  libspace.o(.bss)
    bAsyncReadIsDone                         0x100003dc   Data           1  sdio.o(.bss.bAsyncReadIsDone)
    bAsyncWriteIsDone                        0x100003dd   Data           1  sdio.o(.bss.bAsyncWriteIsDone)
    gStartOff                                0x100003e0   Data           4  am_hal_dcu.o(.bss.gStartOff)
    g_AM_BSP_GPIO_ITM_SWO                    0x100003e4   Data           4  bsp.o(.bss.g_AM_BSP_GPIO_ITM_SWO)
    g_am_hal_uart_states                     0x1000043c   Data         736  am_hal_uart.o(.bss.g_am_hal_uart_states)
    g_pfnCharPrint                           0x10000740   Data           4  am_util_stdio.o(.bss.g_pfnCharPrint)
    sd_card_csd                              0x1000134c   Data          32  sdio.o(.bss.sd_card_csd)
    sd_card_scr                              0x1000136c   Data           9  sdio.o(.bss.sd_card_scr)
    sd_card_status                           0x10001375   Data           4  sdio.o(.bss.sd_card_status)
    sdhc_intstat                             0x1000137c   Data           4  sdhc.o(.bss.sdhc_intstat)
    psGlobalAccessPtr                        0x10060000   Data           4  am_resources.o(RESOURCE_TABLE)
    ui32MCUClaimed                           0x10060004   Data          20  am_resources.o(SHARED_RW)
    ui32DSP0Claimed                          0x10060018   Data          20  am_resources.o(SHARED_RW)
    ui32DSP1Claimed                          0x1006002c   Data          20  am_resources.o(SHARED_RW)



==============================================================================

Memory Map of the image

  Image Entry point : 0x00018239

  Load Region LR_1 (Base: 0x00018000, Size: 0x00007380, Max: 0xffffffff, ABSOLUTE, COMPRESSED[0x000070c0])

    Execution Region MCU_MRAM (Exec base: 0x00018000, Load base: 0x00018000, Size: 0x00007044, Max: 0x001e8000, ABSOLUTE)

    Exec Addr    Load Addr    Size         Type   Attr      Idx    E Section Name        Object

    0x00018000   0x00018000   0x00000238   Code   RO          239    RESET               startup_keil.o
    0x00018238   0x00018238   0x00000008   Code   RO         1108  * !!!main             c_w.l(__main.o)
    0x00018240   0x00018240   0x00000034   Code   RO         1284    !!!scatter          c_w.l(__scatter.o)
    0x00018274   0x00018274   0x0000003a   Code   RO         1282    !!dczerorl          c_w.l(__dczerorl.o)
    0x000182ae   0x000182ae   0x00000002   PAD
    0x000182b0   0x000182b0   0x0000001a   Code   RO         1110    !!handler_copy      c_w.l(__scatter_copy.o)
    0x000182ca   0x000182ca   0x00000002   PAD
    0x000182cc   0x000182cc   0x0000001c   Code   RO         1286    !!handler_zi        c_w.l(__scatter_zi.o)
    0x000182e8   0x000182e8   0x00000002   Code   RO         1144    .ARM.Collect$$libinit$$00000000  c_w.l(libinit.o)
    0x000182ea   0x000182ea   0x00000004   Code   RO         1150    .ARM.Collect$$libinit$$00000001  c_w.l(libinit2.o)
    0x000182ee   0x000182ee   0x00000000   Code   RO         1153    .ARM.Collect$$libinit$$00000004  c_w.l(libinit2.o)
    0x000182ee   0x000182ee   0x00000000   Code   RO         1155    .ARM.Collect$$libinit$$00000006  c_w.l(libinit2.o)
    0x000182ee   0x000182ee   0x00000000   Code   RO         1158    .ARM.Collect$$libinit$$0000000C  c_w.l(libinit2.o)
    0x000182ee   0x000182ee   0x00000000   Code   RO         1160    .ARM.Collect$$libinit$$0000000E  c_w.l(libinit2.o)
    0x000182ee   0x000182ee   0x00000000   Code   RO         1162    .ARM.Collect$$libinit$$00000010  c_w.l(libinit2.o)
    0x000182ee   0x000182ee   0x00000000   Code   RO         1165    .ARM.Collect$$libinit$$00000013  c_w.l(libinit2.o)
    0x000182ee   0x000182ee   0x00000000   Code   RO         1167    .ARM.Collect$$libinit$$00000015  c_w.l(libinit2.o)
    0x000182ee   0x000182ee   0x00000000   Code   RO         1169    .ARM.Collect$$libinit$$00000017  c_w.l(libinit2.o)
    0x000182ee   0x000182ee   0x00000000   Code   RO         1171    .ARM.Collect$$libinit$$00000019  c_w.l(libinit2.o)
    0x000182ee   0x000182ee   0x00000000   Code   RO         1173    .ARM.Collect$$libinit$$0000001B  c_w.l(libinit2.o)
    0x000182ee   0x000182ee   0x00000000   Code   RO         1175    .ARM.Collect$$libinit$$0000001D  c_w.l(libinit2.o)
    0x000182ee   0x000182ee   0x00000000   Code   RO         1177    .ARM.Collect$$libinit$$0000001F  c_w.l(libinit2.o)
    0x000182ee   0x000182ee   0x00000000   Code   RO         1179    .ARM.Collect$$libinit$$00000021  c_w.l(libinit2.o)
    0x000182ee   0x000182ee   0x00000000   Code   RO         1181    .ARM.Collect$$libinit$$00000023  c_w.l(libinit2.o)
    0x000182ee   0x000182ee   0x00000000   Code   RO         1183    .ARM.Collect$$libinit$$00000025  c_w.l(libinit2.o)
    0x000182ee   0x000182ee   0x00000000   Code   RO         1185    .ARM.Collect$$libinit$$00000027  c_w.l(libinit2.o)
    0x000182ee   0x000182ee   0x00000000   Code   RO         1189    .ARM.Collect$$libinit$$0000002E  c_w.l(libinit2.o)
    0x000182ee   0x000182ee   0x00000000   Code   RO         1191    .ARM.Collect$$libinit$$00000030  c_w.l(libinit2.o)
    0x000182ee   0x000182ee   0x00000000   Code   RO         1193    .ARM.Collect$$libinit$$00000032  c_w.l(libinit2.o)
    0x000182ee   0x000182ee   0x00000000   Code   RO         1195    .ARM.Collect$$libinit$$00000034  c_w.l(libinit2.o)
    0x000182ee   0x000182ee   0x00000002   Code   RO         1196    .ARM.Collect$$libinit$$00000035  c_w.l(libinit2.o)
    0x000182f0   0x000182f0   0x00000002   Code   RO         1218    .ARM.Collect$$libshutdown$$00000000  c_w.l(libshutdown.o)
    0x000182f2   0x000182f2   0x00000000   Code   RO         1233    .ARM.Collect$$libshutdown$$00000002  c_w.l(libshutdown2.o)
    0x000182f2   0x000182f2   0x00000000   Code   RO         1235    .ARM.Collect$$libshutdown$$00000004  c_w.l(libshutdown2.o)
    0x000182f2   0x000182f2   0x00000000   Code   RO         1238    .ARM.Collect$$libshutdown$$00000007  c_w.l(libshutdown2.o)
    0x000182f2   0x000182f2   0x00000000   Code   RO         1241    .ARM.Collect$$libshutdown$$0000000A  c_w.l(libshutdown2.o)
    0x000182f2   0x000182f2   0x00000000   Code   RO         1243    .ARM.Collect$$libshutdown$$0000000C  c_w.l(libshutdown2.o)
    0x000182f2   0x000182f2   0x00000000   Code   RO         1246    .ARM.Collect$$libshutdown$$0000000F  c_w.l(libshutdown2.o)
    0x000182f2   0x000182f2   0x00000002   Code   RO         1247    .ARM.Collect$$libshutdown$$00000010  c_w.l(libshutdown2.o)
    0x000182f4   0x000182f4   0x00000000   Code   RO         1114    .ARM.Collect$$rtentry$$00000000  c_w.l(__rtentry.o)
    0x000182f4   0x000182f4   0x00000000   Code   RO         1121    .ARM.Collect$$rtentry$$00000002  c_w.l(__rtentry2.o)
    0x000182f4   0x000182f4   0x00000006   Code   RO         1133    .ARM.Collect$$rtentry$$00000004  c_w.l(__rtentry4.o)
    0x000182fa   0x000182fa   0x00000000   Code   RO         1123    .ARM.Collect$$rtentry$$00000009  c_w.l(__rtentry2.o)
    0x000182fa   0x000182fa   0x00000004   Code   RO         1124    .ARM.Collect$$rtentry$$0000000A  c_w.l(__rtentry2.o)
    0x000182fe   0x000182fe   0x00000000   Code   RO         1126    .ARM.Collect$$rtentry$$0000000C  c_w.l(__rtentry2.o)
    0x000182fe   0x000182fe   0x00000008   Code   RO         1127    .ARM.Collect$$rtentry$$0000000D  c_w.l(__rtentry2.o)
    0x00018306   0x00018306   0x00000002   Code   RO         1148    .ARM.Collect$$rtexit$$00000000  c_w.l(rtexit.o)
    0x00018308   0x00018308   0x00000000   Code   RO         1198    .ARM.Collect$$rtexit$$00000002  c_w.l(rtexit2.o)
    0x00018308   0x00018308   0x00000004   Code   RO         1199    .ARM.Collect$$rtexit$$00000003  c_w.l(rtexit2.o)
    0x0001830c   0x0001830c   0x00000006   Code   RO         1200    .ARM.Collect$$rtexit$$00000004  c_w.l(rtexit2.o)
    0x00018312   0x00018312   0x00000002   PAD
    0x00018314   0x00018314   0x00000018   Code   RO          240    .text               startup_keil.o
    0x0001832c   0x0001832c   0x00000044   Code   RO         1102    .text               c_w.l(rt_memclr.o)
    0x00018370   0x00018370   0x0000004e   Code   RO         1104    .text               c_w.l(rt_memclr_w.o)
    0x000183be   0x000183be   0x00000006   Code   RO         1106    .text               c_w.l(heapauxi.o)
    0x000183c4   0x000183c4   0x0000004a   Code   RO         1135    .text               c_w.l(sys_stackheap_outer.o)
    0x0001840e   0x0001840e   0x00000012   Code   RO         1137    .text               c_w.l(exit.o)
    0x00018420   0x00018420   0x00000008   Code   RO         1145    .text               c_w.l(libspace.o)
    0x00018428   0x00018428   0x0000000c   Code   RO         1208    .text               c_w.l(sys_exit.o)
    0x00018434   0x00018434   0x00000002   Code   RO         1223    .text               c_w.l(use_no_semi.o)
    0x00018436   0x00018436   0x00000000   Code   RO         1225    .text               c_w.l(indicate_semi.o)
    0x00018436   0x00018436   0x00000002   PAD
    0x00018438   0x00018438   0x00000078   Code   RO          650    .text.TrimVersionGet  am_hal_pwrctrl.o
    0x000184b0   0x000184b0   0x00000038   Code   RO          957    .text.__NVIC_DisableIRQ  am_hal_sdhc.o
    0x000184e8   0x000184e8   0x00000030   Code   RO           51    .text.__NVIC_EnableIRQ  bsp.o
    0x00018518   0x00018518   0x00000030   Code   RO          163    .text.__NVIC_EnableIRQ  sdhc.o
    0x00018548   0x00018548   0x00000042   Code   RO           49    .text.__NVIC_SetPriority  bsp.o
    0x0001858a   0x0001858a   0x00000002   PAD
    0x0001858c   0x0001858c   0x00000042   Code   RO          161    .text.__NVIC_SetPriority  sdhc.o
    0x000185ce   0x000185ce   0x00000002   PAD
    0x000185d0   0x000185d0   0x000000d6   Code   RO           37    .text.am_bsp_buffered_uart_printf_enable  bsp.o
    0x000186a6   0x000186a6   0x00000002   PAD
    0x000186a8   0x000186a8   0x00000050   Code   RO           31    .text.am_bsp_debug_printf_enable  bsp.o
    0x000186f8   0x000186f8   0x0000009a   Code   RO           33    .text.am_bsp_itm_printf_enable  bsp.o
    0x00018792   0x00018792   0x00000002   PAD
    0x00018794   0x00018794   0x00000014   Code   RO           29    .text.am_bsp_low_power_init  bsp.o
    0x000187a8   0x000187a8   0x0000009a   Code   RO           35    .text.am_bsp_uart_printf_enable  bsp.o
    0x00018842   0x00018842   0x00000002   PAD
    0x00018844   0x00018844   0x00000060   Code   RO           47    .text.am_bsp_uart_string_print  bsp.o
    0x000188a4   0x000188a4   0x00000054   Code   RO          630    .text.am_get_pwrctrl  am_hal_pwrctrl.o
    0x000188f8   0x000188f8   0x00000050   Code   RO          568    .text.am_hal_cachectrl_config  am_hal_cachectrl.o
    0x00018948   0x00018948   0x0000001e   Code   RO          570    .text.am_hal_cachectrl_enable  am_hal_cachectrl.o
    0x00018966   0x00018966   0x00000002   PAD
    0x00018968   0x00018968   0x0000007c   Code   RO          578    .text.am_hal_daxi_config  am_hal_cachectrl.o
    0x000189e4   0x000189e4   0x00000056   Code   RO          580    .text.am_hal_daxi_control  am_hal_cachectrl.o
    0x00018a3a   0x00018a3a   0x00000002   PAD
    0x00018a3c   0x00018a3c   0x00000050   Code   RO          764    .text.am_hal_dcu_get  am_hal_dcu.o
    0x00018a8c   0x00018a8c   0x0000001e   Code   RO          766    .text.am_hal_dcu_raw_get  am_hal_dcu.o
    0x00018aaa   0x00018aaa   0x00000002   PAD
    0x00018aac   0x00018aac   0x000000e8   Code   RO          770    .text.am_hal_dcu_raw_update  am_hal_dcu.o
    0x00018b94   0x00018b94   0x00000058   Code   RO          768    .text.am_hal_dcu_update  am_hal_dcu.o
    0x00018bec   0x00018bec   0x00000058   Code   RO          882    .text.am_hal_delay_us  am_hal_utils.o
    0x00018c44   0x00018c44   0x00000046   Code   RO          884    .text.am_hal_delay_us_status_change  am_hal_utils.o
    0x00018c8a   0x00018c8a   0x00000002   PAD
    0x00018c8c   0x00018c8c   0x00000074   Code   RO          886    .text.am_hal_delay_us_status_check  am_hal_utils.o
    0x00018d00   0x00018d00   0x00000072   Code   RO          340    .text.am_hal_gpio_pinconfig  am_hal_gpio.o
    0x00018d72   0x00018d72   0x00000002   PAD
    0x00018d74   0x00018d74   0x00000008   Code   RO          912    .text.am_hal_interrupt_master_disable  am_hal_interrupt.o
    0x00018d7c   0x00018d7c   0x00000008   Code   RO          910    .text.am_hal_interrupt_master_enable  am_hal_interrupt.o
    0x00018d84   0x00018d84   0x00000006   Code   RO          914    .text.am_hal_interrupt_master_set  am_hal_interrupt.o
    0x00018d8a   0x00018d8a   0x00000002   PAD
    0x00018d8c   0x00018d8c   0x00000066   Code   RO          789    .text.am_hal_itm_enable  am_hal_itm.o
    0x00018df2   0x00018df2   0x00000002   PAD
    0x00018df4   0x00018df4   0x00000040   Code   RO          811    .text.am_hal_itm_print  am_hal_itm.o
    0x00018e34   0x00018e34   0x0000002c   Code   RO          805    .text.am_hal_itm_stimulus_reg_byte_write  am_hal_itm.o
    0x00018e60   0x00018e60   0x000000c2   Code   RO         1016    .text.am_hal_mram_info_read  am_hal_mram.o
    0x00018f22   0x00018f22   0x00000002   PAD
    0x00018f24   0x00018f24   0x00000216   Code   RO          648    .text.am_hal_pwrctrl_control  am_hal_pwrctrl.o
    0x0001913a   0x0001913a   0x00000002   PAD
    0x0001913c   0x0001913c   0x0000003c   Code   RO          614    .text.am_hal_pwrctrl_dsp_memory_config  am_hal_pwrctrl.o
    0x00019178   0x00019178   0x0000027e   Code   RO          642    .text.am_hal_pwrctrl_low_power_init  am_hal_pwrctrl.o
    0x000193f6   0x000193f6   0x00000002   PAD
    0x000193f8   0x000193f8   0x0000021a   Code   RO          604    .text.am_hal_pwrctrl_mcu_memory_config  am_hal_pwrctrl.o
    0x00019612   0x00019612   0x00000002   PAD
    0x00019614   0x00019614   0x000000ca   Code   RO          632    .text.am_hal_pwrctrl_periph_disable  am_hal_pwrctrl.o
    0x000196de   0x000196de   0x00000002   PAD
    0x000196e0   0x000196e0   0x0000010a   Code   RO          628    .text.am_hal_pwrctrl_periph_enable  am_hal_pwrctrl.o
    0x000197ea   0x000197ea   0x00000002   PAD
    0x000197ec   0x000197ec   0x00000052   Code   RO          638    .text.am_hal_pwrctrl_periph_enabled  am_hal_pwrctrl.o
    0x0001983e   0x0001983e   0x00000002   PAD
    0x00019840   0x00019840   0x00000130   Code   RO          608    .text.am_hal_pwrctrl_sram_config  am_hal_pwrctrl.o
    0x00019970   0x00019970   0x0000002e   Code   RO         1082    .text.am_hal_queue_init  am_hal_queue.o
    0x0001999e   0x0001999e   0x00000002   PAD
    0x000199a0   0x000199a0   0x000000a4   Code   RO         1084    .text.am_hal_queue_item_add  am_hal_queue.o
    0x00019a44   0x00019a44   0x000000a0   Code   RO         1086    .text.am_hal_queue_item_get  am_hal_queue.o
    0x00019ae4   0x00019ae4   0x00000014   Code   RO          713    .text.am_hal_rtc_osc_disable  am_hal_rtc.o
    0x00019af8   0x00019af8   0x00000064   Code   RO          207    .text.am_hal_sdhc_check_data_error_type  sdhc.o
    0x00019b5c   0x00019b5c   0x00000050   Code   RO          925    .text.am_hal_sdhc_deinitialize  am_hal_sdhc.o
    0x00019bac   0x00019bac   0x000000a8   Code   RO          955    .text.am_hal_sdhc_disable  am_hal_sdhc.o
    0x00019c54   0x00019c54   0x00000088   Code   RO          923    .text.am_hal_sdhc_initialize  am_hal_sdhc.o
    0x00019cdc   0x00019cdc   0x0000006c   Code   RO          929    .text.am_hal_sdhc_intr_status_disable  am_hal_sdhc.o
    0x00019d48   0x00019d48   0x000000a4   Code   RO          205    .text.am_hal_sdhc_pio_xfer_data  sdhc.o
    0x00019dec   0x00019dec   0x00000168   Code   RO          927    .text.am_hal_sdhc_power_control  am_hal_sdhc.o
    0x00019f54   0x00019f54   0x00000036   Code   RO          203    .text.am_hal_sdhc_sdma_xfer_data  sdhc.o
    0x00019f8a   0x00019f8a   0x00000002   PAD
    0x00019f8c   0x00019f8c   0x000000b2   Code   RO          937    .text.am_hal_sdhc_set_bus_width  am_hal_sdhc.o
    0x0001a03e   0x0001a03e   0x00000002   PAD
    0x0001a040   0x0001a040   0x00000098   Code   RO          899    .text.am_hal_tpiu_enable  am_hal_tpiu.o
    0x0001a0d8   0x0001a0d8   0x000000da   Code   RO          828    .text.am_hal_uart_buffer_configure  am_hal_uart.o
    0x0001a1b2   0x0001a1b2   0x00000002   PAD
    0x0001a1b4   0x0001a1b4   0x00000242   Code   RO          834    .text.am_hal_uart_configure  am_hal_uart.o
    0x0001a3f6   0x0001a3f6   0x00000002   PAD
    0x0001a3f8   0x0001a3f8   0x00000086   Code   RO          838    .text.am_hal_uart_fifo_read  am_hal_uart.o
    0x0001a47e   0x0001a47e   0x00000002   PAD
    0x0001a480   0x0001a480   0x0000006c   Code   RO          840    .text.am_hal_uart_fifo_write  am_hal_uart.o
    0x0001a4ec   0x0001a4ec   0x000000fa   Code   RO          820    .text.am_hal_uart_initialize  am_hal_uart.o
    0x0001a5e6   0x0001a5e6   0x00000002   PAD
    0x0001a5e8   0x0001a5e8   0x0000005a   Code   RO          826    .text.am_hal_uart_interrupt_clear  am_hal_uart.o
    0x0001a642   0x0001a642   0x00000002   PAD
    0x0001a644   0x0001a644   0x000001dc   Code   RO          824    .text.am_hal_uart_power_control  am_hal_uart.o
    0x0001a820   0x0001a820   0x0000005a   Code   RO          842    .text.am_hal_uart_transfer  am_hal_uart.o
    0x0001a87a   0x0001a87a   0x00000002   PAD
    0x0001a87c   0x0001a87c   0x0000002a   Code   RO           76    .text.am_sdio_isr   sdio.o
    0x0001a8a6   0x0001a8a6   0x00000002   PAD
    0x0001a8a8   0x0001a8a8   0x00000016   Code   RO          327    .text.am_util_delay_ms  am_util_delay.o
    0x0001a8be   0x0001a8be   0x00000002   PAD
    0x0001a8c0   0x0001a8c0   0x00000010   Code   RO          329    .text.am_util_delay_us  am_util_delay.o
    0x0001a8d0   0x0001a8d0   0x0000005c   Code   RO          302    .text.am_util_stdio_printf  am_util_stdio.o
    0x0001a92c   0x0001a92c   0x00000014   Code   RO          274    .text.am_util_stdio_printf_init  am_util_stdio.o
    0x0001a940   0x0001a940   0x00000654   Code   RO          280    .text.am_util_stdio_vsprintf  am_util_stdio.o
    0x0001af94   0x0001af94   0x0000007c   Code   RO          846    .text.blocking_read  am_hal_uart.o
    0x0001b010   0x0001b010   0x0000007c   Code   RO          844    .text.blocking_write  am_hal_uart.o
    0x0001b08c   0x0001b08c   0x00000058   Code   RO          644    .text.buck_ldo_override_init  am_hal_pwrctrl.o
    0x0001b0e4   0x0001b0e4   0x00000108   Code   RO          836    .text.config_baudrate  am_hal_uart.o
    0x0001b1ec   0x0001b1ec   0x0000002a   Code   RO          774    .text.copy_words    am_hal_dcu.o
    0x0001b216   0x0001b216   0x00000002   PAD
    0x0001b218   0x0001b218   0x00000194   Code   RO          626    .text.crypto_boost_trims  am_hal_pwrctrl.o
    0x0001b3ac   0x0001b3ac   0x00000060   Code   RO          634    .text.crypto_quiesce  am_hal_pwrctrl.o
    0x0001b40c   0x0001b40c   0x0000002e   Code   RO          582    .text.daxi_flush_complete  am_hal_cachectrl.o
    0x0001b43a   0x0001b43a   0x00000002   PAD
    0x0001b43c   0x0001b43c   0x0000005a   Code   RO          584    .text.daxi_flush_invalidate  am_hal_cachectrl.o
    0x0001b496   0x0001b496   0x00000002   PAD
    0x0001b498   0x0001b498   0x000000a6   Code   RO          282    .text.decstr_to_int  am_util_stdio.o
    0x0001b53e   0x0001b53e   0x00000002   PAD
    0x0001b540   0x0001b540   0x00000118   Code   RO          312    .text.divu64_10     am_util_stdio.o
    0x0001b658   0x0001b658   0x00000170   Code   RO          616    .text.dsp0_memory_config  am_hal_pwrctrl.o
    0x0001b7c8   0x0001b7c8   0x00000170   Code   RO          618    .text.dsp1_memory_config  am_hal_pwrctrl.o
    0x0001b938   0x0001b938   0x00000230   Code   RO          298    .text.ftoa          am_util_stdio.o
    0x0001bb68   0x0001bb68   0x00000084   Code   RO          760    .text.get_raw_dcu_mask  am_hal_dcu.o
    0x0001bbec   0x0001bbec   0x0000008e   Code   RO          756    .text.get_ui32_dcu_mask  am_hal_dcu.o
    0x0001bc7a   0x0001bc7a   0x00000002   PAD
    0x0001bc7c   0x0001bc7c   0x00000254   Code   RO           16    .text.main          sdio_ap4_plus.o
    0x0001bed0   0x0001bed0   0x0000004c   Code   RO           14    .text.memory_config  sdio_ap4_plus.o
    0x0001bf1c   0x0001bf1c   0x0000003e   Code   RO          288    .text.ndigits_in_hex  am_util_stdio.o
    0x0001bf5a   0x0001bf5a   0x00000002   PAD
    0x0001bf5c   0x0001bf5c   0x00000030   Code   RO          296    .text.ndigits_in_i64  am_util_stdio.o
    0x0001bf8c   0x0001bf8c   0x0000003c   Code   RO          292    .text.ndigits_in_u64  am_util_stdio.o
    0x0001bfc8   0x0001bfc8   0x00000078   Code   RO          850    .text.nonblocking_read  am_hal_uart.o
    0x0001c040   0x0001c040   0x00000112   Code   RO          866    .text.nonblocking_read_sm  am_hal_uart.o
    0x0001c152   0x0001c152   0x00000002   PAD
    0x0001c154   0x0001c154   0x00000074   Code   RO          848    .text.nonblocking_write  am_hal_uart.o
    0x0001c1c8   0x0001c1c8   0x00000120   Code   RO          868    .text.nonblocking_write_sm  am_hal_uart.o
    0x0001c2e8   0x0001c2e8   0x00000050   Code   RO          286    .text.padbuffer     am_util_stdio.o
    0x0001c338   0x0001c338   0x000000fc   Code   RO          636    .text.pwrctrl_periph_disable_msk_check  am_hal_pwrctrl.o
    0x0001c434   0x0001c434   0x00000086   Code   RO          832    .text.read_transaction_save  am_hal_uart.o
    0x0001c4ba   0x0001c4ba   0x00000002   PAD
    0x0001c4bc   0x0001c4bc   0x0000004c   Code   RO          870    .text.rx_queue_update  am_hal_uart.o
    0x0001c508   0x0001c508   0x00000062   Code   RO          201    .text.sdhc_check_cmd_error_type  sdhc.o
    0x0001c56a   0x0001c56a   0x00000002   PAD
    0x0001c56c   0x0001c56c   0x00000076   Code   RO          191    .text.sdhc_check_cmd_inhibit  sdhc.o
    0x0001c5e2   0x0001c5e2   0x00000002   PAD
    0x0001c5e4   0x0001c5e4   0x00000064   Code   RO          155    .text.sdhc_check_data_error_type  sdhc.o
    0x0001c648   0x0001c648   0x00000104   Code   RO          157    .text.sdhc_enable   sdhc.o
    0x0001c74c   0x0001c74c   0x00000174   Code   RO          181    .text.sdhc_execute_cmd  sdhc.o
    0x0001c8c0   0x0001c8c0   0x0000006c   Code   RO          187    .text.sdhc_get_cmd_response  sdhc.o
    0x0001c92c   0x0001c92c   0x000000b6   Code   RO          175    .text.sdhc_host_config  sdhc.o
    0x0001c9e2   0x0001c9e2   0x00000002   PAD
    0x0001c9e4   0x0001c9e4   0x0000004c   Code   RO          179    .text.sdhc_host_deinit  sdhc.o
    0x0001ca30   0x0001ca30   0x00000052   Code   RO          177    .text.sdhc_host_init  sdhc.o
    0x0001ca82   0x0001ca82   0x00000002   PAD
    0x0001ca84   0x0001ca84   0x0000018e   Code   RO          149    .text.sdhc_interrupt_service  sdhc.o
    0x0001cc12   0x0001cc12   0x00000002   PAD
    0x0001cc14   0x0001cc14   0x000000a4   Code   RO          151    .text.sdhc_pio_xfer_data  sdhc.o
    0x0001ccb8   0x0001ccb8   0x00000080   Code   RO          197    .text.sdhc_prepare_adma_table  sdhc.o
    0x0001cd38   0x0001cd38   0x000000a4   Code   RO          193    .text.sdhc_prepare_cmd  sdhc.o
    0x0001cddc   0x0001cddc   0x0000005c   Code   RO          199    .text.sdhc_prepare_sdhci_adma_desc  sdhc.o
    0x0001ce38   0x0001ce38   0x0000017e   Code   RO          195    .text.sdhc_prepare_xfer  sdhc.o
    0x0001cfb6   0x0001cfb6   0x00000002   PAD
    0x0001cfb8   0x0001cfb8   0x00000036   Code   RO          153    .text.sdhc_sdma_xfer_data  sdhc.o
    0x0001cfee   0x0001cfee   0x00000002   PAD
    0x0001cff0   0x0001cff0   0x0000007a   Code   RO          183    .text.sdhc_send_cmd  sdhc.o
    0x0001d06a   0x0001d06a   0x00000002   PAD
    0x0001d06c   0x0001d06c   0x000000e4   Code   RO          171    .text.sdhc_set_bus_clock  sdhc.o
    0x0001d150   0x0001d150   0x0000007e   Code   RO          169    .text.sdhc_set_bus_voltage  sdhc.o
    0x0001d1ce   0x0001d1ce   0x00000002   PAD
    0x0001d1d0   0x0001d1d0   0x00000040   Code   RO          167    .text.sdhc_set_bus_width  sdhc.o
    0x0001d210   0x0001d210   0x0000006c   Code   RO          159    .text.sdhc_software_reset  sdhc.o
    0x0001d27c   0x0001d27c   0x0000007a   Code   RO          185    .text.sdhc_wait_cmd_done  sdhc.o
    0x0001d2f6   0x0001d2f6   0x00000002   PAD
    0x0001d2f8   0x0001d2f8   0x00000220   Code   RO          189    .text.sdhc_xfer_data  sdhc.o
    0x0001d518   0x0001d518   0x0000015e   Code   RO           96    .text.sdio_acmd41_sd_app_op_cond  sdio.o
    0x0001d676   0x0001d676   0x00000002   PAD
    0x0001d678   0x0001d678   0x000000ca   Code   RO          114    .text.sdio_acmd51_send_scr  sdio.o
    0x0001d742   0x0001d742   0x00000002   PAD
    0x0001d744   0x0001d744   0x000000f0   Code   RO          118    .text.sdio_acmd6_set_bus_width  sdio.o
    0x0001d834   0x0001d834   0x00000050   Code   RO           88    .text.sdio_card_host_init  sdio.o
    0x0001d884   0x0001d884   0x0000020a   Code   RO          128    .text.sdio_card_init  sdio.o
    0x0001da8e   0x0001da8e   0x00000002   PAD
    0x0001da90   0x0001da90   0x0000002a   Code   RO           90    .text.sdio_cmd0_go_idle  sdio.o
    0x0001daba   0x0001daba   0x00000002   PAD
    0x0001dabc   0x0001dabc   0x00000048   Code   RO          122    .text.sdio_cmd16_set_blocklen  sdio.o
    0x0001db04   0x0001db04   0x00000076   Code   RO          124    .text.sdio_cmd17_read_single_block  sdio.o
    0x0001db7a   0x0001db7a   0x00000002   PAD
    0x0001db7c   0x0001db7c   0x00000070   Code   RO          126    .text.sdio_cmd24_write_single_block  sdio.o
    0x0001dbec   0x0001dbec   0x00000070   Code   RO          102    .text.sdio_cmd2_all_send_cid  sdio.o
    0x0001dc5c   0x0001dc5c   0x00000048   Code   RO          104    .text.sdio_cmd3_send_rel_addr  sdio.o
    0x0001dca4   0x0001dca4   0x0000007c   Code   RO          120    .text.sdio_cmd6_switch_func  sdio.o
    0x0001dd20   0x0001dd20   0x0000004c   Code   RO          108    .text.sdio_cmd7_select_card  sdio.o
    0x0001dd6c   0x0001dd6c   0x0000004e   Code   RO           98    .text.sdio_cmd8_send_if_cond  sdio.o
    0x0001ddba   0x0001ddba   0x00000002   PAD
    0x0001ddbc   0x0001ddbc   0x0000006e   Code   RO          106    .text.sdio_cmd9_send_csd  sdio.o
    0x0001de2a   0x0001de2a   0x00000002   PAD
    0x0001de2c   0x0001de2c   0x00000162   Code   RO          116    .text.sdio_csd_decode  sdio.o
    0x0001df8e   0x0001df8e   0x00000002   PAD
    0x0001df90   0x0001df90   0x000000fa   Code   RO           74    .text.sdio_event_cb  sdio.o
    0x0001e08a   0x0001e08a   0x00000002   PAD
    0x0001e08c   0x0001e08c   0x0000005a   Code   RO           84    .text.sdio_execute_cmd  sdio.o
    0x0001e0e6   0x0001e0e6   0x00000002   PAD
    0x0001e0e8   0x0001e0e8   0x00000062   Code   RO          219    .text.sdio_gpio_power_down  sdio_gpio.o
    0x0001e14a   0x0001e14a   0x00000002   PAD
    0x0001e14c   0x0001e14c   0x0000009c   Code   RO          221    .text.sdio_gpio_power_up  sdio_gpio.o
    0x0001e1e8   0x0001e1e8   0x0000001c   Code   RO          132    .text.sdio_read_block  sdio.o
    0x0001e204   0x0001e204   0x00000094   Code   RO          112    .text.sdio_scr_get  sdio.o
    0x0001e298   0x0001e298   0x0000001c   Code   RO          130    .text.sdio_write_block  sdio.o
    0x0001e2b4   0x0001e2b4   0x00000036   Code   RO          284    .text.simple_strlen  am_util_stdio.o
    0x0001e2ea   0x0001e2ea   0x00000002   PAD
    0x0001e2ec   0x0001e2ec   0x0000006e   Code   RO          872    .text.tx_queue_update  am_hal_uart.o
    0x0001e35a   0x0001e35a   0x00000002   PAD
    0x0001e35c   0x0001e35c   0x000000c0   Code   RO          290    .text.uint64_to_hexstr  am_util_stdio.o
    0x0001e41c   0x0001e41c   0x00000088   Code   RO          294    .text.uint64_to_str  am_util_stdio.o
    0x0001e4a4   0x0001e4a4   0x0000008c   Code   RO          830    .text.write_transaction_save  am_hal_uart.o
    0x0001e530   0x0001e530   0x00000062   Code   RO         1112    x$fpl$d2f           fz_wm.l(d2f.o)
    0x0001e592   0x0001e592   0x0000009c   Code   RO         1115    x$fpl$dnaninf       fz_wm.l(dnaninf.o)
    0x0001e62e   0x0001e62e   0x0000001a   Code   RO         1206    x$fpl$fpinit        fz_wm.l(fpinit.o)
    0x0001e648   0x0001e648   0x0000000a   Code   RO         1117    x$fpl$fretinf       fz_wm.l(fretinf.o)
    0x0001e652   0x0001e652   0x00000000   Code   RO         1119    x$fpl$usenofp       fz_wm.l(usenofp.o)
    0x0001e652   0x0001e652   0x00000003   Data   RO          590    .rodata.am_hal_cachectrl_defaults  am_hal_cachectrl.o
    0x0001e655   0x0001e655   0x00000005   Data   RO          591    .rodata.am_hal_daxi_defaults  am_hal_cachectrl.o
    0x0001e65a   0x0001e65a   0x00000002   PAD
    0x0001e65c   0x0001e65c   0x00000220   Data   RO          669    .rodata.am_hal_pwrctrl_peripheral_control  am_hal_pwrctrl.o
    0x0001e87c   0x0001e87c   0x00000006   Data   RO          670    .rodata.g_DefaultMcuMemCfg  am_hal_pwrctrl.o
    0x0001e882   0x0001e882   0x00000006   Data   RO          671    .rodata.g_DefaultSRAMCfg  am_hal_pwrctrl.o
    0x0001e888   0x0001e888   0x00000004   Data   RO          223    .rodata.g_GPIO_56_SDIO_PWR  sdio_gpio.o
    0x0001e88c   0x0001e88c   0x00000004   Data   RO          229    .rodata.g_GPIO_83_SDIO_CMD  sdio_gpio.o
    0x0001e890   0x0001e890   0x00000004   Data   RO          224    .rodata.g_GPIO_84_SDIO_D0  sdio_gpio.o
    0x0001e894   0x0001e894   0x00000004   Data   RO          225    .rodata.g_GPIO_85_SDIO_D1  sdio_gpio.o
    0x0001e898   0x0001e898   0x00000004   Data   RO          226    .rodata.g_GPIO_86_SDIO_D2  sdio_gpio.o
    0x0001e89c   0x0001e89c   0x00000004   Data   RO          227    .rodata.g_GPIO_87_SDIO_D3  sdio_gpio.o
    0x0001e8a0   0x0001e8a0   0x00000004   Data   RO          228    .rodata.g_GPIO_88_SDIO_CLK  sdio_gpio.o
    0x0001e8a4   0x0001e8a4   0x00000004   Data   RO          230    .rodata.g_GPIO_OFF  sdio_gpio.o
    0x0001e8a8   0x0001e8a8   0x00000028   Data   RO         1095    .rodata.g_am_hal_bootrom_helper  am_hal_bootrom_helper.o
    0x0001e8d0   0x0001e8d0   0x0000000c   Data   RO           64    .rodata.g_sBspUartConfig  bsp.o
    0x0001e8dc   0x0001e8dc   0x00000010   Data   RO          374    .rodata.g_ui32DSpintbl  am_hal_gpio.o
    0x0001e8ec   0x0001e8ec   0x0000001c   Data   RO            7    .rodata.sGlobalAccess  am_resources.o
    0x0001e908   0x0001e908   0x000000f3   Data   RO           20    .rodata.str1.1      sdio_ap4_plus.o
    0x0001e9fb   0x0001e9fb   0x000001bd   Data   RO          140    .rodata.str1.1      sdio.o
    0x0001ebb8   0x0001ebb8   0x0000040c   Data   RO          210    .rodata.str1.1      sdhc.o
    0x0001efc4   0x0001efc4   0x00000014   Data   RO            3    .rodata.ui32DSP0Allowed  am_resources.o
    0x0001efd8   0x0001efd8   0x00000014   Data   RO            4    .rodata.ui32DSP1Allowed  am_resources.o
    0x0001efec   0x0001efec   0x00000014   Data   RO            2    .rodata.ui32MCUAllowed  am_resources.o
    0x0001f000   0x0001f000   0x00000014   Data   RO            5    .rodata.ui32SharedAccess  am_resources.o
    0x0001f014   0x0001f014   0x00000030   Data   RO         1281    Region$$Table       anon$$obj.o


    Execution Region MCU_TCM (Exec base: 0x10000000, Load base: 0x0001f048, Size: 0x00002380, Max: 0x00060000, ABSOLUTE, COMPRESSED[0x00000038])

    Exec Addr    Load Addr    Size         Type   Attr      Idx    E Section Name        Object

    0x10000000   COMPRESSED   0x00000005   Data   RW          592    .data.gDaxiConfig   am_hal_cachectrl.o
    0x10000005   COMPRESSED   0x00000003   PAD
    0x10000008   COMPRESSED   0x00000008   Data   RW          779    .data.gDcuDisable   am_hal_dcu.o
    0x10000010   COMPRESSED   0x00000008   Data   RW          778    .data.gDcuEnable    am_hal_dcu.o
    0x10000018   COMPRESSED   0x00000004   Data   RW           59    .data.g_AM_BSP_GPIO_COM_UART_RX  bsp.o
    0x1000001c   COMPRESSED   0x00000004   Data   RW           58    .data.g_AM_BSP_GPIO_COM_UART_TX  bsp.o
    0x10000020   COMPRESSED   0x00000001   Data   RW           62    .data.g_ePrintInterface  bsp.o
    0x10000021   COMPRESSED   0x00000003   PAD
    0x10000024   COMPRESSED   0x00000004   Data   RW          667    .data.g_ui32TrimVer  am_hal_pwrctrl.o
    0x10000028   COMPRESSED   0x00000004   Data   RW          668    .data.g_ui32origSimobuckVDDStrim  am_hal_pwrctrl.o
    0x1000002c   COMPRESSED   0x00000004   Data   RW          780    .data.gpDcuEnable   am_hal_dcu.o
    0x10000030   COMPRESSED   0x00000004   Data   RW          781    .data.gpDcuLock     am_hal_dcu.o
    0x10000034   COMPRESSED   0x000002c0   Data   RW          134    .data.sd_card_host  sdio.o
    0x100002f4   COMPRESSED   0x00000004   PAD
    0x100002f8        -       0x00000060   Zero   RW         1146    .bss                c_w.l(libspace.o)
    0x10000358        -       0x00000001   Zero   RW          141    .bss.CMD8_error     sdio.o
    0x10000359   COMPRESSED   0x00000003   PAD
    0x1000035c        -       0x00000080   Zero   RW          211    .bss.adma_desc_table  sdhc.o
    0x100003dc        -       0x00000001   Zero   RW          139    .bss.bAsyncReadIsDone  sdio.o
    0x100003dd        -       0x00000001   Zero   RW          138    .bss.bAsyncWriteIsDone  sdio.o
    0x100003de   COMPRESSED   0x00000002   PAD
    0x100003e0        -       0x00000004   Zero   RW          776    .bss.gStartOff      am_hal_dcu.o
    0x100003e4        -       0x00000004   Zero   RW           57    .bss.g_AM_BSP_GPIO_ITM_SWO  bsp.o
    0x100003e8        -       0x00000054   Zero   RW          999    .bss.g_SDHCState    am_hal_sdhc.o
    0x1000043c        -       0x000002e0   Zero   RW          874    .bss.g_am_hal_uart_states  am_hal_uart.o
    0x1000071c        -       0x00000001   Zero   RW          673    .bss.g_bBoostForCryptoApplied  am_hal_pwrctrl.o
    0x1000071d        -       0x00000001   Zero   RW          677    .bss.g_bOrigTrimsStored  am_hal_pwrctrl.o
    0x1000071e        -       0x00000001   Zero   RW          315    .bss.g_bTxtXlate    am_util_stdio.o
    0x1000071f   COMPRESSED   0x00000001   PAD
    0x10000720        -       0x00000004   Zero   RW          675    .bss.g_i32LatestLDOActTrim  am_hal_pwrctrl.o
    0x10000724        -       0x00000004   Zero   RW          674    .bss.g_i32LatestVddfActTrim  am_hal_pwrctrl.o
    0x10000728        -       0x00000004   Zero   RW          678    .bss.g_orig_ACTTRIMVDDF  am_hal_pwrctrl.o
    0x1000072c        -       0x00000004   Zero   RW          680    .bss.g_orig_LPTRIMVDDF  am_hal_pwrctrl.o
    0x10000730        -       0x00000004   Zero   RW          679    .bss.g_orig_MEMLDOACTIVETRIM  am_hal_pwrctrl.o
    0x10000734        -       0x00000004   Zero   RW          681    .bss.g_orig_MEMLPLDOTRIM  am_hal_pwrctrl.o
    0x10000738        -       0x00000004   Zero   RW          682    .bss.g_orig_TVRGVREFTRIM  am_hal_pwrctrl.o
    0x1000073c        -       0x00000004   Zero   RW          683    .bss.g_pfTempMeasured  am_hal_pwrctrl.o
    0x10000740        -       0x00000004   Zero   RW          314    .bss.g_pfnCharPrint  am_util_stdio.o
    0x10000744        -       0x00000400   Zero   RW          316    .bss.g_prfbuf       am_util_stdio.o
    0x10000b44        -       0x00000004   Zero   RW           63    .bss.g_sCOMUART     bsp.o
    0x10000b48        -       0x00000004   Zero   RW          676    .bss.g_ui32VDDFAdjustCodes  am_hal_pwrctrl.o
    0x10000b4c        -       0x00000400   Zero   RW           66    .bss.pui8UartRxBuffer  bsp.o
    0x10000f4c        -       0x00000400   Zero   RW           65    .bss.pui8UartTxBuffer  bsp.o
    0x1000134c        -       0x00000020   Zero   RW          136    .bss.sd_card_csd    sdio.o
    0x1000136c        -       0x00000009   Zero   RW          137    .bss.sd_card_scr    sdio.o
    0x10001375        -       0x00000004   Zero   RW          135    .bss.sd_card_status  sdio.o
    0x10001379   COMPRESSED   0x00000003   PAD
    0x1000137c        -       0x00000004   Zero   RW          209    .bss.sdhc_intstat   sdhc.o
    0x10001380        -       0x00000000   Zero   RW          238    HEAP                startup_keil.o
    0x10001380        -       0x00001000   Zero   RW          237    STACK               startup_keil.o


    Execution Region SHARED_SRAM (Exec base: 0x10060000, Load base: 0x0001f080, Size: 0x00000040, Max: 0x00100000, ABSOLUTE)

    Exec Addr    Load Addr    Size         Type   Attr      Idx    E Section Name        Object

    0x10060000   0x0001f080   0x00000004   Data   RW            8    RESOURCE_TABLE      am_resources.o
    0x10060004   0x0001f084   0x0000003c   Data   RW            6    SHARED_RW           am_resources.o


==============================================================================

Image component sizes


      Code (inc. data)   RO Data    RW Data    ZI Data      Debug   Object Name

         0          0         40          0          0       1163   am_hal_bootrom_helper.o
       456          4          8          5          0      10072   am_hal_cachectrl.o
       746          0          0         24          4      67511   am_hal_dcu.o
       114          0         16          0          0     139877   am_hal_gpio.o
        22          0          0          0          0        778   am_hal_interrupt.o
       210          0          0          0          0      20580   am_hal_itm.o
       194          0          0          0          0       2031   am_hal_mram.o
      4404         18        556          8         38      90072   am_hal_pwrctrl.o
       370          0          0          0          0       1962   am_hal_queue.o
        20          0          0          0          0      11298   am_hal_rtc.o
      1086          0          0          0         84     159353   am_hal_sdhc.o
       152          0          0          0          0      18370   am_hal_tpiu.o
      3714         10          0          0        736      18029   am_hal_uart.o
       274          0          0          0          0      17517   am_hal_utils.o
         0          0        108         64          0       1078   am_resources.o
        38          0          0          0          0        846   am_util_delay.o
      3370        102          0          0       1029       8548   am_util_stdio.o
       832          0         12          9       2056      57131   bsp.o
      4524          0       1036          0        132     156594   sdhc.o
      3250          0        445        704         48      43201   sdio.o
       672          0        243          0          0       3361   sdio_ap4_plus.o
       254          0         32          0          0     113669   sdio_gpio.o
       592        532          0          0       4096       1272   startup_keil.o

    ----------------------------------------------------------------------
     25416        666       2546        820       8236     944313   Object Totals
         0          0         48          0          0          0   (incl. Generated)
       122          0          2          6         13          0   (incl. Padding)

    ----------------------------------------------------------------------

      Code (inc. data)   RO Data    RW Data    ZI Data      Debug   Library Member Name

        58          0          0          0          0          0   __dczerorl.o
         8          0          0          0          0         68   __main.o
         0          0          0          0          0          0   __rtentry.o
        12          0          0          0          0          0   __rtentry2.o
         6          0          0          0          0          0   __rtentry4.o
        52          8          0          0          0          0   __scatter.o
        26          0          0          0          0         68   __scatter_copy.o
        28          0          0          0          0          0   __scatter_zi.o
        18          0          0          0          0         80   exit.o
         6          0          0          0          0        152   heapauxi.o
         0          0          0          0          0          0   indicate_semi.o
         2          0          0          0          0          0   libinit.o
         6          0          0          0          0          0   libinit2.o
         2          0          0          0          0          0   libshutdown.o
         2          0          0          0          0          0   libshutdown2.o
         8          4          0          0         96         68   libspace.o
        68          0          0          0          0         68   rt_memclr.o
        78          0          0          0          0         80   rt_memclr_w.o
         2          0          0          0          0          0   rtexit.o
        10          0          0          0          0          0   rtexit2.o
        12          4          0          0          0         68   sys_exit.o
        74          0          0          0          0         80   sys_stackheap_outer.o
         2          0          0          0          0         68   use_no_semi.o
        98          4          0          0          0        140   d2f.o
       156          4          0          0          0        140   dnaninf.o
        26          0          0          0          0        116   fpinit.o
        10          0          0          0          0        116   fretinf.o
         0          0          0          0          0          0   usenofp.o

    ----------------------------------------------------------------------
       778         24          0          0         96       1312   Library Totals
         8          0          0          0          0          0   (incl. Padding)

    ----------------------------------------------------------------------

      Code (inc. data)   RO Data    RW Data    ZI Data      Debug   Library Name

       480         16          0          0         96        800   c_w.l
       290          8          0          0          0        512   fz_wm.l

    ----------------------------------------------------------------------
       778         24          0          0         96       1312   Library Totals

    ----------------------------------------------------------------------

==============================================================================


      Code (inc. data)   RO Data    RW Data    ZI Data      Debug   

     26194        690       2546        820       8332     944533   Grand Totals
     26194        690       2546        120       8332     944533   ELF Image Totals (compressed)
     26194        690       2546        120          0          0   ROM Totals

==============================================================================

    Total RO  Size (Code + RO Data)                28740 (  28.07kB)
    Total RW  Size (RW Data + ZI Data)              9152 (   8.94kB)
    Total ROM Size (Code + RO Data + RW Data)      28860 (  28.18kB)

==============================================================================

