Component: Arm Compiler for Embedded 6.19 Tool: armlink [5e73cb00]

==============================================================================

Section Cross References

    am_resources.o(.rodata.sGlobalAccess) refers to am_resources.o(.rodata.ui32SharedAccess) for ui32SharedAccess
    am_resources.o(.rodata.sGlobalAccess) refers to am_resources.o(.rodata.ui32MCUAllowed) for ui32MCUAllowed
    am_resources.o(.rodata.sGlobalAccess) refers to am_resources.o(.rodata.ui32DSP0Allowed) for ui32DSP0Allowed
    am_resources.o(.rodata.sGlobalAccess) refers to am_resources.o(.rodata.ui32DSP1Allowed) for ui32DSP1Allowed
    am_resources.o(.rodata.sGlobalAccess) refers to am_resources.o(SHARED_RW) for ui32MCUClaimed
    am_resources.o(RESOURCE_TABLE) refers to am_resources.o(.rodata.sGlobalAccess) for sGlobalAccess
    sdio_ap4_plus.o(.text.sdio_gpio_config) refers to sdio_ap4_plus.o(.data.g_GPIO_56_SDIO_PWR) for g_GPIO_56_SDIO_PWR
    sdio_ap4_plus.o(.text.sdio_gpio_config) refers to am_hal_gpio.o(.text.am_hal_gpio_pinconfig) for am_hal_gpio_pinconfig
    sdio_ap4_plus.o(.text.sdio_gpio_config) refers to sdio_ap4_plus.o(.data.g_GPIO_84_SDIO_D0) for g_GPIO_84_SDIO_D0
    sdio_ap4_plus.o(.text.sdio_gpio_config) refers to sdio_ap4_plus.o(.data.g_GPIO_85_SDIO_D1) for g_GPIO_85_SDIO_D1
    sdio_ap4_plus.o(.text.sdio_gpio_config) refers to sdio_ap4_plus.o(.data.g_GPIO_86_SDIO_D2) for g_GPIO_86_SDIO_D2
    sdio_ap4_plus.o(.text.sdio_gpio_config) refers to sdio_ap4_plus.o(.data.g_GPIO_87_SDIO_D3) for g_GPIO_87_SDIO_D3
    sdio_ap4_plus.o(.text.sdio_gpio_config) refers to sdio_ap4_plus.o(.data.g_GPIO_88_SDIO_CLK) for g_GPIO_88_SDIO_CLK
    sdio_ap4_plus.o(.text.sdio_gpio_config) refers to sdio_ap4_plus.o(.data.g_GPIO_83_SDIO_CMD) for g_GPIO_83_SDIO_CMD
    sdio_ap4_plus.o(.text.sdio_gpio_config) refers to am_util_delay.o(.text.am_util_delay_ms) for am_util_delay_ms
    sdio_ap4_plus.o(.ARM.exidx.text.sdio_gpio_config) refers to sdio_ap4_plus.o(.text.sdio_gpio_config) for [Anonymous Symbol]
    sdio_ap4_plus.o(.text.memory_config) refers to am_hal_pwrctrl.o(.text.am_hal_pwrctrl_mcu_memory_config) for am_hal_pwrctrl_mcu_memory_config
    sdio_ap4_plus.o(.text.memory_config) refers to am_hal_pwrctrl.o(.text.am_hal_pwrctrl_sram_config) for am_hal_pwrctrl_sram_config
    sdio_ap4_plus.o(.text.memory_config) refers to am_hal_pwrctrl.o(.text.am_hal_pwrctrl_dsp_memory_config) for am_hal_pwrctrl_dsp_memory_config
    sdio_ap4_plus.o(.ARM.exidx.text.memory_config) refers to sdio_ap4_plus.o(.text.memory_config) for [Anonymous Symbol]
    sdio_ap4_plus.o(.text.card_event_cb) refers to sdio_ap4_plus.o(.bss.bAsyncReadIsDone) for bAsyncReadIsDone
    sdio_ap4_plus.o(.text.card_event_cb) refers to sdio_ap4_plus.o(.rodata.str1.1) for .L.str
    sdio_ap4_plus.o(.text.card_event_cb) refers to am_util_stdio.o(.text.am_util_stdio_printf) for am_util_stdio_printf
    sdio_ap4_plus.o(.text.card_event_cb) refers to sdio_ap4_plus.o(.bss.bAsyncWriteIsDone) for bAsyncWriteIsDone
    sdio_ap4_plus.o(.ARM.exidx.text.card_event_cb) refers to sdio_ap4_plus.o(.text.card_event_cb) for [Anonymous Symbol]
    sdio_ap4_plus.o(.text.am_sdio_isr) refers to sdio_ap4_plus.o(.bss.pSdhcCardHost) for pSdhcCardHost
    sdio_ap4_plus.o(.text.am_sdio_isr) refers to am_hal_sdhc.o(.text.am_hal_sdhc_intr_status_get) for am_hal_sdhc_intr_status_get
    sdio_ap4_plus.o(.text.am_sdio_isr) refers to am_hal_sdhc.o(.text.am_hal_sdhc_intr_status_clear) for am_hal_sdhc_intr_status_clear
    sdio_ap4_plus.o(.text.am_sdio_isr) refers to am_hal_sdhc.o(.text.am_hal_sdhc_interrupt_service) for am_hal_sdhc_interrupt_service
    sdio_ap4_plus.o(.ARM.exidx.text.am_sdio_isr) refers to sdio_ap4_plus.o(.text.am_sdio_isr) for [Anonymous Symbol]
    sdio_ap4_plus.o(.text.main) refers to am_hal_cachectrl.o(.rodata.am_hal_cachectrl_defaults) for am_hal_cachectrl_defaults
    sdio_ap4_plus.o(.text.main) refers to am_hal_cachectrl.o(.text.am_hal_cachectrl_config) for am_hal_cachectrl_config
    sdio_ap4_plus.o(.text.main) refers to am_hal_cachectrl.o(.text.am_hal_cachectrl_enable) for am_hal_cachectrl_enable
    sdio_ap4_plus.o(.text.main) refers to bsp.o(.text.am_bsp_low_power_init) for am_bsp_low_power_init
    sdio_ap4_plus.o(.text.main) refers to sdio_ap4_plus.o(.text.memory_config) for memory_config
    sdio_ap4_plus.o(.text.main) refers to sdio_ap4_plus.o(.text.sdio_gpio_config) for sdio_gpio_config
    sdio_ap4_plus.o(.text.main) refers to am_hal_interrupt.o(.text.am_hal_interrupt_master_enable) for am_hal_interrupt_master_enable
    sdio_ap4_plus.o(.text.main) refers to bsp.o(.text.am_bsp_debug_printf_enable) for am_bsp_debug_printf_enable
    sdio_ap4_plus.o(.text.main) refers to am_hal_card_host.o(.text.am_hal_get_card_host) for am_hal_get_card_host
    sdio_ap4_plus.o(.text.main) refers to sdio_ap4_plus.o(.bss.pSdhcCardHost) for pSdhcCardHost
    sdio_ap4_plus.o(.text.main) refers to sdio_ap4_plus.o(.rodata.str1.1) for .L.str.6
[...]
    [Anonymous Symbol]                       0x0001a5b8   Section        0  am_hal_sdhc.o(.text.am_hal_sdhc_intr_status_get)
    am_hal_sdhc_pio_xfer_data                0x0001a655   Thumb Code   164  am_hal_sdhc.o(.text.am_hal_sdhc_pio_xfer_data)
    [Anonymous Symbol]                       0x0001a654   Section        0  am_hal_sdhc.o(.text.am_hal_sdhc_pio_xfer_data)
    [Anonymous Symbol]                       0x0001a6f8   Section        0  am_hal_sdhc.o(.text.am_hal_sdhc_power_control)
    am_hal_sdhc_prepare_adma_table           0x0001a861   Thumb Code   128  am_hal_sdhc.o(.text.am_hal_sdhc_prepare_adma_table)
    [Anonymous Symbol]                       0x0001a860   Section        0  am_hal_sdhc.o(.text.am_hal_sdhc_prepare_adma_table)
    am_hal_sdhc_prepare_cmd                  0x0001a8e1   Thumb Code   164  am_hal_sdhc.o(.text.am_hal_sdhc_prepare_cmd)
    [Anonymous Symbol]                       0x0001a8e0   Section        0  am_hal_sdhc.o(.text.am_hal_sdhc_prepare_cmd)
    am_hal_sdhc_prepare_sdhci_adma_desc      0x0001a985   Thumb Code    92  am_hal_sdhc.o(.text.am_hal_sdhc_prepare_sdhci_adma_desc)
    [Anonymous Symbol]                       0x0001a984   Section        0  am_hal_sdhc.o(.text.am_hal_sdhc_prepare_sdhci_adma_desc)
    am_hal_sdhc_prepare_xfer                 0x0001a9e1   Thumb Code   374  am_hal_sdhc.o(.text.am_hal_sdhc_prepare_xfer)
    [Anonymous Symbol]                       0x0001a9e0   Section        0  am_hal_sdhc.o(.text.am_hal_sdhc_prepare_xfer)
    am_hal_sdhc_sdma_xfer_data               0x0001ab59   Thumb Code    54  am_hal_sdhc.o(.text.am_hal_sdhc_sdma_xfer_data)
    [Anonymous Symbol]                       0x0001ab58   Section        0  am_hal_sdhc.o(.text.am_hal_sdhc_sdma_xfer_data)
    am_hal_sdhc_send_cmd                     0x0001ab91   Thumb Code   122  am_hal_sdhc.o(.text.am_hal_sdhc_send_cmd)
    [Anonymous Symbol]                       0x0001ab90   Section        0  am_hal_sdhc.o(.text.am_hal_sdhc_send_cmd)
    [Anonymous Symbol]                       0x0001ac0c   Section        0  am_hal_sdhc.o(.text.am_hal_sdhc_set_bus_clock)
    [Anonymous Symbol]                       0x0001ad3c   Section        0  am_hal_sdhc.o(.text.am_hal_sdhc_set_bus_voltage)
    [Anonymous Symbol]                       0x0001ae0c   Section        0  am_hal_sdhc.o(.text.am_hal_sdhc_set_bus_width)
    [Anonymous Symbol]                       0x0001aec0   Section        0  am_hal_sdhc.o(.text.am_hal_sdhc_set_txrx_delay)
    [Anonymous Symbol]                       0x0001af1c   Section        0  am_hal_sdhc.o(.text.am_hal_sdhc_set_uhs_mode)
    [Anonymous Symbol]                       0x0001afbc   Section        0  am_hal_sdhc.o(.text.am_hal_sdhc_setup_host)
    am_hal_sdhc_software_reset               0x0001b08d   Thumb Code   108  am_hal_sdhc.o(.text.am_hal_sdhc_software_reset)
    [Anonymous Symbol]                       0x0001b08c   Section        0  am_hal_sdhc.o(.text.am_hal_sdhc_software_reset)
    am_hal_sdhc_wait_cmd_done                0x0001b0f9   Thumb Code   120  am_hal_sdhc.o(.text.am_hal_sdhc_wait_cmd_done)
    [Anonymous Symbol]                       0x0001b0f8   Section        0  am_hal_sdhc.o(.text.am_hal_sdhc_wait_cmd_done)
    am_hal_sdhc_xfer_data                    0x0001b171   Thumb Code   544  am_hal_sdhc.o(.text.am_hal_sdhc_xfer_data)
    [Anonymous Symbol]                       0x0001b170   Section        0  am_hal_sdhc.o(.text.am_hal_sdhc_xfer_data)
    [Anonymous Symbol]                       0x0001b390   Section        0  am_hal_tpiu.o(.text.am_hal_tpiu_enable)
    [Anonymous Symbol]                       0x0001b428   Section        0  am_hal_uart.o(.text.am_hal_uart_buffer_configure)
    [Anonymous Symbol]                       0x0001b504   Section        0  am_hal_uart.o(.text.am_hal_uart_configure)
    [Anonymous Symbol]                       0x0001b748   Section        0  am_hal_uart.o(.text.am_hal_uart_fifo_read)
    [Anonymous Symbol]                       0x0001b7d0   Section        0  am_hal_uart.o(.text.am_hal_uart_fifo_write)
    [Anonymous Symbol]                       0x0001b83c   Section        0  am_hal_uart.o(.text.am_hal_uart_initialize)
    [Anonymous Symbol]                       0x0001b938   Section        0  am_hal_uart.o(.text.am_hal_uart_interrupt_clear)
    [Anonymous Symbol]                       0x0001b994   Section        0  am_hal_uart.o(.text.am_hal_uart_power_control)
    [Anonymous Symbol]                       0x0001bb70   Section        0  am_hal_uart.o(.text.am_hal_uart_transfer)
    [Anonymous Symbol]                       0x0001bbcc   Section        0  sdio_ap4_plus.o(.text.am_sdio_isr)
    [Anonymous Symbol]                       0x0001bc04   Section        0  am_util_delay.o(.text.am_util_delay_ms)
    [Anonymous Symbol]                       0x0001bc1c   Section        0  am_util_delay.o(.text.am_util_delay_us)
    [Anonymous Symbol]                       0x0001bc2c   Section        0  am_util_stdio.o(.text.am_util_stdio_printf)
    [Anonymous Symbol]                       0x0001bc88   Section        0  am_util_stdio.o(.text.am_util_stdio_printf_init)
    [Anonymous Symbol]                       0x0001bc9c   Section        0  am_util_stdio.o(.text.am_util_stdio_vsprintf)
    blocking_read                            0x0001c2f1   Thumb Code   124  am_hal_uart.o(.text.blocking_read)
    [Anonymous Symbol]                       0x0001c2f0   Section        0  am_hal_uart.o(.text.blocking_read)
    blocking_write                           0x0001c36d   Thumb Code   124  am_hal_uart.o(.text.blocking_write)
    [Anonymous Symbol]                       0x0001c36c   Section        0  am_hal_uart.o(.text.blocking_write)
    [Anonymous Symbol]                       0x0001c3e8   Section        0  am_hal_pwrctrl.o(.text.buck_ldo_override_init)
    config_baudrate                          0x0001c441   Thumb Code   264  am_hal_uart.o(.text.config_baudrate)
    [Anonymous Symbol]                       0x0001c440   Section        0  am_hal_uart.o(.text.config_baudrate)
    copy_words                               0x0001c549   Thumb Code    42  am_hal_dcu.o(.text.copy_words)
    [Anonymous Symbol]                       0x0001c548   Section        0  am_hal_dcu.o(.text.copy_words)
    [Anonymous Symbol]                       0x0001c574   Section        0  am_hal_pwrctrl.o(.text.crypto_boost_trims)
    crypto_quiesce                           0x0001c709   Thumb Code    96  am_hal_pwrctrl.o(.text.crypto_quiesce)
    [Anonymous Symbol]                       0x0001c708   Section        0  am_hal_pwrctrl.o(.text.crypto_quiesce)
    daxi_flush_complete                      0x0001c769   Thumb Code    46  am_hal_cachectrl.o(.text.daxi_flush_complete)
    [Anonymous Symbol]                       0x0001c768   Section        0  am_hal_cachectrl.o(.text.daxi_flush_complete)
    daxi_flush_invalidate                    0x0001c799   Thumb Code    90  am_hal_cachectrl.o(.text.daxi_flush_invalidate)
    [Anonymous Symbol]                       0x0001c798   Section        0  am_hal_cachectrl.o(.text.daxi_flush_invalidate)
    decstr_to_int                            0x0001c7f5   Thumb Code   166  am_util_stdio.o(.text.decstr_to_int)
    [Anonymous Symbol]                       0x0001c7f4   Section        0  am_util_stdio.o(.text.decstr_to_int)
    divu64_10                                0x0001c89d   Thumb Code   280  am_util_stdio.o(.text.divu64_10)
    [Anonymous Symbol]                       0x0001c89c   Section        0  am_util_stdio.o(.text.divu64_10)
    dsp0_memory_config                       0x0001c9b5   Thumb Code   368  am_hal_pwrctrl.o(.text.dsp0_memory_config)
    [Anonymous Symbol]                       0x0001c9b4   Section        0  am_hal_pwrctrl.o(.text.dsp0_memory_config)
    dsp1_memory_config                       0x0001cb25   Thumb Code   368  am_hal_pwrctrl.o(.text.dsp1_memory_config)
    [Anonymous Symbol]                       0x0001cb24   Section        0  am_hal_pwrctrl.o(.text.dsp1_memory_config)
    ftoa                                     0x0001cc95   Thumb Code   560  am_util_stdio.o(.text.ftoa)
    [Anonymous Symbol]                       0x0001cc94   Section        0  am_util_stdio.o(.text.ftoa)
    get_raw_dcu_mask                         0x0001cec5   Thumb Code   132  am_hal_dcu.o(.text.get_raw_dcu_mask)
    [Anonymous Symbol]                       0x0001cec4   Section        0  am_hal_dcu.o(.text.get_raw_dcu_mask)
    get_ui32_dcu_mask                        0x0001cf49   Thumb Code   142  am_hal_dcu.o(.text.get_ui32_dcu_mask)
    [Anonymous Symbol]                       0x0001cf48   Section        0  am_hal_dcu.o(.text.get_ui32_dcu_mask)
    [Anonymous Symbol]                       0x0001cfd8   Section        0  sdio_ap4_plus.o(.text.main)
    [Anonymous Symbol]                       0x0001d040   Section        0  sdio_ap4_plus.o(.text.memory_config)
    ndigits_in_hex                           0x0001d08d   Thumb Code    62  am_util_stdio.o(.text.ndigits_in_hex)
    [Anonymous Symbol]                       0x0001d08c   Section        0  am_util_stdio.o(.text.ndigits_in_hex)
    ndigits_in_i64                           0x0001d0cd   Thumb Code    48  am_util_stdio.o(.text.ndigits_in_i64)
    [Anonymous Symbol]                       0x0001d0cc   Section        0  am_util_stdio.o(.text.ndigits_in_i64)
    ndigits_in_u64                           0x0001d0fd   Thumb Code    60  am_util_stdio.o(.text.ndigits_in_u64)
    [Anonymous Symbol]                       0x0001d0fc   Section        0  am_util_stdio.o(.text.ndigits_in_u64)
    nonblocking_read                         0x0001d139   Thumb Code   120  am_hal_uart.o(.text.nonblocking_read)
    [Anonymous Symbol]                       0x0001d138   Section        0  am_hal_uart.o(.text.nonblocking_read)
    nonblocking_read_sm                      0x0001d1b1   Thumb Code   274  am_hal_uart.o(.text.nonblocking_read_sm)
    [Anonymous Symbol]                       0x0001d1b0   Section        0  am_hal_uart.o(.text.nonblocking_read_sm)
    nonblocking_write                        0x0001d2c5   Thumb Code   116  am_hal_uart.o(.text.nonblocking_write)
    [Anonymous Symbol]                       0x0001d2c4   Section        0  am_hal_uart.o(.text.nonblocking_write)
    nonblocking_write_sm                     0x0001d339   Thumb Code   288  am_hal_uart.o(.text.nonblocking_write_sm)
    [Anonymous Symbol]                       0x0001d338   Section        0  am_hal_uart.o(.text.nonblocking_write_sm)
    padbuffer                                0x0001d459   Thumb Code    80  am_util_stdio.o(.text.padbuffer)
    [Anonymous Symbol]                       0x0001d458   Section        0  am_util_stdio.o(.text.padbuffer)
    pwrctrl_periph_disable_msk_check         0x0001d4a9   Thumb Code   252  am_hal_pwrctrl.o(.text.pwrctrl_periph_disable_msk_check)
    [Anonymous Symbol]                       0x0001d4a8   Section        0  am_hal_pwrctrl.o(.text.pwrctrl_periph_disable_msk_check)
    [Anonymous Symbol]                       0x0001d5a4   Section        0  am_hal_uart.o(.text.read_transaction_save)
    rx_queue_update                          0x0001d62d   Thumb Code    76  am_hal_uart.o(.text.rx_queue_update)
    [Anonymous Symbol]                       0x0001d62c   Section        0  am_hal_uart.o(.text.rx_queue_update)
    [Anonymous Symbol]                       0x0001d678   Section        0  sdio_ap4_plus.o(.text.sdio_gpio_config)
    simple_strlen                            0x0001d701   Thumb Code    54  am_util_stdio.o(.text.simple_strlen)
    [Anonymous Symbol]                       0x0001d700   Section        0  am_util_stdio.o(.text.simple_strlen)
    tx_queue_update                          0x0001d739   Thumb Code   110  am_hal_uart.o(.text.tx_queue_update)
    [Anonymous Symbol]                       0x0001d738   Section        0  am_hal_uart.o(.text.tx_queue_update)
    uint64_to_hexstr                         0x0001d7a9   Thumb Code   192  am_util_stdio.o(.text.uint64_to_hexstr)
    [Anonymous Symbol]                       0x0001d7a8   Section        0  am_util_stdio.o(.text.uint64_to_hexstr)
    uint64_to_str                            0x0001d869   Thumb Code   136  am_util_stdio.o(.text.uint64_to_str)
    [Anonymous Symbol]                       0x0001d868   Section        0  am_util_stdio.o(.text.uint64_to_str)
    [Anonymous Symbol]                       0x0001d8f0   Section        0  am_hal_uart.o(.text.write_transaction_save)
    $v0                                      0x0001d97c   Number         0  d2f.o(x$fpl$d2f)
    x$fpl$d2f                                0x0001d97c   Section       98  d2f.o(x$fpl$d2f)
    $v0                                      0x0001d9de   Number         0  dnaninf.o(x$fpl$dnaninf)
    x$fpl$dnaninf                            0x0001d9de   Section      156  dnaninf.o(x$fpl$dnaninf)
    $v0                                      0x0001da7a   Number         0  fpinit.o(x$fpl$fpinit)
    x$fpl$fpinit                             0x0001da7a   Section       26  fpinit.o(x$fpl$fpinit)
    $v0                                      0x0001da94   Number         0  fretinf.o(x$fpl$fretinf)
    x$fpl$fretinf                            0x0001da94   Section       10  fretinf.o(x$fpl$fretinf)
    x$fpl$usenofp                            0x0001da9e   Section        0  usenofp.o(x$fpl$usenofp)
    g_sBspUartConfig                         0x0001dcfc   Data          12  bsp.o(.rodata.g_sBspUartConfig)
    [Anonymous Symbol]                       0x0001dcfc   Section        0  bsp.o(.rodata.g_sBspUartConfig)
    g_ui32DSpintbl                           0x0001dd08   Data          16  am_hal_gpio.o(.rodata.g_ui32DSpintbl)
    [Anonymous Symbol]                       0x0001dd08   Section        0  am_hal_gpio.o(.rodata.g_ui32DSpintbl)
    __tagsym$$used.4                         0x0001dd18   Number         0  am_resources.o(.rodata.sGlobalAccess)
    .L.str                                   0x0001dd34   Data          27  sdio_ap4_plus.o(.rodata.str1.1)
    .L.str.7                                 0x0001dd34   Data          21  sdio_ap4_plus.o(.rodata.str1.1)
    [Anonymous Symbol]                       0x0001dd34   Section        0  sdio_ap4_plus.o(.rodata.str1.1)
    .L.str.6                                 0x0001dd49   Data          17  sdio_ap4_plus.o(.rodata.str1.1)
    .L.str.1                                 0x0001dd4f   Data          28  sdio_ap4_plus.o(.rodata.str1.1)
    .L.str                                   0x0001dd5a   Data          79  am_hal_card_host.o(.rodata.str1.1)
    [Anonymous Symbol]                       0x0001dd5a   Section        0  am_hal_card_host.o(.rodata.str1.1)
    .L.str.2                                 0x0001dd6b   Data          27  sdio_ap4_plus.o(.rodata.str1.1)
    .L.str.3                                 0x0001dd86   Data          28  sdio_ap4_plus.o(.rodata.str1.1)
    .L.str.4                                 0x0001dda2   Data          20  sdio_ap4_plus.o(.rodata.str1.1)
    .L.str.11                                0x0001dda9   Data          57  am_hal_sdhc.o(.rodata.str1.1)
    [Anonymous Symbol]                       0x0001dda9   Section        0  am_hal_sdhc.o(.rodata.str1.1)
    .L.str.5                                 0x0001ddb6   Data          20  sdio_ap4_plus.o(.rodata.str1.1)
    .L.str.7                                 0x0001dde2   Data          37  am_hal_sdhc.o(.rodata.str1.1)
    .L.str.2                                 0x0001de07   Data          38  am_hal_sdhc.o(.rodata.str1.1)
    .L.str.21                                0x0001de2d   Data          29  am_hal_sdhc.o(.rodata.str1.1)
    .L.str.20                                0x0001de4a   Data          39  am_hal_sdhc.o(.rodata.str1.1)
    .L.str.12                                0x0001de71   Data          69  am_hal_sdhc.o(.rodata.str1.1)
    .L.str.16                                0x0001deb6   Data          37  am_hal_sdhc.o(.rodata.str1.1)
    .L.str.17                                0x0001dedb   Data          37  am_hal_sdhc.o(.rodata.str1.1)
    .L.str.18                                0x0001df00   Data          37  am_hal_sdhc.o(.rodata.str1.1)
    .L.str.15                                0x0001df25   Data          39  am_hal_sdhc.o(.rodata.str1.1)
    .L.str.14                                0x0001df4c   Data          39  am_hal_sdhc.o(.rodata.str1.1)
    .L.str.13                                0x0001df73   Data          39  am_hal_sdhc.o(.rodata.str1.1)
    .L.str.8                                 0x0001df9a   Data          52  am_hal_sdhc.o(.rodata.str1.1)
    .L.str.3                                 0x0001dfce   Data          46  am_hal_sdhc.o(.rodata.str1.1)
    .L.str.19                                0x0001dffc   Data          35  am_hal_sdhc.o(.rodata.str1.1)
    .L.str                                   0x0001e01f   Data          56  am_hal_sdhc.o(.rodata.str1.1)
    .L.str.4                                 0x0001e057   Data          79  am_hal_sdhc.o(.rodata.str1.1)
    .L.str.6                                 0x0001e0a6   Data          50  am_hal_sdhc.o(.rodata.str1.1)
    .L.str.5                                 0x0001e0d8   Data          49  am_hal_sdhc.o(.rodata.str1.1)
    .L.str.1                                 0x0001e109   Data          48  am_hal_sdhc.o(.rodata.str1.1)
    .L.str.22                                0x0001e139   Data          43  am_hal_sdhc.o(.rodata.str1.1)
    .L.str.9                                 0x0001e164   Data          38  am_hal_sdhc.o(.rodata.str1.1)
    .L.str.10                                0x0001e18a   Data          50  am_hal_sdhc.o(.rodata.str1.1)
    .L__FUNCTION__.am_hal_sdhc_check_cmd_inhibit 0x0001e1bc   Data          30  am_hal_sdhc.o(.rodata.str1.1)
    .L__FUNCTION__.am_hal_sdhc_card_busy     0x0001e1da   Data          22  am_hal_sdhc.o(.rodata.str1.1)
    __tagsym$$used.1                         0x0001e1f0   Number         0  am_resources.o(.rodata.ui32DSP0Allowed)
    __tagsym$$used.2                         0x0001e204   Number         0  am_resources.o(.rodata.ui32DSP1Allowed)
    __tagsym$$used.0                         0x0001e218   Number         0  am_resources.o(.rodata.ui32MCUAllowed)
    __tagsym$$used.3                         0x0001e22c   Number         0  am_resources.o(.rodata.ui32SharedAccess)
    g_CardHosts                              0x10000020   Data           4  am_hal_card_host.o(.data.g_CardHosts)
    [Anonymous Symbol]                       0x10000020   Section        0  am_hal_card_host.o(.data.g_CardHosts)
    g_ePrintInterface                        0x10000040   Data           1  bsp.o(.data.g_ePrintInterface)
    [Anonymous Symbol]                       0x10000040   Section        0  bsp.o(.data.g_ePrintInterface)
    g_sdhc_card_host                         0x10000044   Data         104  am_hal_card_host.o(.data.g_sdhc_card_host)
    [Anonymous Symbol]                       0x10000044   Section        0  am_hal_card_host.o(.data.g_sdhc_card_host)
    g_sdhc_host_ops                          0x100000ac   Data          44  am_hal_card_host.o(.data.g_sdhc_host_ops)
    [Anonymous Symbol]                       0x100000ac   Section        0  am_hal_card_host.o(.data.g_sdhc_host_ops)
    .bss                                     0x100000e8   Section       96  libspace.o(.bss)
    adma_desc_table                          0x10000148   Data         128  am_hal_sdhc.o(.bss.adma_desc_table)
    [Anonymous Symbol]                       0x10000148   Section        0  am_hal_sdhc.o(.bss.adma_desc_table)
    g_SDHCState                              0x100001d0   Data          84  am_hal_sdhc.o(.bss.g_SDHCState)
    [Anonymous Symbol]                       0x100001d0   Section        0  am_hal_sdhc.o(.bss.g_SDHCState)
    g_bBoostForCryptoApplied                 0x10000504   Data           1  am_hal_pwrctrl.o(.bss.g_bBoostForCryptoApplied)
    [Anonymous Symbol]                       0x10000504   Section        0  am_hal_pwrctrl.o(.bss.g_bBoostForCryptoApplied)
    g_bOrigTrimsStored                       0x10000505   Data           1  am_hal_pwrctrl.o(.bss.g_bOrigTrimsStored)
    [Anonymous Symbol]                       0x10000505   Section        0  am_hal_pwrctrl.o(.bss.g_bOrigTrimsStored)
    g_bTxtXlate                              0x10000506   Data           1  am_util_stdio.o(.bss.g_bTxtXlate)
    [Anonymous Symbol]                       0x10000506   Section        0  am_util_stdio.o(.bss.g_bTxtXlate)
    g_i32LatestLDOActTrim                    0x10000508   Data           4  am_hal_pwrctrl.o(.bss.g_i32LatestLDOActTrim)
    [Anonymous Symbol]                       0x10000508   Section        0  am_hal_pwrctrl.o(.bss.g_i32LatestLDOActTrim)
    g_i32LatestVddfActTrim                   0x1000050c   Data           4  am_hal_pwrctrl.o(.bss.g_i32LatestVddfActTrim)
    [Anonymous Symbol]                       0x1000050c   Section        0  am_hal_pwrctrl.o(.bss.g_i32LatestVddfActTrim)
    g_orig_ACTTRIMVDDF                       0x10000510   Data           4  am_hal_pwrctrl.o(.bss.g_orig_ACTTRIMVDDF)
    [Anonymous Symbol]                       0x10000510   Section        0  am_hal_pwrctrl.o(.bss.g_orig_ACTTRIMVDDF)
    g_orig_LPTRIMVDDF                        0x10000514   Data           4  am_hal_pwrctrl.o(.bss.g_orig_LPTRIMVDDF)
    [Anonymous Symbol]                       0x10000514   Section        0  am_hal_pwrctrl.o(.bss.g_orig_LPTRIMVDDF)
    g_orig_MEMLDOACTIVETRIM                  0x10000518   Data           4  am_hal_pwrctrl.o(.bss.g_orig_MEMLDOACTIVETRIM)
    [Anonymous Symbol]                       0x10000518   Section        0  am_hal_pwrctrl.o(.bss.g_orig_MEMLDOACTIVETRIM)
    g_orig_MEMLPLDOTRIM                      0x1000051c   Data           4  am_hal_pwrctrl.o(.bss.g_orig_MEMLPLDOTRIM)
    [Anonymous Symbol]                       0x1000051c   Section        0  am_hal_pwrctrl.o(.bss.g_orig_MEMLPLDOTRIM)
    g_orig_TVRGVREFTRIM                      0x10000520   Data           4  am_hal_pwrctrl.o(.bss.g_orig_TVRGVREFTRIM)
    [Anonymous Symbol]                       0x10000520   Section        0  am_hal_pwrctrl.o(.bss.g_orig_TVRGVREFTRIM)
    g_pfTempMeasured                         0x10000524   Data           4  am_hal_pwrctrl.o(.bss.g_pfTempMeasured)
    [Anonymous Symbol]                       0x10000524   Section        0  am_hal_pwrctrl.o(.bss.g_pfTempMeasured)
    g_prfbuf                                 0x1000052c   Data        1024  am_util_stdio.o(.bss.g_prfbuf)
    [Anonymous Symbol]                       0x1000052c   Section        0  am_util_stdio.o(.bss.g_prfbuf)
    g_sCOMUART                               0x1000092c   Data           4  bsp.o(.bss.g_sCOMUART)
    [Anonymous Symbol]                       0x1000092c   Section        0  bsp.o(.bss.g_sCOMUART)
    g_ui32VDDFAdjustCodes                    0x10000930   Data           4  am_hal_pwrctrl.o(.bss.g_ui32VDDFAdjustCodes)
    [Anonymous Symbol]                       0x10000930   Section        0  am_hal_pwrctrl.o(.bss.g_ui32VDDFAdjustCodes)
    pui8UartRxBuffer                         0x10000938   Data        1024  bsp.o(.bss.pui8UartRxBuffer)
    [Anonymous Symbol]                       0x10000938   Section        0  bsp.o(.bss.pui8UartRxBuffer)
    pui8UartTxBuffer                         0x10000d38   Data        1024  bsp.o(.bss.pui8UartTxBuffer)
    [Anonymous Symbol]                       0x10000d38   Section        0  bsp.o(.bss.pui8UartTxBuffer)
    HeapMem                                  0x10001138   Data           0  startup_keil.o(HEAP)
    StackMem                                 0x10001138   Data           0  startup_keil.o(STACK)
    HEAP                                     0x10001138   Section        0  startup_keil.o(HEAP)
    STACK                                    0x10001138   Section     4096  startup_keil.o(STACK)

    Global Symbols

    Symbol Name                              Value     Ov Type        Size  Object(Section)

    BuildAttributes$$THM_ISAv4$E$P$D$K$B$S$7EM$VFPi3$EXTD16$VFPS$VFMA$PE$A:L22UL41UL21$X:L11$S22US41US21$IEEE1$IW$~IW$USESV6$~STKCKD$USESV7$~SHL$OSPACE$ROPI$EBA8$UX$STANDARDLIB$REQ8$PRES8$EABIv2 0x00000000   Number         0  anon$$obj.o ABSOLUTE
    __ARM_exceptions_init                     - Undefined Weak Reference
    __alloca_initialize                       - Undefined Weak Reference
    __arm_preinit_                            - Undefined Weak Reference
    __arm_relocate_pie_                       - Undefined Weak Reference
    __cpp_initialize__aeabi_                  - Undefined Weak Reference
    __cxa_finalize                            - Undefined Weak Reference
    __rt_locale                               - Undefined Weak Reference
    __sigvec_lookup                           - Undefined Weak Reference
    _atexit_init                              - Undefined Weak Reference
    _call_atexit_fns                          - Undefined Weak Reference
    _clock_init                               - Undefined Weak Reference
    _fp_trap_init                             - Undefined Weak Reference
    _fp_trap_shutdown                         - Undefined Weak Reference
    _get_lc_collate                           - Undefined Weak Reference
    _get_lc_ctype                             - Undefined Weak Reference
    _get_lc_monetary                          - Undefined Weak Reference
    _get_lc_numeric                           - Undefined Weak Reference
    _get_lc_time                              - Undefined Weak Reference
    _getenv_init                              - Undefined Weak Reference
    _handle_redirection                       - Undefined Weak Reference
    _init_alloc                               - Undefined Weak Reference
    _init_user_alloc                          - Undefined Weak Reference
    _initio                                   - Undefined Weak Reference
    _rand_init                                - Undefined Weak Reference
    _signal_finish                            - Undefined Weak Reference
    _signal_init                              - Undefined Weak Reference
    _terminate_alloc                          - Undefined Weak Reference
    _terminate_user_alloc                     - Undefined Weak Reference
    _terminateio                              - Undefined Weak Reference
    __Vectors                                0x00018000   Data           0  startup_keil.o(RESET)
    __Patchable                              0x00018190   Data           0  startup_keil.o(RESET)
    Reset_Handler                            0x00018201   Thumb Code    28  startup_keil.o(RESET)
    HardFault_Handler                        0x0001821d   Thumb Code     2  startup_keil.o(RESET)
    NMI_Handler                              0x0001821f   Thumb Code     2  startup_keil.o(RESET)
    MemManage_Handler                        0x00018221   Thumb Code     2  startup_keil.o(RESET)
    BusFault_Handler                         0x00018223   Thumb Code     2  startup_keil.o(RESET)
    UsageFault_Handler                       0x00018225   Thumb Code     2  startup_keil.o(RESET)
    SecureFault_Handler                      0x00018227   Thumb Code     2  startup_keil.o(RESET)
    SVC_Handler                              0x00018229   Thumb Code     2  startup_keil.o(RESET)
    DebugMon_Handler                         0x0001822b   Thumb Code     2  startup_keil.o(RESET)
    PendSV_Handler                           0x0001822d   Thumb Code     2  startup_keil.o(RESET)
    SysTick_Handler                          0x0001822f   Thumb Code     2  startup_keil.o(RESET)
    am_adc_isr                               0x00018231   Thumb Code     0  startup_keil.o(RESET)
    am_audadc0_isr                           0x00018231   Thumb Code     0  startup_keil.o(RESET)
    am_brownout_isr                          0x00018231   Thumb Code     0  startup_keil.o(RESET)
    am_cachecpu_isr                          0x00018231   Thumb Code     0  startup_keil.o(RESET)
    am_clkgen_isr                            0x00018231   Thumb Code     0  startup_keil.o(RESET)
    am_ctimer_isr                            0x00018231   Thumb Code     0  startup_keil.o(RESET)
    am_disp_isr                              0x00018231   Thumb Code     0  startup_keil.o(RESET)
    am_dsi_isr                               0x00018231   Thumb Code     0  startup_keil.o(RESET)
    am_dspi2s0_isr                           0x00018231   Thumb Code     0  startup_keil.o(RESET)
    am_dspi2s1_isr                           0x00018231   Thumb Code     0  startup_keil.o(RESET)
    am_dspi2s2_isr                           0x00018231   Thumb Code     0  startup_keil.o(RESET)
    am_dspi2s3_isr                           0x00018231   Thumb Code     0  startup_keil.o(RESET)
    am_gpio0_001f_isr                        0x00018231   Thumb Code     0  startup_keil.o(RESET)
    am_gpio0_203f_isr                        0x00018231   Thumb Code     0  startup_keil.o(RESET)
    am_gpio0_405f_isr                        0x00018231   Thumb Code     0  startup_keil.o(RESET)
    am_gpio0_607f_isr                        0x00018231   Thumb Code     0  startup_keil.o(RESET)
    am_gpio1_001f_isr                        0x00018231   Thumb Code     0  startup_keil.o(RESET)
    am_gpio1_203f_isr                        0x00018231   Thumb Code     0  startup_keil.o(RESET)
    am_gpio1_405f_isr                        0x00018231   Thumb Code     0  startup_keil.o(RESET)
    am_gpio1_607f_isr                        0x00018231   Thumb Code     0  startup_keil.o(RESET)
    am_gpu_isr                               0x00018231   Thumb Code     0  startup_keil.o(RESET)
    am_iomaster0_isr                         0x00018231   Thumb Code     0  startup_keil.o(RESET)
    am_iomaster1_isr                         0x00018231   Thumb Code     0  startup_keil.o(RESET)
    am_iomaster2_isr                         0x00018231   Thumb Code     0  startup_keil.o(RESET)
    am_iomaster3_isr                         0x00018231   Thumb Code     0  startup_keil.o(RESET)
    am_iomaster4_isr                         0x00018231   Thumb Code     0  startup_keil.o(RESET)
    am_iomaster5_isr                         0x00018231   Thumb Code     0  startup_keil.o(RESET)
    am_iomaster6_isr                         0x00018231   Thumb Code     0  startup_keil.o(RESET)
    am_iomaster7_isr                         0x00018231   Thumb Code     0  startup_keil.o(RESET)
    am_ioslave_acc_isr                       0x00018231   Thumb Code     0  startup_keil.o(RESET)
    am_ioslave_ios_isr                       0x00018231   Thumb Code     0  startup_keil.o(RESET)
    am_mspi0_isr                             0x00018231   Thumb Code     0  startup_keil.o(RESET)
    am_mspi1_isr                             0x00018231   Thumb Code     0  startup_keil.o(RESET)
    am_mspi2_isr                             0x00018231   Thumb Code     0  startup_keil.o(RESET)
    am_pdm0_isr                              0x00018231   Thumb Code     0  startup_keil.o(RESET)
    am_pdm1_isr                              0x00018231   Thumb Code     0  startup_keil.o(RESET)
    am_pdm2_isr                              0x00018231   Thumb Code     0  startup_keil.o(RESET)
    am_pdm3_isr                              0x00018231   Thumb Code     0  startup_keil.o(RESET)
    am_rtc_isr                               0x00018231   Thumb Code     0  startup_keil.o(RESET)
    am_stimer_cmpr0_isr                      0x00018231   Thumb Code     0  startup_keil.o(RESET)
    am_stimer_cmpr1_isr                      0x00018231   Thumb Code     0  startup_keil.o(RESET)
    am_stimer_cmpr2_isr                      0x00018231   Thumb Code     0  startup_keil.o(RESET)
    am_stimer_cmpr3_isr                      0x00018231   Thumb Code     0  startup_keil.o(RESET)
    am_stimer_cmpr4_isr                      0x00018231   Thumb Code     0  startup_keil.o(RESET)
    am_stimer_cmpr5_isr                      0x00018231   Thumb Code     0  startup_keil.o(RESET)
    am_stimer_cmpr6_isr                      0x00018231   Thumb Code     0  startup_keil.o(RESET)
    am_stimer_cmpr7_isr                      0x00018231   Thumb Code     0  startup_keil.o(RESET)
    am_stimerof_isr                          0x00018231   Thumb Code     0  startup_keil.o(RESET)
    am_timer00_isr                           0x00018231   Thumb Code     0  startup_keil.o(RESET)
    am_timer01_isr                           0x00018231   Thumb Code     0  startup_keil.o(RESET)
    am_timer02_isr                           0x00018231   Thumb Code     0  startup_keil.o(RESET)
    am_timer03_isr                           0x00018231   Thumb Code     0  startup_keil.o(RESET)
    am_timer04_isr                           0x00018231   Thumb Code     0  startup_keil.o(RESET)
    am_timer05_isr                           0x00018231   Thumb Code     0  startup_keil.o(RESET)
    am_timer06_isr                           0x00018231   Thumb Code     0  startup_keil.o(RESET)
    am_timer07_isr                           0x00018231   Thumb Code     0  startup_keil.o(RESET)
    am_timer08_isr                           0x00018231   Thumb Code     0  startup_keil.o(RESET)
    am_timer09_isr                           0x00018231   Thumb Code     0  startup_keil.o(RESET)
    am_timer10_isr                           0x00018231   Thumb Code     0  startup_keil.o(RESET)
    am_timer11_isr                           0x00018231   Thumb Code     0  startup_keil.o(RESET)
    am_timer12_isr                           0x00018231   Thumb Code     0  startup_keil.o(RESET)
    am_timer13_isr                           0x00018231   Thumb Code     0  startup_keil.o(RESET)
    am_timer14_isr                           0x00018231   Thumb Code     0  startup_keil.o(RESET)
    am_timer15_isr                           0x00018231   Thumb Code     0  startup_keil.o(RESET)
    am_uart1_isr                             0x00018231   Thumb Code     0  startup_keil.o(RESET)
    am_uart2_isr                             0x00018231   Thumb Code     0  startup_keil.o(RESET)
    am_uart3_isr                             0x00018231   Thumb Code     0  startup_keil.o(RESET)
    am_uart_isr                              0x00018231   Thumb Code     0  startup_keil.o(RESET)
    am_usb_isr                               0x00018231   Thumb Code     0  startup_keil.o(RESET)
    am_vcomp_isr                             0x00018231   Thumb Code     0  startup_keil.o(RESET)
    am_watchdog_isr                          0x00018231   Thumb Code     0  startup_keil.o(RESET)
    __main                                   0x00018239   Thumb Code     8  __main.o(!!!main)
    __scatterload                            0x00018241   Thumb Code     0  __scatter.o(!!!scatter)
    __scatterload_rt2                        0x00018241   Thumb Code    44  __scatter.o(!!!scatter)
    __scatterload_rt2_thumb_only             0x00018241   Thumb Code     0  __scatter.o(!!!scatter)
    __scatterload_null                       0x0001824f   Thumb Code     0  __scatter.o(!!!scatter)
    __scatterload_copy                       0x00018275   Thumb Code    26  __scatter_copy.o(!!handler_copy)
    __scatterload_zeroinit                   0x00018291   Thumb Code    28  __scatter_zi.o(!!handler_zi)
    __rt_lib_init                            0x000182ad   Thumb Code     0  libinit.o(.ARM.Collect$$libinit$$00000000)
    __rt_lib_init_fp_1                       0x000182af   Thumb Code     0  libinit2.o(.ARM.Collect$$libinit$$00000001)
    __rt_lib_init_alloca_1                   0x000182b3   Thumb Code     0  libinit2.o(.ARM.Collect$$libinit$$00000030)
    __rt_lib_init_argv_1                     0x000182b3   Thumb Code     0  libinit2.o(.ARM.Collect$$libinit$$0000002E)
    __rt_lib_init_atexit_1                   0x000182b3   Thumb Code     0  libinit2.o(.ARM.Collect$$libinit$$0000001D)
    __rt_lib_init_clock_1                    0x000182b3   Thumb Code     0  libinit2.o(.ARM.Collect$$libinit$$00000023)
    __rt_lib_init_cpp_1                      0x000182b3   Thumb Code     0  libinit2.o(.ARM.Collect$$libinit$$00000034)
    __rt_lib_init_exceptions_1               0x000182b3   Thumb Code     0  libinit2.o(.ARM.Collect$$libinit$$00000032)
    __rt_lib_init_fp_trap_1                  0x000182b3   Thumb Code     0  libinit2.o(.ARM.Collect$$libinit$$00000021)
    __rt_lib_init_getenv_1                   0x000182b3   Thumb Code     0  libinit2.o(.ARM.Collect$$libinit$$00000025)
    __rt_lib_init_heap_1                     0x000182b3   Thumb Code     0  libinit2.o(.ARM.Collect$$libinit$$0000000C)
    __rt_lib_init_lc_collate_1               0x000182b3   Thumb Code     0  libinit2.o(.ARM.Collect$$libinit$$00000013)
    __rt_lib_init_lc_ctype_1                 0x000182b3   Thumb Code     0  libinit2.o(.ARM.Collect$$libinit$$00000015)
    __rt_lib_init_lc_monetary_1              0x000182b3   Thumb Code     0  libinit2.o(.ARM.Collect$$libinit$$00000017)
    __rt_lib_init_lc_numeric_1               0x000182b3   Thumb Code     0  libinit2.o(.ARM.Collect$$libinit$$00000019)
    __rt_lib_init_lc_time_1                  0x000182b3   Thumb Code     0  libinit2.o(.ARM.Collect$$libinit$$0000001B)
    __rt_lib_init_preinit_1                  0x000182b3   Thumb Code     0  libinit2.o(.ARM.Collect$$libinit$$00000006)
    __rt_lib_init_rand_1                     0x000182b3   Thumb Code     0  libinit2.o(.ARM.Collect$$libinit$$00000010)
    __rt_lib_init_relocate_pie_1             0x000182b3   Thumb Code     0  libinit2.o(.ARM.Collect$$libinit$$00000004)
    __rt_lib_init_return                     0x000182b3   Thumb Code     0  libinit2.o(.ARM.Collect$$libinit$$00000035)
    __rt_lib_init_signal_1                   0x000182b3   Thumb Code     0  libinit2.o(.ARM.Collect$$libinit$$0000001F)
    __rt_lib_init_stdio_1                    0x000182b3   Thumb Code     0  libinit2.o(.ARM.Collect$$libinit$$00000027)
    __rt_lib_init_user_alloc_1               0x000182b3   Thumb Code     0  libinit2.o(.ARM.Collect$$libinit$$0000000E)
    __rt_lib_shutdown                        0x000182b5   Thumb Code     0  libshutdown.o(.ARM.Collect$$libshutdown$$00000000)
    __rt_lib_shutdown_cpp_1                  0x000182b7   Thumb Code     0  libshutdown2.o(.ARM.Collect$$libshutdown$$00000002)
    __rt_lib_shutdown_fp_trap_1              0x000182b7   Thumb Code     0  libshutdown2.o(.ARM.Collect$$libshutdown$$00000007)
    __rt_lib_shutdown_heap_1                 0x000182b7   Thumb Code     0  libshutdown2.o(.ARM.Collect$$libshutdown$$0000000F)
    __rt_lib_shutdown_return                 0x000182b7   Thumb Code     0  libshutdown2.o(.ARM.Collect$$libshutdown$$00000010)
    __rt_lib_shutdown_signal_1               0x000182b7   Thumb Code     0  libshutdown2.o(.ARM.Collect$$libshutdown$$0000000A)
    __rt_lib_shutdown_stdio_1                0x000182b7   Thumb Code     0  libshutdown2.o(.ARM.Collect$$libshutdown$$00000004)
    __rt_lib_shutdown_user_alloc_1           0x000182b7   Thumb Code     0  libshutdown2.o(.ARM.Collect$$libshutdown$$0000000C)
    __rt_entry                               0x000182b9   Thumb Code     0  __rtentry.o(.ARM.Collect$$rtentry$$00000000)
    __rt_entry_presh_1                       0x000182b9   Thumb Code     0  __rtentry2.o(.ARM.Collect$$rtentry$$00000002)
    __rt_entry_sh                            0x000182b9   Thumb Code     0  __rtentry4.o(.ARM.Collect$$rtentry$$00000004)
    __rt_entry_li                            0x000182bf   Thumb Code     0  __rtentry2.o(.ARM.Collect$$rtentry$$0000000A)
    __rt_entry_postsh_1                      0x000182bf   Thumb Code     0  __rtentry2.o(.ARM.Collect$$rtentry$$00000009)
    __rt_entry_main                          0x000182c3   Thumb Code     0  __rtentry2.o(.ARM.Collect$$rtentry$$0000000D)
    __rt_entry_postli_1                      0x000182c3   Thumb Code     0  __rtentry2.o(.ARM.Collect$$rtentry$$0000000C)
    __rt_exit                                0x000182cb   Thumb Code     0  rtexit.o(.ARM.Collect$$rtexit$$00000000)
    __rt_exit_ls                             0x000182cd   Thumb Code     0  rtexit2.o(.ARM.Collect$$rtexit$$00000003)
    __rt_exit_prels_1                        0x000182cd   Thumb Code     0  rtexit2.o(.ARM.Collect$$rtexit$$00000002)
    __rt_exit_exit                           0x000182d1   Thumb Code     0  rtexit2.o(.ARM.Collect$$rtexit$$00000004)
    __user_initial_stackheap                 0x000182d9   Thumb Code    10  startup_keil.o(.text)
    __use_two_region_memory                  0x000182f1   Thumb Code     2  heapauxi.o(.text)
    __rt_heap_escrow$2region                 0x000182f3   Thumb Code     2  heapauxi.o(.text)
    __rt_heap_expand$2region                 0x000182f5   Thumb Code     2  heapauxi.o(.text)
    __user_setup_stackheap                   0x000182f7   Thumb Code    74  sys_stackheap_outer.o(.text)
    exit                                     0x00018341   Thumb Code    18  exit.o(.text)
    __user_libspace                          0x00018355   Thumb Code     8  libspace.o(.text)
    __user_perproc_libspace                  0x00018355   Thumb Code     0  libspace.o(.text)
    __user_perthread_libspace                0x00018355   Thumb Code     0  libspace.o(.text)
    _sys_exit                                0x0001835d   Thumb Code     8  sys_exit.o(.text)
    __I$use$semihosting                      0x00018369   Thumb Code     0  use_no_semi.o(.text)
    __use_no_semihosting_swi                 0x00018369   Thumb Code     2  use_no_semi.o(.text)
    __semihosting_library_function           0x0001836b   Thumb Code     0  indicate_semi.o(.text)
    am_bsp_buffered_uart_printf_enable       0x00018505   Thumb Code   214  bsp.o(.text.am_bsp_buffered_uart_printf_enable)
    am_bsp_debug_printf_enable               0x000185dd   Thumb Code    80  bsp.o(.text.am_bsp_debug_printf_enable)
    am_bsp_itm_printf_enable                 0x0001862d   Thumb Code   154  bsp.o(.text.am_bsp_itm_printf_enable)
    am_bsp_low_power_init                    0x000186c9   Thumb Code    20  bsp.o(.text.am_bsp_low_power_init)
    am_bsp_uart_printf_enable                0x000186dd   Thumb Code   154  bsp.o(.text.am_bsp_uart_printf_enable)
    am_bsp_uart_string_print                 0x00018779   Thumb Code    96  bsp.o(.text.am_bsp_uart_string_print)
    am_hal_cachectrl_config                  0x0001882d   Thumb Code    80  am_hal_cachectrl.o(.text.am_hal_cachectrl_config)
    am_hal_cachectrl_enable                  0x0001887d   Thumb Code    30  am_hal_cachectrl.o(.text.am_hal_cachectrl_enable)
    am_hal_daxi_config                       0x000188bd   Thumb Code   124  am_hal_cachectrl.o(.text.am_hal_daxi_config)
    am_hal_daxi_control                      0x00018939   Thumb Code    86  am_hal_cachectrl.o(.text.am_hal_daxi_control)
    am_hal_dcu_get                           0x00018991   Thumb Code    80  am_hal_dcu.o(.text.am_hal_dcu_get)
    am_hal_dcu_update                        0x00018ae9   Thumb Code    88  am_hal_dcu.o(.text.am_hal_dcu_update)
    am_hal_delay_us                          0x00018b41   Thumb Code    88  am_hal_utils.o(.text.am_hal_delay_us)
    am_hal_delay_us_status_change            0x00018b99   Thumb Code    70  am_hal_utils.o(.text.am_hal_delay_us_status_change)
    am_hal_delay_us_status_check             0x00018be1   Thumb Code   116  am_hal_utils.o(.text.am_hal_delay_us_status_check)
    am_hal_get_card_host                     0x00018c55   Thumb Code   130  am_hal_card_host.o(.text.am_hal_get_card_host)
    am_hal_gpio_pinconfig                    0x00018cd9   Thumb Code   114  am_hal_gpio.o(.text.am_hal_gpio_pinconfig)
    am_hal_interrupt_master_disable          0x00018d4d   Thumb Code     8  am_hal_interrupt.o(.text.am_hal_interrupt_master_disable)
    am_hal_interrupt_master_enable           0x00018d55   Thumb Code     8  am_hal_interrupt.o(.text.am_hal_interrupt_master_enable)
    am_hal_interrupt_master_set              0x00018d5d   Thumb Code     6  am_hal_interrupt.o(.text.am_hal_interrupt_master_set)
    am_hal_itm_enable                        0x00018d65   Thumb Code   102  am_hal_itm.o(.text.am_hal_itm_enable)
    am_hal_itm_print                         0x00018dcd   Thumb Code    64  am_hal_itm.o(.text.am_hal_itm_print)
    am_hal_itm_stimulus_reg_byte_write       0x00018e0d   Thumb Code    44  am_hal_itm.o(.text.am_hal_itm_stimulus_reg_byte_write)
    am_hal_mram_info_read                    0x00018e39   Thumb Code   194  am_hal_mram.o(.text.am_hal_mram_info_read)
    am_hal_pwrctrl_control                   0x00018efd   Thumb Code   534  am_hal_pwrctrl.o(.text.am_hal_pwrctrl_control)
    am_hal_pwrctrl_dsp_memory_config         0x00019115   Thumb Code    60  am_hal_pwrctrl.o(.text.am_hal_pwrctrl_dsp_memory_config)
    am_hal_pwrctrl_low_power_init            0x00019151   Thumb Code   638  am_hal_pwrctrl.o(.text.am_hal_pwrctrl_low_power_init)
    am_hal_pwrctrl_mcu_memory_config         0x000193d1   Thumb Code   538  am_hal_pwrctrl.o(.text.am_hal_pwrctrl_mcu_memory_config)
    am_hal_pwrctrl_periph_disable            0x000195ed   Thumb Code   202  am_hal_pwrctrl.o(.text.am_hal_pwrctrl_periph_disable)
    am_hal_pwrctrl_periph_enable             0x000196b9   Thumb Code   266  am_hal_pwrctrl.o(.text.am_hal_pwrctrl_periph_enable)
    am_hal_pwrctrl_periph_enabled            0x000197c5   Thumb Code    82  am_hal_pwrctrl.o(.text.am_hal_pwrctrl_periph_enabled)
    am_hal_pwrctrl_sram_config               0x00019819   Thumb Code   304  am_hal_pwrctrl.o(.text.am_hal_pwrctrl_sram_config)
    am_hal_queue_init                        0x00019949   Thumb Code    46  am_hal_queue.o(.text.am_hal_queue_init)
    am_hal_queue_item_add                    0x00019979   Thumb Code   164  am_hal_queue.o(.text.am_hal_queue_item_add)
    am_hal_queue_item_get                    0x00019a1d   Thumb Code   160  am_hal_queue.o(.text.am_hal_queue_item_get)
    am_hal_rtc_osc_disable                   0x00019abd   Thumb Code    20  am_hal_rtc.o(.text.am_hal_rtc_osc_disable)
    am_hal_sdhc_card_busy                    0x00019ad1   Thumb Code   196  am_hal_sdhc.o(.text.am_hal_sdhc_card_busy)
    am_hal_sdhc_deinitialize                 0x00019cd1   Thumb Code    80  am_hal_sdhc.o(.text.am_hal_sdhc_deinitialize)
    am_hal_sdhc_disable                      0x00019d21   Thumb Code   168  am_hal_sdhc.o(.text.am_hal_sdhc_disable)
    am_hal_sdhc_enable                       0x00019dc9   Thumb Code   260  am_hal_sdhc.o(.text.am_hal_sdhc_enable)
    am_hal_sdhc_execute_cmd                  0x00019ecd   Thumb Code   446  am_hal_sdhc.o(.text.am_hal_sdhc_execute_cmd)
    am_hal_sdhc_get_cd                       0x0001a08d   Thumb Code   106  am_hal_sdhc.o(.text.am_hal_sdhc_get_cd)
    am_hal_sdhc_initialize                   0x0001a291   Thumb Code   136  am_hal_sdhc.o(.text.am_hal_sdhc_initialize)
    am_hal_sdhc_interrupt_service            0x0001a319   Thumb Code   460  am_hal_sdhc.o(.text.am_hal_sdhc_interrupt_service)
    am_hal_sdhc_intr_status_clear            0x0001a4e5   Thumb Code   104  am_hal_sdhc.o(.text.am_hal_sdhc_intr_status_clear)
    am_hal_sdhc_intr_status_disable          0x0001a54d   Thumb Code   108  am_hal_sdhc.o(.text.am_hal_sdhc_intr_status_disable)
    am_hal_sdhc_intr_status_get              0x0001a5b9   Thumb Code   154  am_hal_sdhc.o(.text.am_hal_sdhc_intr_status_get)
    am_hal_sdhc_power_control                0x0001a6f9   Thumb Code   360  am_hal_sdhc.o(.text.am_hal_sdhc_power_control)
    am_hal_sdhc_set_bus_clock                0x0001ac0d   Thumb Code   304  am_hal_sdhc.o(.text.am_hal_sdhc_set_bus_clock)
    am_hal_sdhc_set_bus_voltage              0x0001ad3d   Thumb Code   208  am_hal_sdhc.o(.text.am_hal_sdhc_set_bus_voltage)
    am_hal_sdhc_set_bus_width                0x0001ae0d   Thumb Code   178  am_hal_sdhc.o(.text.am_hal_sdhc_set_bus_width)
    am_hal_sdhc_set_txrx_delay               0x0001aec1   Thumb Code    90  am_hal_sdhc.o(.text.am_hal_sdhc_set_txrx_delay)
    am_hal_sdhc_set_uhs_mode                 0x0001af1d   Thumb Code   158  am_hal_sdhc.o(.text.am_hal_sdhc_set_uhs_mode)
    am_hal_sdhc_setup_host                   0x0001afbd   Thumb Code   206  am_hal_sdhc.o(.text.am_hal_sdhc_setup_host)
    am_hal_tpiu_enable                       0x0001b391   Thumb Code   152  am_hal_tpiu.o(.text.am_hal_tpiu_enable)
    am_hal_uart_buffer_configure             0x0001b429   Thumb Code   218  am_hal_uart.o(.text.am_hal_uart_buffer_configure)
    am_hal_uart_configure                    0x0001b505   Thumb Code   578  am_hal_uart.o(.text.am_hal_uart_configure)
    am_hal_uart_fifo_read                    0x0001b749   Thumb Code   134  am_hal_uart.o(.text.am_hal_uart_fifo_read)
    am_hal_uart_fifo_write                   0x0001b7d1   Thumb Code   108  am_hal_uart.o(.text.am_hal_uart_fifo_write)
    am_hal_uart_initialize                   0x0001b83d   Thumb Code   250  am_hal_uart.o(.text.am_hal_uart_initialize)
    am_hal_uart_interrupt_clear              0x0001b939   Thumb Code    90  am_hal_uart.o(.text.am_hal_uart_interrupt_clear)
    am_hal_uart_power_control                0x0001b995   Thumb Code   476  am_hal_uart.o(.text.am_hal_uart_power_control)
    am_hal_uart_transfer                     0x0001bb71   Thumb Code    90  am_hal_uart.o(.text.am_hal_uart_transfer)
    am_sdio_isr                              0x0001bbcd   Thumb Code    54  sdio_ap4_plus.o(.text.am_sdio_isr)
    am_util_delay_ms                         0x0001bc05   Thumb Code    22  am_util_delay.o(.text.am_util_delay_ms)
    am_util_delay_us                         0x0001bc1d   Thumb Code    16  am_util_delay.o(.text.am_util_delay_us)
    am_util_stdio_printf                     0x0001bc2d   Thumb Code    92  am_util_stdio.o(.text.am_util_stdio_printf)
    am_util_stdio_printf_init                0x0001bc89   Thumb Code    20  am_util_stdio.o(.text.am_util_stdio_printf_init)
    am_util_stdio_vsprintf                   0x0001bc9d   Thumb Code  1620  am_util_stdio.o(.text.am_util_stdio_vsprintf)
    buck_ldo_override_init                   0x0001c3e9   Thumb Code    88  am_hal_pwrctrl.o(.text.buck_ldo_override_init)
    crypto_boost_trims                       0x0001c575   Thumb Code   404  am_hal_pwrctrl.o(.text.crypto_boost_trims)
    main                                     0x0001cfd9   Thumb Code   104  sdio_ap4_plus.o(.text.main)
    memory_config                            0x0001d041   Thumb Code    76  sdio_ap4_plus.o(.text.memory_config)
    read_transaction_save                    0x0001d5a5   Thumb Code   134  am_hal_uart.o(.text.read_transaction_save)
    sdio_gpio_config                         0x0001d679   Thumb Code   136  sdio_ap4_plus.o(.text.sdio_gpio_config)
    write_transaction_save                   0x0001d8f1   Thumb Code   140  am_hal_uart.o(.text.write_transaction_save)
    __aeabi_d2f                              0x0001d97d   Thumb Code     0  d2f.o(x$fpl$d2f)
    _d2f                                     0x0001d97d   Thumb Code    98  d2f.o(x$fpl$d2f)
    __fpl_dnaninf                            0x0001d9df   Thumb Code   156  dnaninf.o(x$fpl$dnaninf)
    _fp_init                                 0x0001da7b   Thumb Code    26  fpinit.o(x$fpl$fpinit)
    __fplib_config_fpu_vfp                   0x0001da93   Thumb Code     0  fpinit.o(x$fpl$fpinit)
    __fplib_config_pureend_doubles           0x0001da93   Thumb Code     0  fpinit.o(x$fpl$fpinit)
    __fpl_fretinf                            0x0001da95   Thumb Code    10  fretinf.o(x$fpl$fretinf)
    __I$use$fp                               0x0001da9e   Number         0  usenofp.o(x$fpl$usenofp)
    am_hal_cachectrl_defaults                0x0001da9e   Data           3  am_hal_cachectrl.o(.rodata.am_hal_cachectrl_defaults)
    am_hal_daxi_defaults                     0x0001daa1   Data           5  am_hal_cachectrl.o(.rodata.am_hal_daxi_defaults)
    am_hal_pwrctrl_peripheral_control        0x0001daa8   Data         544  am_hal_pwrctrl.o(.rodata.am_hal_pwrctrl_peripheral_control)
    g_DefaultMcuMemCfg                       0x0001dcc8   Data           6  am_hal_pwrctrl.o(.rodata.g_DefaultMcuMemCfg)
    g_DefaultSRAMCfg                         0x0001dcce   Data           6  am_hal_pwrctrl.o(.rodata.g_DefaultSRAMCfg)
    g_am_hal_bootrom_helper                  0x0001dcd4   Data          40  am_hal_bootrom_helper.o(.rodata.g_am_hal_bootrom_helper)
    sGlobalAccess                            0x0001dd18   Data          28  am_resources.o(.rodata.sGlobalAccess)
    ui32DSP0Allowed                          0x0001e1f0   Data          20  am_resources.o(.rodata.ui32DSP0Allowed)
    ui32DSP1Allowed                          0x0001e204   Data          20  am_resources.o(.rodata.ui32DSP1Allowed)
    ui32MCUAllowed                           0x0001e218   Data          20  am_resources.o(.rodata.ui32MCUAllowed)
    ui32SharedAccess                         0x0001e22c   Data          20  am_resources.o(.rodata.ui32SharedAccess)
    Region$$Table$$Base                      0x0001e240   Number         0  anon$$obj.o(Region$$Table)
    Region$$Table$$Limit                     0x0001e270   Number         0  anon$$obj.o(Region$$Table)
    gDaxiConfig                              0x10000000   Data           5  am_hal_cachectrl.o(.data.gDaxiConfig)
    gDcuDisable                              0x10000008   Data           8  am_hal_dcu.o(.data.gDcuDisable)
    gDcuEnable                               0x10000010   Data           8  am_hal_dcu.o(.data.gDcuEnable)
    g_AM_BSP_GPIO_COM_UART_RX                0x10000018   Data           4  bsp.o(.data.g_AM_BSP_GPIO_COM_UART_RX)
    g_AM_BSP_GPIO_COM_UART_TX                0x1000001c   Data           4  bsp.o(.data.g_AM_BSP_GPIO_COM_UART_TX)
    g_GPIO_56_SDIO_PWR                       0x10000024   Data           4  sdio_ap4_plus.o(.data.g_GPIO_56_SDIO_PWR)
    g_GPIO_83_SDIO_CMD                       0x10000028   Data           4  sdio_ap4_plus.o(.data.g_GPIO_83_SDIO_CMD)
    g_GPIO_84_SDIO_D0                        0x1000002c   Data           4  sdio_ap4_plus.o(.data.g_GPIO_84_SDIO_D0)
    g_GPIO_85_SDIO_D1                        0x10000030   Data           4  sdio_ap4_plus.o(.data.g_GPIO_85_SDIO_D1)
    g_GPIO_86_SDIO_D2                        0x10000034   Data           4  sdio_ap4_plus.o(.data.g_GPIO_86_SDIO_D2)
    g_GPIO_87_SDIO_D3                        0x10000038   Data           4  sdio_ap4_plus.o(.data.g_GPIO_87_SDIO_D3)
    g_GPIO_88_SDIO_CLK                       0x1000003c   Data           4  sdio_ap4_plus.o(.data.g_GPIO_88_SDIO_CLK)
    g_ui32TrimVer                            0x100000d8   Data           4  am_hal_pwrctrl.o(.data.g_ui32TrimVer)
    g_ui32origSimobuckVDDStrim               0x100000dc   Data           4  am_hal_pwrctrl.o(.data.g_ui32origSimobuckVDDStrim)
    gpDcuEnable                              0x100000e0   Data           4  am_hal_dcu.o(.data.gpDcuEnable)
    gpDcuLock                                0x100000e4   Data           4  am_hal_dcu.o(.data.gpDcuLock)
    __libspace_start                         0x100000e8   Data          96  libspace.o(.bss)
    __temporary_stack_top$libspace           0x10000148   Data           0  libspace.o(.bss)
    gStartOff                                0x100001c8   Data           4  am_hal_dcu.o(.bss.gStartOff)
    g_AM_BSP_GPIO_ITM_SWO                    0x100001cc   Data           4  bsp.o(.bss.g_AM_BSP_GPIO_ITM_SWO)
    g_am_hal_uart_states                     0x10000224   Data         736  am_hal_uart.o(.bss.g_am_hal_uart_states)
    g_pfnCharPrint                           0x10000528   Data           4  am_util_stdio.o(.bss.g_pfnCharPrint)
    pSdhcCardHost                            0x10000934   Data           4  sdio_ap4_plus.o(.bss.pSdhcCardHost)
    psGlobalAccessPtr                        0x10060000   Data           4  am_resources.o(RESOURCE_TABLE)
    ui32MCUClaimed                           0x10060004   Data          20  am_resources.o(SHARED_RW)
    ui32DSP0Claimed                          0x10060018   Data          20  am_resources.o(SHARED_RW)
    ui32DSP1Claimed                          0x1006002c   Data          20  am_resources.o(SHARED_RW)



==============================================================================

Memory Map of the image

  Image Entry point : 0x00018239

  Load Region LR_1 (Base: 0x00018000, Size: 0x00006398, Max: 0xffffffff, ABSOLUTE)

    Execution Region MCU_MRAM (Exec base: 0x00018000, Load base: 0x00018000, Size: 0x00006270, Max: 0x001e8000, ABSOLUTE)

    Exec Addr    Load Addr    Size         Type   Attr      Idx    E Section Name        Object

    0x00018000   0x00018000   0x00000238   Code   RO           91    RESET               startup_keil.o
    0x00018238   0x00018238   0x00000008   Code   RO          963  * !!!main             c_w.l(__main.o)
    0x00018240   0x00018240   0x00000034   Code   RO         1137    !!!scatter          c_w.l(__scatter.o)
    0x00018274   0x00018274   0x0000001a   Code   RO          965    !!handler_copy      c_w.l(__scatter_copy.o)
    0x0001828e   0x0001828e   0x00000002   PAD
    0x00018290   0x00018290   0x0000001c   Code   RO         1139    !!handler_zi        c_w.l(__scatter_zi.o)
    0x000182ac   0x000182ac   0x00000002   Code   RO          999    .ARM.Collect$$libinit$$00000000  c_w.l(libinit.o)
    0x000182ae   0x000182ae   0x00000004   Code   RO         1005    .ARM.Collect$$libinit$$00000001  c_w.l(libinit2.o)
    0x000182b2   0x000182b2   0x00000000   Code   RO         1008    .ARM.Collect$$libinit$$00000004  c_w.l(libinit2.o)
    0x000182b2   0x000182b2   0x00000000   Code   RO         1010    .ARM.Collect$$libinit$$00000006  c_w.l(libinit2.o)
    0x000182b2   0x000182b2   0x00000000   Code   RO         1013    .ARM.Collect$$libinit$$0000000C  c_w.l(libinit2.o)
    0x000182b2   0x000182b2   0x00000000   Code   RO         1015    .ARM.Collect$$libinit$$0000000E  c_w.l(libinit2.o)
    0x000182b2   0x000182b2   0x00000000   Code   RO         1017    .ARM.Collect$$libinit$$00000010  c_w.l(libinit2.o)
    0x000182b2   0x000182b2   0x00000000   Code   RO         1020    .ARM.Collect$$libinit$$00000013  c_w.l(libinit2.o)
    0x000182b2   0x000182b2   0x00000000   Code   RO         1022    .ARM.Collect$$libinit$$00000015  c_w.l(libinit2.o)
    0x000182b2   0x000182b2   0x00000000   Code   RO         1024    .ARM.Collect$$libinit$$00000017  c_w.l(libinit2.o)
    0x000182b2   0x000182b2   0x00000000   Code   RO         1026    .ARM.Collect$$libinit$$00000019  c_w.l(libinit2.o)
    0x000182b2   0x000182b2   0x00000000   Code   RO         1028    .ARM.Collect$$libinit$$0000001B  c_w.l(libinit2.o)
    0x000182b2   0x000182b2   0x00000000   Code   RO         1030    .ARM.Collect$$libinit$$0000001D  c_w.l(libinit2.o)
    0x000182b2   0x000182b2   0x00000000   Code   RO         1032    .ARM.Collect$$libinit$$0000001F  c_w.l(libinit2.o)
    0x000182b2   0x000182b2   0x00000000   Code   RO         1034    .ARM.Collect$$libinit$$00000021  c_w.l(libinit2.o)
    0x000182b2   0x000182b2   0x00000000   Code   RO         1036    .ARM.Collect$$libinit$$00000023  c_w.l(libinit2.o)
    0x000182b2   0x000182b2   0x00000000   Code   RO         1038    .ARM.Collect$$libinit$$00000025  c_w.l(libinit2.o)
    0x000182b2   0x000182b2   0x00000000   Code   RO         1040    .ARM.Collect$$libinit$$00000027  c_w.l(libinit2.o)
    0x000182b2   0x000182b2   0x00000000   Code   RO         1044    .ARM.Collect$$libinit$$0000002E  c_w.l(libinit2.o)
    0x000182b2   0x000182b2   0x00000000   Code   RO         1046    .ARM.Collect$$libinit$$00000030  c_w.l(libinit2.o)
    0x000182b2   0x000182b2   0x00000000   Code   RO         1048    .ARM.Collect$$libinit$$00000032  c_w.l(libinit2.o)
    0x000182b2   0x000182b2   0x00000000   Code   RO         1050    .ARM.Collect$$libinit$$00000034  c_w.l(libinit2.o)
    0x000182b2   0x000182b2   0x00000002   Code   RO         1051    .ARM.Collect$$libinit$$00000035  c_w.l(libinit2.o)
    0x000182b4   0x000182b4   0x00000002   Code   RO         1073    .ARM.Collect$$libshutdown$$00000000  c_w.l(libshutdown.o)
    0x000182b6   0x000182b6   0x00000000   Code   RO         1088    .ARM.Collect$$libshutdown$$00000002  c_w.l(libshutdown2.o)
    0x000182b6   0x000182b6   0x00000000   Code   RO         1090    .ARM.Collect$$libshutdown$$00000004  c_w.l(libshutdown2.o)
    0x000182b6   0x000182b6   0x00000000   Code   RO         1093    .ARM.Collect$$libshutdown$$00000007  c_w.l(libshutdown2.o)
    0x000182b6   0x000182b6   0x00000000   Code   RO         1096    .ARM.Collect$$libshutdown$$0000000A  c_w.l(libshutdown2.o)
    0x000182b6   0x000182b6   0x00000000   Code   RO         1098    .ARM.Collect$$libshutdown$$0000000C  c_w.l(libshutdown2.o)
    0x000182b6   0x000182b6   0x00000000   Code   RO         1101    .ARM.Collect$$libshutdown$$0000000F  c_w.l(libshutdown2.o)
    0x000182b6   0x000182b6   0x00000002   Code   RO         1102    .ARM.Collect$$libshutdown$$00000010  c_w.l(libshutdown2.o)
    0x000182b8   0x000182b8   0x00000000   Code   RO          969    .ARM.Collect$$rtentry$$00000000  c_w.l(__rtentry.o)
    0x000182b8   0x000182b8   0x00000000   Code   RO          976    .ARM.Collect$$rtentry$$00000002  c_w.l(__rtentry2.o)
    0x000182b8   0x000182b8   0x00000006   Code   RO          988    .ARM.Collect$$rtentry$$00000004  c_w.l(__rtentry4.o)
    0x000182be   0x000182be   0x00000000   Code   RO          978    .ARM.Collect$$rtentry$$00000009  c_w.l(__rtentry2.o)
    0x000182be   0x000182be   0x00000004   Code   RO          979    .ARM.Collect$$rtentry$$0000000A  c_w.l(__rtentry2.o)
    0x000182c2   0x000182c2   0x00000000   Code   RO          981    .ARM.Collect$$rtentry$$0000000C  c_w.l(__rtentry2.o)
    0x000182c2   0x000182c2   0x00000008   Code   RO          982    .ARM.Collect$$rtentry$$0000000D  c_w.l(__rtentry2.o)
    0x000182ca   0x000182ca   0x00000002   Code   RO         1003    .ARM.Collect$$rtexit$$00000000  c_w.l(rtexit.o)
    0x000182cc   0x000182cc   0x00000000   Code   RO         1053    .ARM.Collect$$rtexit$$00000002  c_w.l(rtexit2.o)
    0x000182cc   0x000182cc   0x00000004   Code   RO         1054    .ARM.Collect$$rtexit$$00000003  c_w.l(rtexit2.o)
    0x000182d0   0x000182d0   0x00000006   Code   RO         1055    .ARM.Collect$$rtexit$$00000004  c_w.l(rtexit2.o)
    0x000182d6   0x000182d6   0x00000002   PAD
    0x000182d8   0x000182d8   0x00000018   Code   RO           92    .text               startup_keil.o
    0x000182f0   0x000182f0   0x00000006   Code   RO          961    .text               c_w.l(heapauxi.o)
    0x000182f6   0x000182f6   0x0000004a   Code   RO          990    .text               c_w.l(sys_stackheap_outer.o)
    0x00018340   0x00018340   0x00000012   Code   RO          992    .text               c_w.l(exit.o)
    0x00018352   0x00018352   0x00000002   PAD
    0x00018354   0x00018354   0x00000008   Code   RO         1000    .text               c_w.l(libspace.o)
    0x0001835c   0x0001835c   0x0000000c   Code   RO         1063    .text               c_w.l(sys_exit.o)
    0x00018368   0x00018368   0x00000002   Code   RO         1078    .text               c_w.l(use_no_semi.o)
    0x0001836a   0x0001836a   0x00000000   Code   RO         1080    .text               c_w.l(indicate_semi.o)
    0x0001836a   0x0001836a   0x00000002   PAD
    0x0001836c   0x0001836c   0x00000078   Code   RO          504    .text.TrimVersionGet  am_hal_pwrctrl.o
    0x000183e4   0x000183e4   0x00000038   Code   RO          811    .text.__NVIC_DisableIRQ  am_hal_sdhc.o
    0x0001841c   0x0001841c   0x00000030   Code   RO           67    .text.__NVIC_EnableIRQ  bsp.o
    0x0001844c   0x0001844c   0x00000030   Code   RO          807    .text.__NVIC_EnableIRQ  am_hal_sdhc.o
    0x0001847c   0x0001847c   0x00000042   Code   RO           65    .text.__NVIC_SetPriority  bsp.o
    0x000184be   0x000184be   0x00000002   PAD
    0x000184c0   0x000184c0   0x00000042   Code   RO          805    .text.__NVIC_SetPriority  am_hal_sdhc.o
    0x00018502   0x00018502   0x00000002   PAD
    0x00018504   0x00018504   0x000000d6   Code   RO           53    .text.am_bsp_buffered_uart_printf_enable  bsp.o
    0x000185da   0x000185da   0x00000002   PAD
    0x000185dc   0x000185dc   0x00000050   Code   RO           47    .text.am_bsp_debug_printf_enable  bsp.o
    0x0001862c   0x0001862c   0x0000009a   Code   RO           49    .text.am_bsp_itm_printf_enable  bsp.o
    0x000186c6   0x000186c6   0x00000002   PAD
    0x000186c8   0x000186c8   0x00000014   Code   RO           45    .text.am_bsp_low_power_init  bsp.o
    0x000186dc   0x000186dc   0x0000009a   Code   RO           51    .text.am_bsp_uart_printf_enable  bsp.o
    0x00018776   0x00018776   0x00000002   PAD
    0x00018778   0x00018778   0x00000060   Code   RO           63    .text.am_bsp_uart_string_print  bsp.o
    0x000187d8   0x000187d8   0x00000054   Code   RO          484    .text.am_get_pwrctrl  am_hal_pwrctrl.o
    0x0001882c   0x0001882c   0x00000050   Code   RO          422    .text.am_hal_cachectrl_config  am_hal_cachectrl.o
    0x0001887c   0x0001887c   0x0000001e   Code   RO          424    .text.am_hal_cachectrl_enable  am_hal_cachectrl.o
    0x0001889a   0x0001889a   0x00000002   PAD
    0x0001889c   0x0001889c   0x0000001e   Code   RO          356    .text.am_hal_card_host_power_control  am_hal_card_host.o
    0x000188ba   0x000188ba   0x00000002   PAD
    0x000188bc   0x000188bc   0x0000007c   Code   RO          432    .text.am_hal_daxi_config  am_hal_cachectrl.o
    0x00018938   0x00018938   0x00000056   Code   RO          434    .text.am_hal_daxi_control  am_hal_cachectrl.o
    0x0001898e   0x0001898e   0x00000002   PAD
    0x00018990   0x00018990   0x00000050   Code   RO          618    .text.am_hal_dcu_get  am_hal_dcu.o
    0x000189e0   0x000189e0   0x0000001e   Code   RO          620    .text.am_hal_dcu_raw_get  am_hal_dcu.o
    0x000189fe   0x000189fe   0x00000002   PAD
    0x00018a00   0x00018a00   0x000000e8   Code   RO          624    .text.am_hal_dcu_raw_update  am_hal_dcu.o
    0x00018ae8   0x00018ae8   0x00000058   Code   RO          622    .text.am_hal_dcu_update  am_hal_dcu.o
    0x00018b40   0x00018b40   0x00000058   Code   RO          736    .text.am_hal_delay_us  am_hal_utils.o
    0x00018b98   0x00018b98   0x00000046   Code   RO          738    .text.am_hal_delay_us_status_change  am_hal_utils.o
    0x00018bde   0x00018bde   0x00000002   PAD
    0x00018be0   0x00018be0   0x00000074   Code   RO          740    .text.am_hal_delay_us_status_check  am_hal_utils.o
    0x00018c54   0x00018c54   0x00000082   Code   RO          346    .text.am_hal_get_card_host  am_hal_card_host.o
    0x00018cd6   0x00018cd6   0x00000002   PAD
    0x00018cd8   0x00018cd8   0x00000072   Code   RO          192    .text.am_hal_gpio_pinconfig  am_hal_gpio.o
    0x00018d4a   0x00018d4a   0x00000002   PAD
    0x00018d4c   0x00018d4c   0x00000008   Code   RO          766    .text.am_hal_interrupt_master_disable  am_hal_interrupt.o
    0x00018d54   0x00018d54   0x00000008   Code   RO          764    .text.am_hal_interrupt_master_enable  am_hal_interrupt.o
    0x00018d5c   0x00018d5c   0x00000006   Code   RO          768    .text.am_hal_interrupt_master_set  am_hal_interrupt.o
    0x00018d62   0x00018d62   0x00000002   PAD
    0x00018d64   0x00018d64   0x00000066   Code   RO          643    .text.am_hal_itm_enable  am_hal_itm.o
    0x00018dca   0x00018dca   0x00000002   PAD
    0x00018dcc   0x00018dcc   0x00000040   Code   RO          665    .text.am_hal_itm_print  am_hal_itm.o
    0x00018e0c   0x00018e0c   0x0000002c   Code   RO          659    .text.am_hal_itm_stimulus_reg_byte_write  am_hal_itm.o
    0x00018e38   0x00018e38   0x000000c2   Code   RO          871    .text.am_hal_mram_info_read  am_hal_mram.o
    0x00018efa   0x00018efa   0x00000002   PAD
    0x00018efc   0x00018efc   0x00000216   Code   RO          502    .text.am_hal_pwrctrl_control  am_hal_pwrctrl.o
    0x00019112   0x00019112   0x00000002   PAD
    0x00019114   0x00019114   0x0000003c   Code   RO          468    .text.am_hal_pwrctrl_dsp_memory_config  am_hal_pwrctrl.o
    0x00019150   0x00019150   0x0000027e   Code   RO          496    .text.am_hal_pwrctrl_low_power_init  am_hal_pwrctrl.o
    0x000193ce   0x000193ce   0x00000002   PAD
    0x000193d0   0x000193d0   0x0000021a   Code   RO          458    .text.am_hal_pwrctrl_mcu_memory_config  am_hal_pwrctrl.o
    0x000195ea   0x000195ea   0x00000002   PAD
    0x000195ec   0x000195ec   0x000000ca   Code   RO          486    .text.am_hal_pwrctrl_periph_disable  am_hal_pwrctrl.o
    0x000196b6   0x000196b6   0x00000002   PAD
    0x000196b8   0x000196b8   0x0000010a   Code   RO          482    .text.am_hal_pwrctrl_periph_enable  am_hal_pwrctrl.o
    0x000197c2   0x000197c2   0x00000002   PAD
    0x000197c4   0x000197c4   0x00000052   Code   RO          492    .text.am_hal_pwrctrl_periph_enabled  am_hal_pwrctrl.o
    0x00019816   0x00019816   0x00000002   PAD
    0x00019818   0x00019818   0x00000130   Code   RO          462    .text.am_hal_pwrctrl_sram_config  am_hal_pwrctrl.o
    0x00019948   0x00019948   0x0000002e   Code   RO          937    .text.am_hal_queue_init  am_hal_queue.o
    0x00019976   0x00019976   0x00000002   PAD
    0x00019978   0x00019978   0x000000a4   Code   RO          939    .text.am_hal_queue_item_add  am_hal_queue.o
    0x00019a1c   0x00019a1c   0x000000a0   Code   RO          941    .text.am_hal_queue_item_get  am_hal_queue.o
    0x00019abc   0x00019abc   0x00000014   Code   RO          567    .text.am_hal_rtc_osc_disable  am_hal_rtc.o
    0x00019ad0   0x00019ad0   0x000000c4   Code   RO          797    .text.am_hal_sdhc_card_busy  am_hal_sdhc.o
    0x00019b94   0x00019b94   0x00000062   Code   RO          851    .text.am_hal_sdhc_check_cmd_error_type  am_hal_sdhc.o
    0x00019bf6   0x00019bf6   0x00000002   PAD
    0x00019bf8   0x00019bf8   0x00000074   Code   RO          841    .text.am_hal_sdhc_check_cmd_inhibit  am_hal_sdhc.o
    0x00019c6c   0x00019c6c   0x00000064   Code   RO          839    .text.am_hal_sdhc_check_data_error_type  am_hal_sdhc.o
    0x00019cd0   0x00019cd0   0x00000050   Code   RO          779    .text.am_hal_sdhc_deinitialize  am_hal_sdhc.o
    0x00019d20   0x00019d20   0x000000a8   Code   RO          809    .text.am_hal_sdhc_disable  am_hal_sdhc.o
    0x00019dc8   0x00019dc8   0x00000104   Code   RO          801    .text.am_hal_sdhc_enable  am_hal_sdhc.o
    0x00019ecc   0x00019ecc   0x000001be   Code   RO          813    .text.am_hal_sdhc_execute_cmd  am_hal_sdhc.o
    0x0001a08a   0x0001a08a   0x00000002   PAD
    0x0001a08c   0x0001a08c   0x0000006a   Code   RO          787    .text.am_hal_sdhc_get_cd  am_hal_sdhc.o
    0x0001a0f6   0x0001a0f6   0x00000002   PAD
    0x0001a0f8   0x0001a0f8   0x0000006c   Code   RO          819    .text.am_hal_sdhc_get_cmd_response  am_hal_sdhc.o
    0x0001a164   0x0001a164   0x00000046   Code   RO          354    .text.am_hal_sdhc_host_deinit  am_hal_card_host.o
    0x0001a1aa   0x0001a1aa   0x00000002   PAD
    0x0001a1ac   0x0001a1ac   0x0000005a   Code   RO          358    .text.am_hal_sdhc_host_execute_cmd  am_hal_card_host.o
    0x0001a206   0x0001a206   0x00000002   PAD
    0x0001a208   0x0001a208   0x00000086   Code   RO          352    .text.am_hal_sdhc_host_init  am_hal_card_host.o
    0x0001a28e   0x0001a28e   0x00000002   PAD
    0x0001a290   0x0001a290   0x00000088   Code   RO          777    .text.am_hal_sdhc_initialize  am_hal_sdhc.o
    0x0001a318   0x0001a318   0x000001cc   Code   RO          833    .text.am_hal_sdhc_interrupt_service  am_hal_sdhc.o
    0x0001a4e4   0x0001a4e4   0x00000068   Code   RO          827    .text.am_hal_sdhc_intr_status_clear  am_hal_sdhc.o
    0x0001a54c   0x0001a54c   0x0000006c   Code   RO          783    .text.am_hal_sdhc_intr_status_disable  am_hal_sdhc.o
    0x0001a5b8   0x0001a5b8   0x0000009a   Code   RO          825    .text.am_hal_sdhc_intr_status_get  am_hal_sdhc.o
    0x0001a652   0x0001a652   0x00000002   PAD
    0x0001a654   0x0001a654   0x000000a4   Code   RO          835    .text.am_hal_sdhc_pio_xfer_data  am_hal_sdhc.o
    0x0001a6f8   0x0001a6f8   0x00000168   Code   RO          781    .text.am_hal_sdhc_power_control  am_hal_sdhc.o
    0x0001a860   0x0001a860   0x00000080   Code   RO          847    .text.am_hal_sdhc_prepare_adma_table  am_hal_sdhc.o
    0x0001a8e0   0x0001a8e0   0x000000a4   Code   RO          843    .text.am_hal_sdhc_prepare_cmd  am_hal_sdhc.o
    0x0001a984   0x0001a984   0x0000005c   Code   RO          849    .text.am_hal_sdhc_prepare_sdhci_adma_desc  am_hal_sdhc.o
    0x0001a9e0   0x0001a9e0   0x00000176   Code   RO          845    .text.am_hal_sdhc_prepare_xfer  am_hal_sdhc.o
    0x0001ab56   0x0001ab56   0x00000002   PAD
    0x0001ab58   0x0001ab58   0x00000036   Code   RO          837    .text.am_hal_sdhc_sdma_xfer_data  am_hal_sdhc.o
    0x0001ab8e   0x0001ab8e   0x00000002   PAD
    0x0001ab90   0x0001ab90   0x0000007a   Code   RO          815    .text.am_hal_sdhc_send_cmd  am_hal_sdhc.o
    0x0001ac0a   0x0001ac0a   0x00000002   PAD
    0x0001ac0c   0x0001ac0c   0x00000130   Code   RO          793    .text.am_hal_sdhc_set_bus_clock  am_hal_sdhc.o
    0x0001ad3c   0x0001ad3c   0x000000d0   Code   RO          789    .text.am_hal_sdhc_set_bus_voltage  am_hal_sdhc.o
    0x0001ae0c   0x0001ae0c   0x000000b2   Code   RO          791    .text.am_hal_sdhc_set_bus_width  am_hal_sdhc.o
    0x0001aebe   0x0001aebe   0x00000002   PAD
    0x0001aec0   0x0001aec0   0x0000005a   Code   RO          799    .text.am_hal_sdhc_set_txrx_delay  am_hal_sdhc.o
    0x0001af1a   0x0001af1a   0x00000002   PAD
    0x0001af1c   0x0001af1c   0x0000009e   Code   RO          795    .text.am_hal_sdhc_set_uhs_mode  am_hal_sdhc.o
    0x0001afba   0x0001afba   0x00000002   PAD
    0x0001afbc   0x0001afbc   0x000000ce   Code   RO          785    .text.am_hal_sdhc_setup_host  am_hal_sdhc.o
    0x0001b08a   0x0001b08a   0x00000002   PAD
    0x0001b08c   0x0001b08c   0x0000006c   Code   RO          803    .text.am_hal_sdhc_software_reset  am_hal_sdhc.o
    0x0001b0f8   0x0001b0f8   0x00000078   Code   RO          817    .text.am_hal_sdhc_wait_cmd_done  am_hal_sdhc.o
    0x0001b170   0x0001b170   0x00000220   Code   RO          821    .text.am_hal_sdhc_xfer_data  am_hal_sdhc.o
    0x0001b390   0x0001b390   0x00000098   Code   RO          753    .text.am_hal_tpiu_enable  am_hal_tpiu.o
    0x0001b428   0x0001b428   0x000000da   Code   RO          682    .text.am_hal_uart_buffer_configure  am_hal_uart.o
    0x0001b502   0x0001b502   0x00000002   PAD
    0x0001b504   0x0001b504   0x00000242   Code   RO          688    .text.am_hal_uart_configure  am_hal_uart.o
    0x0001b746   0x0001b746   0x00000002   PAD
    0x0001b748   0x0001b748   0x00000086   Code   RO          692    .text.am_hal_uart_fifo_read  am_hal_uart.o
    0x0001b7ce   0x0001b7ce   0x00000002   PAD
    0x0001b7d0   0x0001b7d0   0x0000006c   Code   RO          694    .text.am_hal_uart_fifo_write  am_hal_uart.o
    0x0001b83c   0x0001b83c   0x000000fa   Code   RO          674    .text.am_hal_uart_initialize  am_hal_uart.o
    0x0001b936   0x0001b936   0x00000002   PAD
    0x0001b938   0x0001b938   0x0000005a   Code   RO          680    .text.am_hal_uart_interrupt_clear  am_hal_uart.o
    0x0001b992   0x0001b992   0x00000002   PAD
    0x0001b994   0x0001b994   0x000001dc   Code   RO          678    .text.am_hal_uart_power_control  am_hal_uart.o
    0x0001bb70   0x0001bb70   0x0000005a   Code   RO          696    .text.am_hal_uart_transfer  am_hal_uart.o
    0x0001bbca   0x0001bbca   0x00000002   PAD
    0x0001bbcc   0x0001bbcc   0x00000036   Code   RO           20    .text.am_sdio_isr   sdio_ap4_plus.o
    0x0001bc02   0x0001bc02   0x00000002   PAD
    0x0001bc04   0x0001bc04   0x00000016   Code   RO          179    .text.am_util_delay_ms  am_util_delay.o
    0x0001bc1a   0x0001bc1a   0x00000002   PAD
    0x0001bc1c   0x0001bc1c   0x00000010   Code   RO          181    .text.am_util_delay_us  am_util_delay.o
    0x0001bc2c   0x0001bc2c   0x0000005c   Code   RO          154    .text.am_util_stdio_printf  am_util_stdio.o
    0x0001bc88   0x0001bc88   0x00000014   Code   RO          126    .text.am_util_stdio_printf_init  am_util_stdio.o
    0x0001bc9c   0x0001bc9c   0x00000654   Code   RO          132    .text.am_util_stdio_vsprintf  am_util_stdio.o
    0x0001c2f0   0x0001c2f0   0x0000007c   Code   RO          700    .text.blocking_read  am_hal_uart.o
    0x0001c36c   0x0001c36c   0x0000007c   Code   RO          698    .text.blocking_write  am_hal_uart.o
    0x0001c3e8   0x0001c3e8   0x00000058   Code   RO          498    .text.buck_ldo_override_init  am_hal_pwrctrl.o
    0x0001c440   0x0001c440   0x00000108   Code   RO          690    .text.config_baudrate  am_hal_uart.o
    0x0001c548   0x0001c548   0x0000002a   Code   RO          628    .text.copy_words    am_hal_dcu.o
    0x0001c572   0x0001c572   0x00000002   PAD
    0x0001c574   0x0001c574   0x00000194   Code   RO          480    .text.crypto_boost_trims  am_hal_pwrctrl.o
    0x0001c708   0x0001c708   0x00000060   Code   RO          488    .text.crypto_quiesce  am_hal_pwrctrl.o
    0x0001c768   0x0001c768   0x0000002e   Code   RO          436    .text.daxi_flush_complete  am_hal_cachectrl.o
    0x0001c796   0x0001c796   0x00000002   PAD
    0x0001c798   0x0001c798   0x0000005a   Code   RO          438    .text.daxi_flush_invalidate  am_hal_cachectrl.o
    0x0001c7f2   0x0001c7f2   0x00000002   PAD
    0x0001c7f4   0x0001c7f4   0x000000a6   Code   RO          134    .text.decstr_to_int  am_util_stdio.o
    0x0001c89a   0x0001c89a   0x00000002   PAD
    0x0001c89c   0x0001c89c   0x00000118   Code   RO          164    .text.divu64_10     am_util_stdio.o
    0x0001c9b4   0x0001c9b4   0x00000170   Code   RO          470    .text.dsp0_memory_config  am_hal_pwrctrl.o
    0x0001cb24   0x0001cb24   0x00000170   Code   RO          472    .text.dsp1_memory_config  am_hal_pwrctrl.o
    0x0001cc94   0x0001cc94   0x00000230   Code   RO          150    .text.ftoa          am_util_stdio.o
    0x0001cec4   0x0001cec4   0x00000084   Code   RO          614    .text.get_raw_dcu_mask  am_hal_dcu.o
    0x0001cf48   0x0001cf48   0x0000008e   Code   RO          610    .text.get_ui32_dcu_mask  am_hal_dcu.o
    0x0001cfd6   0x0001cfd6   0x00000002   PAD
    0x0001cfd8   0x0001cfd8   0x00000068   Code   RO           22    .text.main          sdio_ap4_plus.o
    0x0001d040   0x0001d040   0x0000004c   Code   RO           16    .text.memory_config  sdio_ap4_plus.o
    0x0001d08c   0x0001d08c   0x0000003e   Code   RO          140    .text.ndigits_in_hex  am_util_stdio.o
    0x0001d0ca   0x0001d0ca   0x00000002   PAD
    0x0001d0cc   0x0001d0cc   0x00000030   Code   RO          148    .text.ndigits_in_i64  am_util_stdio.o
    0x0001d0fc   0x0001d0fc   0x0000003c   Code   RO          144    .text.ndigits_in_u64  am_util_stdio.o
    0x0001d138   0x0001d138   0x00000078   Code   RO          704    .text.nonblocking_read  am_hal_uart.o
    0x0001d1b0   0x0001d1b0   0x00000112   Code   RO          720    .text.nonblocking_read_sm  am_hal_uart.o
    0x0001d2c2   0x0001d2c2   0x00000002   PAD
    0x0001d2c4   0x0001d2c4   0x00000074   Code   RO          702    .text.nonblocking_write  am_hal_uart.o
    0x0001d338   0x0001d338   0x00000120   Code   RO          722    .text.nonblocking_write_sm  am_hal_uart.o
    0x0001d458   0x0001d458   0x00000050   Code   RO          138    .text.padbuffer     am_util_stdio.o
    0x0001d4a8   0x0001d4a8   0x000000fc   Code   RO          490    .text.pwrctrl_periph_disable_msk_check  am_hal_pwrctrl.o
    0x0001d5a4   0x0001d5a4   0x00000086   Code   RO          686    .text.read_transaction_save  am_hal_uart.o
    0x0001d62a   0x0001d62a   0x00000002   PAD
    0x0001d62c   0x0001d62c   0x0000004c   Code   RO          724    .text.rx_queue_update  am_hal_uart.o
    0x0001d678   0x0001d678   0x00000088   Code   RO           14    .text.sdio_gpio_config  sdio_ap4_plus.o
    0x0001d700   0x0001d700   0x00000036   Code   RO          136    .text.simple_strlen  am_util_stdio.o
    0x0001d736   0x0001d736   0x00000002   PAD
    0x0001d738   0x0001d738   0x0000006e   Code   RO          726    .text.tx_queue_update  am_hal_uart.o
    0x0001d7a6   0x0001d7a6   0x00000002   PAD
    0x0001d7a8   0x0001d7a8   0x000000c0   Code   RO          142    .text.uint64_to_hexstr  am_util_stdio.o
    0x0001d868   0x0001d868   0x00000088   Code   RO          146    .text.uint64_to_str  am_util_stdio.o
    0x0001d8f0   0x0001d8f0   0x0000008c   Code   RO          684    .text.write_transaction_save  am_hal_uart.o
    0x0001d97c   0x0001d97c   0x00000062   Code   RO          967    x$fpl$d2f           fz_wm.l(d2f.o)
    0x0001d9de   0x0001d9de   0x0000009c   Code   RO          970    x$fpl$dnaninf       fz_wm.l(dnaninf.o)
    0x0001da7a   0x0001da7a   0x0000001a   Code   RO         1061    x$fpl$fpinit        fz_wm.l(fpinit.o)
    0x0001da94   0x0001da94   0x0000000a   Code   RO          972    x$fpl$fretinf       fz_wm.l(fretinf.o)
    0x0001da9e   0x0001da9e   0x00000000   Code   RO          974    x$fpl$usenofp       fz_wm.l(usenofp.o)
    0x0001da9e   0x0001da9e   0x00000003   Data   RO          444    .rodata.am_hal_cachectrl_defaults  am_hal_cachectrl.o
    0x0001daa1   0x0001daa1   0x00000005   Data   RO          445    .rodata.am_hal_daxi_defaults  am_hal_cachectrl.o
    0x0001daa6   0x0001daa6   0x00000002   PAD
    0x0001daa8   0x0001daa8   0x00000220   Data   RO          523    .rodata.am_hal_pwrctrl_peripheral_control  am_hal_pwrctrl.o
    0x0001dcc8   0x0001dcc8   0x00000006   Data   RO          524    .rodata.g_DefaultMcuMemCfg  am_hal_pwrctrl.o
    0x0001dcce   0x0001dcce   0x00000006   Data   RO          525    .rodata.g_DefaultSRAMCfg  am_hal_pwrctrl.o
    0x0001dcd4   0x0001dcd4   0x00000028   Data   RO          950    .rodata.g_am_hal_bootrom_helper  am_hal_bootrom_helper.o
    0x0001dcfc   0x0001dcfc   0x0000000c   Data   RO           80    .rodata.g_sBspUartConfig  bsp.o
    0x0001dd08   0x0001dd08   0x00000010   Data   RO          226    .rodata.g_ui32DSpintbl  am_hal_gpio.o
    0x0001dd18   0x0001dd18   0x0000001c   Data   RO            7    .rodata.sGlobalAccess  am_resources.o
    0x0001dd34   0x0001dd34   0x00000026   Data   RO           36    .rodata.str1.1      sdio_ap4_plus.o
    0x0001dd5a   0x0001dd5a   0x0000004f   Data   RO          363    .rodata.str1.1      am_hal_card_host.o
    0x0001dda9   0x0001dda9   0x00000447   Data   RO          854    .rodata.str1.1      am_hal_sdhc.o
    0x0001e1f0   0x0001e1f0   0x00000014   Data   RO            3    .rodata.ui32DSP0Allowed  am_resources.o
    0x0001e204   0x0001e204   0x00000014   Data   RO            4    .rodata.ui32DSP1Allowed  am_resources.o
    0x0001e218   0x0001e218   0x00000014   Data   RO            2    .rodata.ui32MCUAllowed  am_resources.o
    0x0001e22c   0x0001e22c   0x00000014   Data   RO            5    .rodata.ui32SharedAccess  am_resources.o
    0x0001e240   0x0001e240   0x00000030   Data   RO         1136    Region$$Table       anon$$obj.o


    Execution Region MCU_TCM (Exec base: 0x10000000, Load base: 0x0001e270, Size: 0x00002138, Max: 0x00060000, ABSOLUTE)

    Exec Addr    Load Addr    Size         Type   Attr      Idx    E Section Name        Object

    0x10000000   0x0001e270   0x00000005   Data   RW          446    .data.gDaxiConfig   am_hal_cachectrl.o
    0x10000005   0x0001e275   0x00000003   PAD
    0x10000008   0x0001e278   0x00000008   Data   RW          633    .data.gDcuDisable   am_hal_dcu.o
    0x10000010   0x0001e280   0x00000008   Data   RW          632    .data.gDcuEnable    am_hal_dcu.o
    0x10000018   0x0001e288   0x00000004   Data   RW           75    .data.g_AM_BSP_GPIO_COM_UART_RX  bsp.o
    0x1000001c   0x0001e28c   0x00000004   Data   RW           74    .data.g_AM_BSP_GPIO_COM_UART_TX  bsp.o
    0x10000020   0x0001e290   0x00000004   Data   RW          360    .data.g_CardHosts   am_hal_card_host.o
    0x10000024   0x0001e294   0x00000004   Data   RW           24    .data.g_GPIO_56_SDIO_PWR  sdio_ap4_plus.o
    0x10000028   0x0001e298   0x00000004   Data   RW           30    .data.g_GPIO_83_SDIO_CMD  sdio_ap4_plus.o
    0x1000002c   0x0001e29c   0x00000004   Data   RW           25    .data.g_GPIO_84_SDIO_D0  sdio_ap4_plus.o
    0x10000030   0x0001e2a0   0x00000004   Data   RW           26    .data.g_GPIO_85_SDIO_D1  sdio_ap4_plus.o
    0x10000034   0x0001e2a4   0x00000004   Data   RW           27    .data.g_GPIO_86_SDIO_D2  sdio_ap4_plus.o
    0x10000038   0x0001e2a8   0x00000004   Data   RW           28    .data.g_GPIO_87_SDIO_D3  sdio_ap4_plus.o
    0x1000003c   0x0001e2ac   0x00000004   Data   RW           29    .data.g_GPIO_88_SDIO_CLK  sdio_ap4_plus.o
    0x10000040   0x0001e2b0   0x00000001   Data   RW           78    .data.g_ePrintInterface  bsp.o
    0x10000041   0x0001e2b1   0x00000003   PAD
    0x10000044   0x0001e2b4   0x00000068   Data   RW          361    .data.g_sdhc_card_host  am_hal_card_host.o
    0x100000ac   0x0001e31c   0x0000002c   Data   RW          362    .data.g_sdhc_host_ops  am_hal_card_host.o
    0x100000d8   0x0001e348   0x00000004   Data   RW          521    .data.g_ui32TrimVer  am_hal_pwrctrl.o
    0x100000dc   0x0001e34c   0x00000004   Data   RW          522    .data.g_ui32origSimobuckVDDStrim  am_hal_pwrctrl.o
    0x100000e0   0x0001e350   0x00000004   Data   RW          634    .data.gpDcuEnable   am_hal_dcu.o
    0x100000e4   0x0001e354   0x00000004   Data   RW          635    .data.gpDcuLock     am_hal_dcu.o
    0x100000e8        -       0x00000060   Zero   RW         1001    .bss                c_w.l(libspace.o)
    0x10000148        -       0x00000080   Zero   RW          855    .bss.adma_desc_table  am_hal_sdhc.o
    0x100001c8        -       0x00000004   Zero   RW          630    .bss.gStartOff      am_hal_dcu.o
    0x100001cc        -       0x00000004   Zero   RW           73    .bss.g_AM_BSP_GPIO_ITM_SWO  bsp.o
    0x100001d0        -       0x00000054   Zero   RW          853    .bss.g_SDHCState    am_hal_sdhc.o
    0x10000224        -       0x000002e0   Zero   RW          728    .bss.g_am_hal_uart_states  am_hal_uart.o
    0x10000504        -       0x00000001   Zero   RW          527    .bss.g_bBoostForCryptoApplied  am_hal_pwrctrl.o
    0x10000505        -       0x00000001   Zero   RW          531    .bss.g_bOrigTrimsStored  am_hal_pwrctrl.o
    0x10000506        -       0x00000001   Zero   RW          167    .bss.g_bTxtXlate    am_util_stdio.o
    0x10000507   0x0001e358   0x00000001   PAD
    0x10000508        -       0x00000004   Zero   RW          529    .bss.g_i32LatestLDOActTrim  am_hal_pwrctrl.o
    0x1000050c        -       0x00000004   Zero   RW          528    .bss.g_i32LatestVddfActTrim  am_hal_pwrctrl.o
    0x10000510        -       0x00000004   Zero   RW          532    .bss.g_orig_ACTTRIMVDDF  am_hal_pwrctrl.o
    0x10000514        -       0x00000004   Zero   RW          534    .bss.g_orig_LPTRIMVDDF  am_hal_pwrctrl.o
    0x10000518        -       0x00000004   Zero   RW          533    .bss.g_orig_MEMLDOACTIVETRIM  am_hal_pwrctrl.o
    0x1000051c        -       0x00000004   Zero   RW          535    .bss.g_orig_MEMLPLDOTRIM  am_hal_pwrctrl.o
    0x10000520        -       0x00000004   Zero   RW          536    .bss.g_orig_TVRGVREFTRIM  am_hal_pwrctrl.o
    0x10000524        -       0x00000004   Zero   RW          537    .bss.g_pfTempMeasured  am_hal_pwrctrl.o
    0x10000528        -       0x00000004   Zero   RW          166    .bss.g_pfnCharPrint  am_util_stdio.o
    0x1000052c        -       0x00000400   Zero   RW          168    .bss.g_prfbuf       am_util_stdio.o
    0x1000092c        -       0x00000004   Zero   RW           79    .bss.g_sCOMUART     bsp.o
    0x10000930        -       0x00000004   Zero   RW          530    .bss.g_ui32VDDFAdjustCodes  am_hal_pwrctrl.o
    0x10000934        -       0x00000004   Zero   RW           33    .bss.pSdhcCardHost  sdio_ap4_plus.o
    0x10000938        -       0x00000400   Zero   RW           82    .bss.pui8UartRxBuffer  bsp.o
    0x10000d38        -       0x00000400   Zero   RW           81    .bss.pui8UartTxBuffer  bsp.o
    0x10001138        -       0x00000000   Zero   RW           90    HEAP                startup_keil.o
    0x10001138        -       0x00001000   Zero   RW           89    STACK               startup_keil.o


    Execution Region SHARED_SRAM (Exec base: 0x10060000, Load base: 0x0001e358, Size: 0x00000040, Max: 0x00100000, ABSOLUTE)

    Exec Addr    Load Addr    Size         Type   Attr      Idx    E Section Name        Object

    0x10060000   0x0001e358   0x00000004   Data   RW            8    RESOURCE_TABLE      am_resources.o
    0x10060004   0x0001e35c   0x0000003c   Data   RW            6    SHARED_RW           am_resources.o


==============================================================================

Image component sizes


      Code (inc. data)   RO Data    RW Data    ZI Data      Debug   Object Name

         0          0         40          0          0       1163   am_hal_bootrom_helper.o
       456          4          8          5          0      10072   am_hal_cachectrl.o
       454          0         79        152          0       6078   am_hal_card_host.o
       746          0          0         24          4      67511   am_hal_dcu.o
       114          0         16          0          0     139877   am_hal_gpio.o
        22          0          0          0          0        778   am_hal_interrupt.o
       210          0          0          0          0      20580   am_hal_itm.o
       194          0          0          0          0       2031   am_hal_mram.o
      4404         18        556          8         38      90072   am_hal_pwrctrl.o
       370          0          0          0          0       1962   am_hal_queue.o
        20          0          0          0          0      11298   am_hal_rtc.o
      6184          0       1095          0        212     159959   am_hal_sdhc.o
       152          0          0          0          0      18370   am_hal_tpiu.o
      3714         10          0          0        736      18029   am_hal_uart.o
       274          0          0          0          0      17517   am_hal_utils.o
         0          0        108         64          0       1078   am_resources.o
        38          0          0          0          0        846   am_util_delay.o
      3370        102          0          0       1029       8548   am_util_stdio.o
       832          0         12          9       2056      57131   bsp.o
       370          0         38         28          4     119284   sdio_ap4_plus.o
       592        532          0          0       4096       1272   startup_keil.o

    ----------------------------------------------------------------------
     22624        666       2002        296       8176     753456   Object Totals
         0          0         48          0          0          0   (incl. Generated)
       108          0          2          6          1          0   (incl. Padding)

    ----------------------------------------------------------------------

      Code (inc. data)   RO Data    RW Data    ZI Data      Debug   Library Member Name

         8          0          0          0          0         68   __main.o
         0          0          0          0          0          0   __rtentry.o
        12          0          0          0          0          0   __rtentry2.o
         6          0          0          0          0          0   __rtentry4.o
        52          8          0          0          0          0   __scatter.o
        26          0          0          0          0         68   __scatter_copy.o
        28          0          0          0          0          0   __scatter_zi.o
        18          0          0          0          0         80   exit.o
         6          0          0          0          0        152   heapauxi.o
         0          0          0          0          0          0   indicate_semi.o
         2          0          0          0          0          0   libinit.o
         6          0          0          0          0          0   libinit2.o
         2          0          0          0          0          0   libshutdown.o
         2          0          0          0          0          0   libshutdown2.o
         8          4          0          0         96         68   libspace.o
         2          0          0          0          0          0   rtexit.o
        10          0          0          0          0          0   rtexit2.o
        12          4          0          0          0         68   sys_exit.o
        74          0          0          0          0         80   sys_stackheap_outer.o
         2          0          0          0          0         68   use_no_semi.o
        98          4          0          0          0        140   d2f.o
       156          4          0          0          0        140   dnaninf.o
        26          0          0          0          0        116   fpinit.o
        10          0          0          0          0        116   fretinf.o
         0          0          0          0          0          0   usenofp.o

    ----------------------------------------------------------------------
       574         24          0          0         96       1164   Library Totals
         8          0          0          0          0          0   (incl. Padding)

    ----------------------------------------------------------------------

      Code (inc. data)   RO Data    RW Data    ZI Data      Debug   Library Name

       276         16          0          0         96        652   c_w.l
       290          8          0          0          0        512   fz_wm.l

    ----------------------------------------------------------------------
       574         24          0          0         96       1164   Library Totals

    ----------------------------------------------------------------------

==============================================================================


      Code (inc. data)   RO Data    RW Data    ZI Data      Debug   

     23198        690       2002        296       8272     753604   Grand Totals
     23198        690       2002        296       8272     753604   ELF Image Totals
     23198        690       2002        296          0          0   ROM Totals

==============================================================================

    Total RO  Size (Code + RO Data)                25200 (  24.61kB)
    Total RW  Size (RW Data + ZI Data)              8568 (   8.37kB)
    Total ROM Size (Code + RO Data + RW Data)      25496 (  24.90kB)

==============================================================================

